73.204.40.68 - - [30/May/2018:08:34:37 +0000] "GET /product/2018-airstream-tommy-bahama-27fbq-queen-5/ HTTP/1.0" 200 24959 "https://www.colonialairstream.com/airstreams-for-sale/new-inventory/?type=list&filter-by=-1&sort-by=year&status=" "Mozilla/5.0 (Linux; Android 5.1.1; KFSUWI Build/LVY48F) AppleWebKit/537.36 (KHTML, like Gecko) Silk/66.3.1 like Chrome/66.0.3359.158 Safari/537.36"
54.36.150.39 - - [30/May/2018:08:36:26 +0000] "GET /airstream-ultraleather.html HTTP/1.0" 301 - "-" "Mozilla/5.0 (compatible; AhrefsBot/5.2; +http://ahrefs.com/robot/)"
104.196.249.209 - - [30/May/2018:08:41:29 +0000] "POST /wp-cron.php?doing_wp_cron=1527669689.9241349697113037109375 HTTP/1.0" 200 - "https://www.colonialairstream.com/wp-cron.php?doing_wp_cron=1527669689.9241349697113037109375" "WordPress/4.9.6; https://www.colonialairstream.com"
211.46.182.195 - - [30/May/2018:08:41:29 +0000] "GET /product/2017-airstream-international-serenity-23fb-queen/ HTTP/1.0" 200 28920 "-" "Mozilla/5.0 (Macintosh; Intel Mac OS X 10_13_4) AppleWebKit/605.1.15 (KHTML, like Gecko) Version/11.1 Safari/605.1.15"
211.46.182.195 - - [30/May/2018:08:41:32 +0000] "POST /?wc-ajax=get_refreshed_fragments HTTP/1.0" 200 588 "https://www.colonialairstream.com/product/2017-airstream-international-serenity-23fb-queen/" "Mozilla/5.0 (Macintosh; Intel Mac OS X 10_13_4) AppleWebKit/605.1.15 (KHTML, like Gecko) Version/11.1 Safari/605.1.15"
72.49.86.116 - - [30/May/2018:08:43:28 +0000] "GET /airstreams-trailers-inventory.html HTTP/1.0" 301 - "-" "Mozilla/5.0 (Windows NT 10.0; Win64; x64) AppleWebKit/537.36 (KHTML, like Gecko) Chrome/64.0.3282.140 Safari/537.36 Edge/17.17134"
72.49.86.116 - - [30/May/2018:08:43:29 +0000] "GET /airstreams-for-sale/new-inventory/ HTTP/1.0" 200 35460 "-" "Mozilla/5.0 (Windows NT 10.0; Win64; x64) AppleWebKit/537.36 (KHTML, like Gecko) Chrome/64.0.3282.140 Safari/537.36 Edge/17.17134"
104.196.249.209 - - [30/May/2018:08:43:30 +0000] "GET /inventory-cache/25_.html HTTP/1.0" 200 11570 "-" "-"
104.196.249.209 - - [30/May/2018:08:43:30 +0000] "GET /inventory-cache/inbound_.html HTTP/1.0" 200 2367 "-" "-"
72.49.86.116 - - [30/May/2018:08:43:33 +0000] "POST /?wc-ajax=get_refreshed_fragments HTTP/1.0" 200 588 "https://www.colonialairstream.com/airstreams-for-sale/new-inventory/" "Mozilla/5.0 (Windows NT 10.0; Win64; x64) AppleWebKit/537.36 (KHTML, like Gecko) Chrome/64.0.3282.140 Safari/537.36 Edge/17.17134"
72.49.86.116 - - [30/May/2018:08:43:40 +0000] "GET /product/2018-airstream-classic-30rbq-queen-4/ HTTP/1.0" 200 33160 "https://www.colonialairstream.com/airstreams-for-sale/new-inventory/" "Mozilla/5.0 (Windows NT 10.0; Win64; x64) AppleWebKit/537.36 (KHTML, like Gecko) Chrome/64.0.3282.140 Safari/537.36 Edge/17.17134"
193.201.224.229 - - [30/May/2018:08:43:44 +0000] "GET /newinventory.html HTTP/1.0" 301 - "https://www.colonialairstream.com/newinventory.html" "Mozilla/5.0 (Windows NT 6.3; Win64; x64) AppleWebKit/537.36 (KHTML, like Gecko) Chrome/63.0.3239.84 Safari/537.36"
193.201.224.229 - - [30/May/2018:08:43:57 +0000] "GET /?s= HTTP/1.0" 200 19240 "https://www.colonialairstream.com/?s=" "Mozilla/5.0 (Windows NT 6.3; Win64; x64) AppleWebKit/537.36 (KHTML, like Gecko) Chrome/63.0.3239.84 Safari/537.36"
24.125.210.211 - - [30/May/2018:08:45:10 +0000] "GET /airstreams-for-sale/new-inventory/ HTTP/1.0" 200 35460 "https://www.google.com/" "Mozilla/5.0 (iPhone; CPU iPhone OS 11_3 like Mac OS X) AppleWebKit/605.1.15 (KHTML, like Gecko) Version/11.0 Mobile/15E148 Safari/604.1"
24.125.210.211 - - [30/May/2018:08:45:14 +0000] "POST /?wc-ajax=get_refreshed_fragments HTTP/1.0" 200 588 "https://www.colonialairstream.com/airstreams-for-sale/new-inventory/?gclid=Cj0KCQjwl7nYBRCwARIsAL7O7dEWLJyaq5k-nugED-Hz6go4D3fZp_modL-X1y2ZWSVuTlKj15Ht8U0aAr2AEALw_wcB" "Mozilla/5.0 (iPhone; CPU iPhone OS 11_3 like Mac OS X) AppleWebKit/605.1.15 (KHTML, like Gecko) Version/11.0 Mobile/15E148 Safari/604.1"
47.16.127.76 - - [30/May/2018:08:46:40 +0000] "GET /airstreams-for-sale/new-inventory/ HTTP/1.0" 200 35460 "https://www.colonialairstream.com/" "Mozilla/5.0 (iPad; CPU OS 9_3_5 like Mac OS X) AppleWebKit/601.1.46 (KHTML, like Gecko) Version/9.0 Mobile/13G36 Safari/601.1"
207.46.13.130 - - [30/May/2018:08:47:34 +0000] "GET /product/2018-airstream-atlas-24ms-murphy-suite/ HTTP/1.0" 200 28868 "-" "Mozilla/5.0 (compatible; bingbot/2.0; +http://www.bing.com/bingbot.htm)"
108.171.128.182 - - [30/May/2018:08:48:52 +0000] "GET /airstreams-for-sale/pre-owned-inventory/ HTTP/1.0" 200 23788 "https://www.colonialairstream.com/?s=" "Mozilla/5.0 (Windows NT 6.1; Win64; x64) AppleWebKit/537.36 (KHTML, like Gecko) Chrome/66.0.3359.181 Safari/537.36"
104.196.249.209 - - [30/May/2018:08:48:53 +0000] "GET /inventory-cache/all_.html HTTP/1.0" 200 4248 "-" "-"
108.171.128.182 - - [30/May/2018:08:49:04 +0000] "POST /?wc-ajax=get_refreshed_fragments HTTP/1.0" 200 588 "https://www.colonialairstream.com/airstreams-for-sale/pre-owned-inventory/" "Mozilla/5.0 (Windows NT 6.1; Win64; x64) AppleWebKit/537.36 (KHTML, like Gecko) Chrome/66.0.3359.181 Safari/537.36"
193.106.30.99 - - [30/May/2018:08:50:19 +0000] "GET /airstreams/Panamerica/index.htm HTTP/1.0" 301 - "-" "Mozilla/5.0 (Windows NT 6.1; rv:34.0) Gecko/20100101 Firefox/34.0"
100.0.21.167 - - [30/May/2018:08:50:25 +0000] "GET /airstreams-for-sale/interstate-class-b-touring-coaches/ HTTP/1.0" 200 24118 "http://www.google.com/search?source=hp&ei=UuwLW5LZL8ra5gL4oYDQBQ&q=airstream+interstate&oq=airsream+in&gs_l=mobile-gws-wiz-hp.1.0.0i10l5.4809.14321..15483...0....94.829.11......0....1.......2..0j41j0i131.q5weM65dwP4%3D" "Mozilla/5.0 (Linux; Android 5.1.1; KFDOWI Build/LVY48F) AppleWebKit/537.36 (KHTML, like Gecko) Silk/66.3.1 like Chrome/66.0.3359.158 Safari/537.36"
100.0.21.167 - - [30/May/2018:08:50:30 +0000] "POST /?wc-ajax=get_refreshed_fragments HTTP/1.0" 200 588 "https://www.colonialairstream.com/airstreams-for-sale/interstate-class-b-touring-coaches/?gclid=EAIaIQobChMIorOfhoet2wIVS77ACh0axgm1EAAYASAAEgJlMfD_BwE" "Mozilla/5.0 (Linux; Android 5.1.1; KFDOWI Build/LVY48F) AppleWebKit/537.36 (KHTML, like Gecko) Silk/66.3.1 like Chrome/66.0.3359.158 Safari/537.36"
100.0.21.167 - - [30/May/2018:08:50:30 +0000] "POST /wp-admin/admin-ajax.php HTTP/1.0" 200 1037 "https://www.colonialairstream.com/airstreams-for-sale/interstate-class-b-touring-coaches/?gclid=EAIaIQobChMIorOfhoet2wIVS77ACh0axgm1EAAYASAAEgJlMfD_BwE" "Mozilla/5.0 (Linux; Android 5.1.1; KFDOWI Build/LVY48F) AppleWebKit/537.36 (KHTML, like Gecko) Silk/66.3.1 like Chrome/66.0.3359.158 Safari/537.36"
207.46.13.122 - - [30/May/2018:08:55:08 +0000] "GET /product/2018-airstream-flying-cloud-23fbq-queen-2/ HTTP/1.0" 200 29320 "-" "Mozilla/5.0 (compatible; bingbot/2.0; +http://www.bing.com/bingbot.htm)"
100.0.21.167 - - [30/May/2018:08:56:28 +0000] "GET /airstreams-for-sale/new-inventory/ HTTP/1.0" 200 35460 "https://www.colonialairstream.com/airstreams-for-sale/interstate-class-b-touring-coaches/?gclid=EAIaIQobChMIorOfhoet2wIVS77ACh0axgm1EAAYASAAEgJlMfD_BwE" "Mozilla/5.0 (Linux; Android 5.1.1; KFDOWI Build/LVY48F) AppleWebKit/537.36 (KHTML, like Gecko) Silk/66.3.1 like Chrome/66.0.3359.158 Safari/537.36"
104.196.249.209 - - [30/May/2018:08:56:29 +0000] "GET /inventory-cache/25_.html HTTP/1.0" 200 11570 "-" "-"
104.196.249.209 - - [30/May/2018:08:56:29 +0000] "GET /inventory-cache/inbound_.html HTTP/1.0" 200 2367 "-" "-"
100.0.21.167 - - [30/May/2018:08:56:54 +0000] "GET /product/2018-airstream-atlas-24ms-murphy-suite/ HTTP/1.0" 200 28300 "https://www.colonialairstream.com/airstreams-for-sale/new-inventory/" "Mozilla/5.0 (Linux; Android 5.1.1; KFDOWI Build/LVY48F) AppleWebKit/537.36 (KHTML, like Gecko) Silk/66.3.1 like Chrome/66.0.3359.158 Safari/537.36"
100.0.21.167 - - [30/May/2018:08:57:23 +0000] "POST /wp-admin/admin-ajax.php HTTP/1.0" 200 1037 "https://www.colonialairstream.com/airstreams-for-sale/interstate-class-b-touring-coaches/?gclid=EAIaIQobChMIorOfhoet2wIVS77ACh0axgm1EAAYASAAEgJlMfD_BwE" "Mozilla/5.0 (Linux; Android 5.1.1; KFDOWI Build/LVY48F) AppleWebKit/537.36 (KHTML, like Gecko) Silk/66.3.1 like Chrome/66.0.3359.158 Safari/537.36"
100.0.21.167 - - [30/May/2018:08:57:50 +0000] "GET /product/2018-airstream-basecamp-16nb-15/ HTTP/1.0" 200 26695 "https://www.colonialairstream.com/airstreams-for-sale/new-inventory/" "Mozilla/5.0 (Linux; Android 5.1.1; KFDOWI Build/LVY48F) AppleWebKit/537.36 (KHTML, like Gecko) Silk/66.3.1 like Chrome/66.0.3359.158 Safari/537.36"
100.0.21.167 - - [30/May/2018:08:59:14 +0000] "GET /product/2018-airstream-flying-cloud-25fbt-twin-11/ HTTP/1.0" 200 28831 "https://www.colonialairstream.com/airstreams-for-sale/new-inventory/" "Mozilla/5.0 (Linux; Android 5.1.1; KFDOWI Build/LVY48F) AppleWebKit/537.36 (KHTML, like Gecko) Silk/66.3.1 like Chrome/66.0.3359.158 Safari/537.36"
17.58.100.83 - - [30/May/2018:08:59:16 +0000] "GET /product/2018-airstream-classic-33fbq-queen-9/ HTTP/1.0" 200 31426 "-" "Mozilla/5.0 (Macintosh; Intel Mac OS X 10_10_1) AppleWebKit/600.2.5 (KHTML, like Gecko) Version/8.0.2 Safari/600.2.5 (Applebot/0.1; +http://www.apple.com/go/applebot)"
80.100.45.152 - - [30/May/2018:09:00:02 +0000] "GET /?s= HTTP/1.0" 200 19240 "https://www.colonialrv.com/blog/wax-use-airstream-travel-trailer/" "Mozilla/5.0 (Macintosh; Intel Mac OS X 10_13_4) AppleWebKit/605.1.15 (KHTML, like Gecko) Version/11.1 Safari/605.1.15"
80.100.45.152 - - [30/May/2018:09:00:05 +0000] "POST /?wc-ajax=get_refreshed_fragments HTTP/1.0" 200 588 "https://www.colonialairstream.com/?s=" "Mozilla/5.0 (Macintosh; Intel Mac OS X 10_13_4) AppleWebKit/605.1.15 (KHTML, like Gecko) Version/11.1 Safari/605.1.15"
100.0.21.167 - - [30/May/2018:09:01:03 +0000] "GET /airstreams-for-sale/interstate-class-b-touring-coaches/ HTTP/1.0" 200 24118 "http://www.google.com/search?source=hp&ei=UuwLW5LZL8ra5gL4oYDQBQ&q=airstream+interstate&oq=airsream+in&gs_l=mobile-gws-wiz-hp.1.0.0i10l5.4809.14321..15483...0....94.829.11......0....1.......2..0j41j0i131.q5weM65dwP4%3D" "Mozilla/5.0 (Linux; Android 5.1.1; KFDOWI Build/LVY48F) AppleWebKit/537.36 (KHTML, like Gecko) Silk/66.3.1 like Chrome/66.0.3359.158 Safari/537.36"
100.0.21.167 - - [30/May/2018:09:01:12 +0000] "POST /wp-admin/admin-ajax.php HTTP/1.0" 200 1037 "https://www.colonialairstream.com/airstreams-for-sale/interstate-class-b-touring-coaches/?gclid=EAIaIQobChMIorOfhoet2wIVS77ACh0axgm1EAAYASAAEgJlMfD_BwE" "Mozilla/5.0 (Linux; Android 5.1.1; KFDOWI Build/LVY48F) AppleWebKit/537.36 (KHTML, like Gecko) Silk/66.3.1 like Chrome/66.0.3359.158 Safari/537.36"
157.55.39.80 - - [30/May/2018:09:01:32 +0000] "GET /airstream-rv-trailers-motorhomes/body-shop/ HTTP/1.0" 200 18559 "-" "Mozilla/5.0 (compatible; bingbot/2.0; +http://www.bing.com/bingbot.htm)"
171.33.250.105 - - [30/May/2018:09:05:05 +0000] "GET /product/2019-airstream-nest-16fb/ HTTP/1.0" 200 27773 "-" "Mozilla/5.0 (Windows NT 6.1; Win64; x64) AppleWebKit/537.36 (KHTML, like Gecko) Chrome/66.0.3359.181 Safari/537.36"
171.33.250.105 - - [30/May/2018:09:05:37 +0000] "POST /?wc-ajax=get_refreshed_fragments HTTP/1.0" 200 588 "https://www.colonialairstream.com/product/2019-airstream-nest-16fb/" "Mozilla/5.0 (Windows NT 6.1; Win64; x64) AppleWebKit/537.36 (KHTML, like Gecko) Chrome/66.0.3359.181 Safari/537.36"
108.171.128.182 - - [30/May/2018:09:07:35 +0000] "GET /airstreams-for-sale/pre-owned-inventory/ HTTP/1.0" 200 23788 "-" "Mozilla/5.0 (Windows NT 6.1; Win64; x64) AppleWebKit/537.36 (KHTML, like Gecko) Chrome/66.0.3359.181 Safari/537.36"
104.196.249.209 - - [30/May/2018:09:07:36 +0000] "GET /inventory-cache/all_.html HTTP/1.0" 200 4248 "-" "-"
87.250.224.125 - - [30/May/2018:09:07:45 +0000] "GET / HTTP/1.0" 200 27809 "-" "Mozilla/5.0 (compatible; YandexBot/3.0; +http://yandex.com/bots)"
47.16.127.76 - - [30/May/2018:09:12:33 +0000] "POST /?wc-ajax=get_refreshed_fragments HTTP/1.0" 200 588 "https://www.colonialairstream.com/airstreams-for-sale/new-inventory/" "Mozilla/5.0 (iPad; CPU OS 9_3_5 like Mac OS X) AppleWebKit/601.1.46 (KHTML, like Gecko) Version/9.0 Mobile/13G36 Safari/601.1"
54.36.148.182 - - [30/May/2018:09:13:04 +0000] "GET /product/2012-era-70x-241-winnebago/ HTTP/1.0" 200 22957 "-" "Mozilla/5.0 (compatible; AhrefsBot/5.2; +http://ahrefs.com/robot/)"
47.16.127.76 - - [30/May/2018:09:13:27 +0000] "GET /product/2018-airstream-basecamp-16nb-15/ HTTP/1.0" 200 26695 "https://www.colonialairstream.com/airstreams-for-sale/new-inventory/" "Mozilla/5.0 (iPad; CPU OS 9_3_5 like Mac OS X) AppleWebKit/601.1.46 (KHTML, like Gecko) Version/9.0 Mobile/13G36 Safari/601.1"
66.249.79.157 - - [30/May/2018:09:13:43 +0000] "GET /airstreams-for-sale/pre-owned-inventory/ HTTP/1.0" 200 23788 "-" "Mozilla/5.0 (compatible; Googlebot/2.1; +http://www.google.com/bot.html)"
47.16.127.76 - - [30/May/2018:09:14:56 +0000] "POST /?wc-ajax=get_refreshed_fragments HTTP/1.0" 200 588 "https://www.colonialairstream.com/airstreams-for-sale/new-inventory/" "Mozilla/5.0 (iPad; CPU OS 9_3_5 like Mac OS X) AppleWebKit/601.1.46 (KHTML, like Gecko) Version/9.0 Mobile/13G36 Safari/601.1"
47.16.127.76 - - [30/May/2018:09:15:23 +0000] "GET /product/2018-airstream-sport-22fb-bambi-17/ HTTP/1.0" 200 27158 "https://www.colonialairstream.com/airstreams-for-sale/new-inventory/" "Mozilla/5.0 (iPad; CPU OS 9_3_5 like Mac OS X) AppleWebKit/601.1.46 (KHTML, like Gecko) Version/9.0 Mobile/13G36 Safari/601.1"
73.126.69.195 - - [30/May/2018:09:17:02 +0000] "GET /browserconfig.xml HTTP/1.0" 302 90005 "-" "Mozilla/5.0 (Windows NT 10.0) AppleWebKit/537.36 (KHTML, like Gecko) Chrome/46.0.2486.0 Safari/537.36 Edge/13.10586"
73.126.69.195 - - [30/May/2018:09:17:03 +0000] "GET /?s= HTTP/1.0" 200 19240 "-" "Mozilla/5.0 (Windows NT 10.0) AppleWebKit/537.36 (KHTML, like Gecko) Chrome/46.0.2486.0 Safari/537.36 Edge/13.10586"
99.92.48.56 - - [30/May/2018:09:19:03 +0000] "GET /airstreams-for-sale/new-inventory/ HTTP/1.0" 200 35460 "https://www.google.com/" "Mozilla/5.0 (iPhone; CPU iPhone OS 11_3 like Mac OS X) AppleWebKit/605.1.15 (KHTML, like Gecko) Version/11.0 Mobile/15E148 Safari/604.1"
104.196.249.209 - - [30/May/2018:09:19:04 +0000] "GET /inventory-cache/25_.html HTTP/1.0" 200 11570 "-" "-"
104.196.249.209 - - [30/May/2018:09:19:04 +0000] "GET /inventory-cache/inbound_.html HTTP/1.0" 200 2367 "-" "-"
99.92.48.56 - - [30/May/2018:09:19:07 +0000] "POST /?wc-ajax=get_refreshed_fragments HTTP/1.0" 200 588 "https://www.colonialairstream.com/airstreams-for-sale/new-inventory/?gclid=Cj0KCQjwl7nYBRCwARIsAL7O7dFJK87ejmzIUTRB_o0zImpjCKJnzmg9SJ7KgquCYj9qs996HomGVFgaAsuiEALw_wcB" "Mozilla/5.0 (iPhone; CPU iPhone OS 11_3 like Mac OS X) AppleWebKit/605.1.15 (KHTML, like Gecko) Version/11.0 Mobile/15E148 Safari/604.1"
207.46.13.130 - - [30/May/2018:09:19:31 +0000] "GET /product/2018-airstream-international-serenity-23cb-3/ HTTP/1.0" 200 29106 "-" "Mozilla/5.0 (compatible; bingbot/2.0; +http://www.bing.com/bingbot.htm)"
66.249.79.157 - - [30/May/2018:09:22:02 +0000] "GET /airstreams-for-sale/flying-cloud/ HTTP/1.0" 200 25522 "-" "Mozilla/5.0 (compatible; Googlebot/2.1; +http://www.google.com/bot.html)"
24.245.60.20 - - [30/May/2018:09:30:27 +0000] "GET /airstreams-for-sale/pre-owned-inventory/ HTTP/1.0" 200 23788 "https://www.google.com/" "Mozilla/5.0 (iPad; CPU OS 11_3 like Mac OS X) AppleWebKit/605.1.15 (KHTML, like Gecko) Version/11.0 Mobile/15E148 Safari/604.1"
104.196.249.209 - - [30/May/2018:09:30:28 +0000] "POST /wp-cron.php?doing_wp_cron=1527672628.1978158950805664062500 HTTP/1.0" 200 - "https://www.colonialairstream.com/wp-cron.php?doing_wp_cron=1527672628.1978158950805664062500" "WordPress/4.9.6; https://www.colonialairstream.com"
104.196.249.209 - - [30/May/2018:09:30:29 +0000] "GET /inventory-cache/all_.html HTTP/1.0" 200 4248 "-" "-"
24.245.60.20 - - [30/May/2018:09:30:31 +0000] "POST /?wc-ajax=get_refreshed_fragments HTTP/1.0" 200 588 "https://www.colonialairstream.com/airstreams-for-sale/pre-owned-inventory/" "Mozilla/5.0 (iPad; CPU OS 11_3 like Mac OS X) AppleWebKit/605.1.15 (KHTML, like Gecko) Version/11.0 Mobile/15E148 Safari/604.1"
24.245.60.20 - - [30/May/2018:09:30:53 +0000] "GET /airstreams-for-sale/pre-owned-inventory/?type=list&filter-by=used&sort-by=&status= HTTP/1.0" 200 23801 "https://www.colonialairstream.com/airstreams-for-sale/pre-owned-inventory/" "Mozilla/5.0 (iPad; CPU OS 11_3 like Mac OS X) AppleWebKit/605.1.15 (KHTML, like Gecko) Version/11.0 Mobile/15E148 Safari/604.1"
67.44.209.75 - - [30/May/2018:09:31:00 +0000] "GET / HTTP/1.0" 200 27809 "-" "Mozilla/5.0 (iPad; CPU OS 11_3 like Mac OS X) AppleWebKit/605.1.15 (KHTML, like Gecko) Version/11.0 Mobile/15E148 Safari/604.1"
67.44.209.75 - - [30/May/2018:09:31:06 +0000] "POST /?wc-ajax=get_refreshed_fragments HTTP/1.0" 200 588 "https://www.colonialairstream.com/" "Mozilla/5.0 (iPad; CPU OS 11_3 like Mac OS X) AppleWebKit/605.1.15 (KHTML, like Gecko) Version/11.0 Mobile/15E148 Safari/604.1"
98.2.192.141 - - [30/May/2018:09:31:07 +0000] "POST /?wc-ajax=get_refreshed_fragments HTTP/1.0" 200 588 "https://www.colonialairstream.com/product/2018-airstream-interstate-tommy-bahama-lounge-ext-3/" "Mozilla/5.0 (Windows NT 10.0; Win64; x64) AppleWebKit/537.36 (KHTML, like Gecko) Chrome/66.0.3359.181 Safari/537.36"
69.115.144.161 - - [30/May/2018:09:31:10 +0000] "POST /?wc-ajax=get_refreshed_fragments HTTP/1.0" 200 588 "https://www.colonialairstream.com/airstreams-for-sale/pre-owned-inventory/" "Mozilla/5.0 (iPad; CPU OS 11_2_6 like Mac OS X) AppleWebKit/604.5.6 (KHTML, like Gecko) Version/11.0 Mobile/15D100 Safari/604.1"
67.44.209.75 - - [30/May/2018:09:31:51 +0000] "GET /product/2017-airstream-classic-30j-queen/ HTTP/1.0" 200 29063 "https://www.colonialairstream.com/" "Mozilla/5.0 (iPad; CPU OS 11_3 like Mac OS X) AppleWebKit/605.1.15 (KHTML, like Gecko) Version/11.0 Mobile/15E148 Safari/604.1"
69.115.144.161 - - [30/May/2018:09:32:08 +0000] "GET /sales/ HTTP/1.0" 200 23857 "https://www.colonialairstream.com/airstreams-for-sale/pre-owned-inventory/" "Mozilla/5.0 (iPad; CPU OS 11_2_6 like Mac OS X) AppleWebKit/604.5.6 (KHTML, like Gecko) Version/11.0 Mobile/15D100 Safari/604.1"
67.44.209.75 - - [30/May/2018:09:32:13 +0000] "GET /airstreams-for-sale/new-inventory/ HTTP/1.0" 200 35460 "https://www.colonialairstream.com/" "Mozilla/5.0 (iPad; CPU OS 11_3 like Mac OS X) AppleWebKit/605.1.15 (KHTML, like Gecko) Version/11.0 Mobile/15E148 Safari/604.1"
104.196.249.209 - - [30/May/2018:09:32:14 +0000] "GET /inventory-cache/25_.html HTTP/1.0" 200 11570 "-" "-"
104.196.249.209 - - [30/May/2018:09:32:14 +0000] "GET /inventory-cache/inbound_.html HTTP/1.0" 200 2367 "-" "-"
108.5.60.77 - - [30/May/2018:09:34:15 +0000] "GET /product/2008-jayco-jay-feather-lgt-31-v/ HTTP/1.0" 200 23645 "https://www.colonialairstream.com/airstreams-for-sale/pre-owned-inventory/?type=list&filter-by=uncategorized&sort-by=floor-plan&status=" "Mozilla/5.0 (Linux; Android 8.0.0; SM-G950U Build/R16NW) AppleWebKit/537.36 (KHTML, like Gecko) Chrome/66.0.3359.158 Mobile Safari/537.36"
108.5.60.77 - - [30/May/2018:09:34:16 +0000] "GET /airstreams-for-sale/pre-owned-inventory/?type=list&filter-by=uncategorized&sort-by=floor-plan&status= HTTP/1.0" 200 23818 "https://www.colonialairstream.com/airstreams-for-sale/pre-owned-inventory/?type=list&filter-by=uncategorized&sort-by=&status=" "Mozilla/5.0 (Linux; Android 8.0.0; SM-G950U Build/R16NW) AppleWebKit/537.36 (KHTML, like Gecko) Chrome/66.0.3359.158 Mobile Safari/537.36"
207.46.13.184 - - [30/May/2018:09:34:27 +0000] "GET /airstreams/tommy-bahama-travel-trailer.html HTTP/1.0" 301 - "-" "Mozilla/5.0 (compatible; bingbot/2.0; +http://www.bing.com/bingbot.htm)"
146.185.223.79 - - [30/May/2018:09:36:36 +0000] "GET /airstreams/Panamerica/index.htm HTTP/1.0" 301 - "-" "Mozilla/5.0 (Windows NT 10.0; Win64; x64) AppleWebKit/537.36 (KHTML, like Gecko) Chrome/61.0.3163.100 Safari/537.36"
146.185.223.79 - - [30/May/2018:09:36:37 +0000] "GET /airstreams-for-sale/new-inventory/ HTTP/1.0" 200 35460 "https://www.colonialairstream.com/airstreams/Panamerica/index.htm" "Mozilla/5.0 (Windows NT 10.0; Win64; x64) AppleWebKit/537.36 (KHTML, like Gecko) Chrome/61.0.3163.100 Safari/537.36"
146.185.223.79 - - [30/May/2018:09:36:41 +0000] "GET /?p=13212 HTTP/1.0" 301 - "https://www.colonialairstream.com/airstreams-for-sale/new-inventory/" "Mozilla/5.0 (Windows NT 10.0; Win64; x64) AppleWebKit/537.36 (KHTML, like Gecko) Chrome/61.0.3163.100 Safari/537.36"
173.19.88.51 - - [30/May/2018:09:36:54 +0000] "GET /airstreams-for-sale/pre-owned-inventory/ HTTP/1.0" 200 23788 "https://www.google.com/" "Mozilla/5.0 (iPhone; CPU iPhone OS 11_2_1 like Mac OS X) AppleWebKit/604.4.7 (KHTML, like Gecko) Version/11.0 Mobile/15C153 Safari/604.1"
173.19.88.51 - - [30/May/2018:09:36:58 +0000] "POST /?wc-ajax=get_refreshed_fragments HTTP/1.0" 200 588 "https://www.colonialairstream.com/airstreams-for-sale/pre-owned-inventory/" "Mozilla/5.0 (iPhone; CPU iPhone OS 11_2_1 like Mac OS X) AppleWebKit/604.4.7 (KHTML, like Gecko) Version/11.0 Mobile/15C153 Safari/604.1"
104.196.249.209 - - [30/May/2018:09:38:02 +0000] "POST /wp-cron.php?doing_wp_cron=1527673082.9813899993896484375000 HTTP/1.0" 200 - "https://www.colonialairstream.com/wp-cron.php?doing_wp_cron=1527673082.9813899993896484375000" "WordPress/4.9.6; https://www.colonialairstream.com"
95.221.142.169 - - [30/May/2018:09:38:02 +0000] "GET /airstreams-for-sale/flying-cloud/ HTTP/1.0" 200 25522 "http://yandex.ru/clck/jsredir?from=yandex.ru%3Bsearch%3Bweb%3B%3B&text=&etext=1804.j0pegqi7W9ntst8O7JsAlF7fq5v6P_UzjM29tZ3ivghPx8JS4rrr_ypxy7ojOiJe.128a82d411290d593166cd8a8c374c850b853cfb&uuid=&state=_BLhILn4SxNIvvL0W45KSic66uCIg23qh8iRG98qeIXmeppkgUc0YFUVNhHyyhJgRFg5yeLMIWU&data=UlNrNmk5WktYejY4cHFySjRXSWhXR1I2QWxwQ0hJV3JhQkxucVNCMTh1U3FSeUE4ZkFqQ0tLSENHTnBzSUpXTm9uWnBMY2VrN0lwSXoyWW5KLTNtNzlHbmt0RFF6SnJ2YmczN1ZTczRHaGRPcDFIQTUzZEJBX191RG9aYlBHRksxOHRoWTZLeVpLYTNKdmIzOFR1eFZSY3Z3NDZXWTI5cUVqWm5KWlFacmZN&b64e=2&sign=b458607d330a3441782b117187383e51&keyno=0&cst=AiuY0DBWFJ7IXge4WdYJQULnoVAFacUfbKkEsqzkqaXW-VlPj_UOnbebwGsjb5cb69vZ02y4IoNzaFqnQQiNGdoFL-LTu2ppEq2-qrSKaSNqX6uWUfh6CpINsnDQ3ZMw_j0sFUddGVbLyveKrU38aPCwP0CI5cFv&ref=orjY4mGPRjk5boDnW0uvlrrd71vZw9kp5uQozpMtKCX9U1h5sqoIOxpB4Q1-DHzjRvCIAlZ-FvZZeNFCLXC8L3aIgLBSPSrh7WS64PnivuJ7hZVhwmYDJcFGf_FOv3Qetej026mUacs&l10n=ru&cts=1527672159687&mc=5.16389997208" "Mozilla/4.0 (compatible; MSIE 8.0; Windows NT 5.1; Trident/4.0; .NET CLR 2.0.50727; .NET CLR 3.0.4506.2152; .NET CLR 3.5.30729; .NET4.0C; .NET4.0E)"
193.106.30.99 - - [30/May/2018:09:41:20 +0000] "GET / HTTP/1.0" 200 27809 "-" "Mozilla/5.0 (Windows NT 6.1; rv:34.0) Gecko/20100101 Firefox/34.0"
207.46.13.130 - - [30/May/2018:09:42:08 +0000] "GET /2016-airstream/flying-cloud-for-sale/10597/index.html HTTP/1.0" 404 60 "-" "Mozilla/5.0 (compatible; bingbot/2.0; +http://www.bing.com/bingbot.htm)"
104.196.249.209 - - [30/May/2018:09:42:09 +0000] "POST /wp-cron.php?doing_wp_cron=1527673329.2194519042968750000000 HTTP/1.0" 200 - "https://www.colonialairstream.com/wp-cron.php?doing_wp_cron=1527673329.2194519042968750000000" "WordPress/4.9.6; https://www.colonialairstream.com"
68.228.23.167 - - [30/May/2018:09:43:06 +0000] "POST /?wc-ajax=get_refreshed_fragments HTTP/1.0" 200 588 "https://www.colonialairstream.com/airstreams-for-sale/pre-owned-inventory/" "Mozilla/5.0 (iPhone; CPU iPhone OS 11_3 like Mac OS X) AppleWebKit/605.1.15 (KHTML, like Gecko) Version/11.0 Mobile/15E148 Safari/604.1"
68.228.23.167 - - [30/May/2018:09:43:25 +0000] "GET /product/2017-airstream-classic-30j-queen/ HTTP/1.0" 200 29063 "https://www.colonialairstream.com/airstreams-for-sale/pre-owned-inventory/" "Mozilla/5.0 (iPhone; CPU iPhone OS 11_3 like Mac OS X) AppleWebKit/605.1.15 (KHTML, like Gecko) Version/11.0 Mobile/15E148 Safari/604.1"
68.228.23.167 - - [30/May/2018:09:44:06 +0000] "GET /product/2014-airstream-sport-16j-bambi-3/ HTTP/1.0" 200 26524 "https://www.colonialairstream.com/airstreams-for-sale/pre-owned-inventory/" "Mozilla/5.0 (iPhone; CPU iPhone OS 11_3 like Mac OS X) AppleWebKit/605.1.15 (KHTML, like Gecko) Version/11.0 Mobile/15E148 Safari/604.1"
100.16.3.147 - - [30/May/2018:09:44:07 +0000] "POST /?wc-ajax=get_refreshed_fragments HTTP/1.0" 200 588 "https://www.colonialairstream.com/" "Mozilla/5.0 (Windows NT 10.0; Win64; x64) AppleWebKit/537.36 (KHTML, like Gecko) Chrome/66.0.3359.181 Safari/537.36"
100.16.3.147 - - [30/May/2018:09:44:38 +0000] "GET /airstreams-for-sale/pre-owned-inventory/ HTTP/1.0" 200 23788 "https://www.colonialairstream.com/" "Mozilla/5.0 (Windows NT 10.0; Win64; x64) AppleWebKit/537.36 (KHTML, like Gecko) Chrome/66.0.3359.181 Safari/537.36"
104.196.249.209 - - [30/May/2018:09:44:39 +0000] "GET /inventory-cache/all_.html HTTP/1.0" 200 4248 "-" "-"
68.228.23.167 - - [30/May/2018:09:44:45 +0000] "GET /product/2018-airstream-sport-22fb-bambi-20/ HTTP/1.0" 200 26991 "https://www.colonialairstream.com/airstreams-for-sale/pre-owned-inventory/" "Mozilla/5.0 (iPhone; CPU iPhone OS 11_3 like Mac OS X) AppleWebKit/605.1.15 (KHTML, like Gecko) Version/11.0 Mobile/15E148 Safari/604.1"
217.73.208.146 - - [30/May/2018:09:44:51 +0000] "GET /product/2018-airstream-sport-16rb-bambi-24/ HTTP/1.0" 200 27997 "-" "istellabot/t.1.13"
100.16.3.147 - - [30/May/2018:09:45:02 +0000] "GET /product/2014-airstream-sport-16j-bambi-4/ HTTP/1.0" 200 26792 "https://www.colonialairstream.com/airstreams-for-sale/pre-owned-inventory/" "Mozilla/5.0 (Windows NT 10.0; Win64; x64) AppleWebKit/537.36 (KHTML, like Gecko) Chrome/66.0.3359.181 Safari/537.36"
100.16.3.147 - - [30/May/2018:09:46:02 +0000] "GET /product/2016-airstream-international-serenity-23fb-queen/ HTTP/1.0" 200 29126 "https://www.colonialairstream.com/" "Mozilla/5.0 (Windows NT 10.0; Win64; x64) AppleWebKit/537.36 (KHTML, like Gecko) Chrome/66.0.3359.181 Safari/537.36"
207.46.13.184 - - [30/May/2018:09:47:08 +0000] "GET /product/2014-airstream-international-sterling-25fb-queen/ HTTP/1.0" 200 27520 "-" "Mozilla/5.0 (compatible; bingbot/2.0; +http://www.bing.com/bingbot.htm)"
207.46.13.130 - - [30/May/2018:09:47:18 +0000] "GET /product/2016-airstream-international-serenity-23fb-queen/ HTTP/1.0" 200 29126 "-" "Mozilla/5.0 (compatible; bingbot/2.0; +http://www.bing.com/bingbot.htm)"
207.46.13.236 - - [30/May/2018:09:47:23 +0000] "GET /airstreams-for-sale/atlas-class-b-touring-coaches/ HTTP/1.0" 200 24991 "-" "Mozilla/5.0 (compatible; bingbot/2.0; +http://www.bing.com/bingbot.htm)"
207.46.13.122 - - [30/May/2018:09:49:04 +0000] "GET /2016-airstream/international-signature-for-sale/10729/index.html HTTP/1.0" 404 60 "-" "Mozilla/5.0 (compatible; bingbot/2.0; +http://www.bing.com/bingbot.htm)"
207.46.13.184 - - [30/May/2018:09:49:10 +0000] "GET /2016-airstream/flying-cloud-for-sale/10472/index.html HTTP/1.0" 404 60 "-" "Mozilla/5.0 (compatible; bingbot/2.0; +http://www.bing.com/bingbot.htm)"
24.21.40.19 - - [30/May/2018:09:49:35 +0000] "GET /?s= HTTP/1.0" 200 19240 "https://www.colonialrv.com/blog/wax-use-airstream-travel-trailer/" "Mozilla/5.0 (iPhone; CPU iPhone OS 11_4 like Mac OS X) AppleWebKit/605.1.15 (KHTML, like Gecko) Version/11.0 Mobile/15E148 Safari/604.1"
157.55.39.80 - - [30/May/2018:09:51:01 +0000] "GET /product/2018-airstream-interstate-tommy-bahama-lounge-ext-3/ HTTP/1.0" 200 30265 "-" "Mozilla/5.0 (compatible; bingbot/2.0; +http://www.bing.com/bingbot.htm)"
104.179.169.63 - - [30/May/2018:09:51:58 +0000] "GET /airstreams-for-sale/new-inventory/ HTTP/1.0" 200 35460 "https://www.colonialairstream.com/airstreams-for-sale/inventory-directory/" "Mozilla/5.0 (Linux; Android 5.1.1; SM-T900 Build/LMY47X) AppleWebKit/537.36 (KHTML, like Gecko) Chrome/66.0.3359.158 Safari/537.36"
104.196.249.209 - - [30/May/2018:09:51:59 +0000] "GET /inventory-cache/25_.html HTTP/1.0" 200 11570 "-" "-"
104.196.249.209 - - [30/May/2018:09:51:59 +0000] "GET /inventory-cache/inbound_.html HTTP/1.0" 200 2367 "-" "-"
104.179.169.63 - - [30/May/2018:09:52:23 +0000] "GET /product/2018-airstream-flying-cloud-25fbt-twin-15/ HTTP/1.0" 200 28858 "https://www.colonialairstream.com/airstreams-for-sale/new-inventory/" "Mozilla/5.0 (Linux; Android 5.1.1; SM-T900 Build/LMY47X) AppleWebKit/537.36 (KHTML, like Gecko) Chrome/66.0.3359.158 Safari/537.36"
66.249.79.155 - - [30/May/2018:09:52:26 +0000] "GET /page-sitemap.xml HTTP/1.0" 200 2594 "-" "Mozilla/5.0 (compatible; Googlebot/2.1; +http://www.google.com/bot.html)"
24.115.128.67 - - [30/May/2018:09:53:04 +0000] "GET / HTTP/1.0" 200 27809 "-" "Mozilla/5.0 (Macintosh; Intel Mac OS X 10_11_6) AppleWebKit/604.5.6 (KHTML, like Gecko) Version/11.0.3 Safari/604.5.6"
130.86.98.66 - - [30/May/2018:09:53:08 +0000] "GET /airstreams-for-sale/nest-travel-trailer/ HTTP/1.0" 200 24714 "https://duckduckgo.com/" "Mozilla/5.0 (Macintosh; Intel Mac OS X 10_13_4) AppleWebKit/605.1.15 (KHTML, like Gecko) Version/11.1 Safari/605.1.15"
130.86.98.66 - - [30/May/2018:09:53:11 +0000] "POST /?wc-ajax=get_refreshed_fragments HTTP/1.0" 200 588 "https://www.colonialairstream.com/airstreams-for-sale/nest-travel-trailer/" "Mozilla/5.0 (Macintosh; Intel Mac OS X 10_13_4) AppleWebKit/605.1.15 (KHTML, like Gecko) Version/11.1 Safari/605.1.15"
130.86.98.66 - - [30/May/2018:09:53:11 +0000] "POST /wp-admin/admin-ajax.php HTTP/1.0" 200 1030 "https://www.colonialairstream.com/airstreams-for-sale/nest-travel-trailer/" "Mozilla/5.0 (Macintosh; Intel Mac OS X 10_13_4) AppleWebKit/605.1.15 (KHTML, like Gecko) Version/11.1 Safari/605.1.15"
130.86.98.66 - - [30/May/2018:09:53:11 +0000] "POST /wp-admin/admin-ajax.php HTTP/1.0" 200 1213 "https://www.colonialairstream.com/airstreams-for-sale/nest-travel-trailer/" "Mozilla/5.0 (Macintosh; Intel Mac OS X 10_13_4) AppleWebKit/605.1.15 (KHTML, like Gecko) Version/11.1 Safari/605.1.15"
76.101.29.57 - - [30/May/2018:09:55:14 +0000] "GET /airstreams-for-sale/pre-owned-inventory/ HTTP/1.0" 200 23788 "https://www.google.com/" "Mozilla/5.0 (Windows NT 6.1; Win64; x64) AppleWebKit/537.36 (KHTML, like Gecko) Chrome/66.0.3359.181 Safari/537.36"
104.196.249.209 - - [30/May/2018:09:55:15 +0000] "GET /inventory-cache/all_.html HTTP/1.0" 200 4248 "-" "-"
76.101.29.57 - - [30/May/2018:09:55:16 +0000] "POST /?wc-ajax=get_refreshed_fragments HTTP/1.0" 200 588 "https://www.colonialairstream.com/airstreams-for-sale/pre-owned-inventory/" "Mozilla/5.0 (Windows NT 6.1; Win64; x64) AppleWebKit/537.36 (KHTML, like Gecko) Chrome/66.0.3359.181 Safari/537.36"
76.101.29.57 - - [30/May/2018:09:55:39 +0000] "GET /product/2014-airstream-flying-cloud-25fbq-queen/ HTTP/1.0" 200 29620 "https://www.colonialairstream.com/airstreams-for-sale/pre-owned-inventory/" "Mozilla/5.0 (Windows NT 6.1; Win64; x64) AppleWebKit/537.36 (KHTML, like Gecko) Chrome/66.0.3359.181 Safari/537.36"
24.115.128.67 - - [30/May/2018:09:55:42 +0000] "GET /airstreams-for-sale/pre-owned-inventory/ HTTP/1.0" 200 23788 "https://www.colonialairstream.com/product/2018-airstream-flying-cloud-30rbt-twin-2/" "Mozilla/5.0 (iPad; CPU OS 11_3 like Mac OS X) AppleWebKit/605.1.15 (KHTML, like Gecko) Version/11.0 Mobile/15E148 Safari/604.1"
76.101.29.57 - - [30/May/2018:09:55:56 +0000] "GET /product/2008-airstream-international-signature-16j-bambi/ HTTP/1.0" 200 25499 "https://www.colonialairstream.com/airstreams-for-sale/pre-owned-inventory/" "Mozilla/5.0 (Windows NT 6.1; Win64; x64) AppleWebKit/537.36 (KHTML, like Gecko) Chrome/66.0.3359.181 Safari/537.36"
157.55.39.80 - - [30/May/2018:09:56:03 +0000] "GET /product/2016-airstream-flying-cloud-20c-bambi-2/ HTTP/1.0" 200 28409 "-" "Mozilla/5.0 (compatible; bingbot/2.0; +http://www.bing.com/bingbot.htm)"
157.55.39.80 - - [30/May/2018:09:56:04 +0000] "GET /product/2016-airstream-flying-cloud-25b-queen/ HTTP/1.0" 200 28378 "-" "Mozilla/5.0 (compatible; bingbot/2.0; +http://www.bing.com/bingbot.htm)"
207.46.13.223 - - [30/May/2018:09:56:07 +0000] "GET /product/2018-airstream-sport-16rb-bambi-20/ HTTP/1.0" 200 25408 "-" "Mozilla/5.0 (compatible; bingbot/2.0; +http://www.bing.com/bingbot.htm)"
207.46.13.223 - - [30/May/2018:09:56:08 +0000] "GET /product/2005-dutchmen-dorado-24bbf/ HTTP/1.0" 200 26239 "-" "Mozilla/5.0 (compatible; bingbot/2.0; +http://www.bing.com/bingbot.htm)"
40.77.167.87 - - [30/May/2018:09:56:12 +0000] "GET /product/2018-winnebago-micro-minnie-2106fbs/ HTTP/1.0" 200 21367 "-" "Mozilla/5.0 (compatible; bingbot/2.0; +http://www.bing.com/bingbot.htm)"
40.77.167.87 - - [30/May/2018:09:56:14 +0000] "GET /product/2014-airstream-flying-cloud-25fbq-queen/ HTTP/1.0" 200 29620 "-" "Mozilla/5.0 (compatible; bingbot/2.0; +http://www.bing.com/bingbot.htm)"
40.77.167.87 - - [30/May/2018:09:56:15 +0000] "GET /product/2018-airstream-flying-cloud-23cb-5/ HTTP/1.0" 200 28549 "-" "Mozilla/5.0 (compatible; bingbot/2.0; +http://www.bing.com/bingbot.htm)"
207.46.13.93 - - [30/May/2018:09:56:17 +0000] "GET /product/2014-airstream-sport-16j-bambi-4/ HTTP/1.0" 200 26792 "-" "Mozilla/5.0 (compatible; bingbot/2.0; +http://www.bing.com/bingbot.htm)"
130.86.98.66 - - [30/May/2018:09:56:38 +0000] "GET /airstreams-for-sale/airstream-sport/ HTTP/1.0" 200 24656 "https://www.colonialairstream.com/airstreams-for-sale/nest-travel-trailer/" "Mozilla/5.0 (Macintosh; Intel Mac OS X 10_13_4) AppleWebKit/605.1.15 (KHTML, like Gecko) Version/11.1 Safari/605.1.15"
130.86.98.66 - - [30/May/2018:09:56:40 +0000] "POST /wp-admin/admin-ajax.php HTTP/1.0" 200 1036 "https://www.colonialairstream.com/airstreams-for-sale/airstream-sport/" "Mozilla/5.0 (Macintosh; Intel Mac OS X 10_13_4) AppleWebKit/605.1.15 (KHTML, like Gecko) Version/11.1 Safari/605.1.15"
130.86.98.66 - - [30/May/2018:09:56:40 +0000] "POST /wp-admin/admin-ajax.php HTTP/1.0" 200 999 "https://www.colonialairstream.com/airstreams-for-sale/airstream-sport/" "Mozilla/5.0 (Macintosh; Intel Mac OS X 10_13_4) AppleWebKit/605.1.15 (KHTML, like Gecko) Version/11.1 Safari/605.1.15"
37.187.132.5 - - [30/May/2018:09:56:41 +0000] "GET /?s= HTTP/1.0" 200 19240 "colonialrv.com" "Mozilla/5.1 (Windows NT 6.0; WOW64) AppleWebKit/533.36 (KHTML, like Gecko) Chrome/46.0.2754.75 Safari/533.36"
24.115.128.67 - - [30/May/2018:09:56:44 +0000] "GET /product/2018-airstream-sport-22fb-bambi-20/ HTTP/1.0" 200 26991 "https://www.colonialairstream.com/airstreams-for-sale/pre-owned-inventory/" "Mozilla/5.0 (iPad; CPU OS 11_3 like Mac OS X) AppleWebKit/605.1.15 (KHTML, like Gecko) Version/11.0 Mobile/15E148 Safari/604.1"
207.46.13.236 - - [30/May/2018:09:58:25 +0000] "GET /airstreams-for-sale/eddie-bauer/9922/index.html HTTP/1.0" 404 60 "-" "Mozilla/5.0 (compatible; bingbot/2.0; +http://www.bing.com/bingbot.htm)"
24.115.128.67 - - [30/May/2018:09:58:31 +0000] "POST /?wc-ajax=get_refreshed_fragments HTTP/1.0" 200 588 "https://www.colonialairstream.com/airstreams-for-sale/pre-owned-inventory/" "Mozilla/5.0 (iPad; CPU OS 11_3 like Mac OS X) AppleWebKit/605.1.15 (KHTML, like Gecko) Version/11.0 Mobile/15E148 Safari/604.1"
130.86.98.66 - - [30/May/2018:10:00:14 +0000] "GET /airstreams-for-sale/airstream-basecamp/ HTTP/1.0" 200 24060 "https://www.colonialairstream.com/airstreams-for-sale/airstream-sport/" "Mozilla/5.0 (Macintosh; Intel Mac OS X 10_13_4) AppleWebKit/605.1.15 (KHTML, like Gecko) Version/11.1 Safari/605.1.15"
130.86.98.66 - - [30/May/2018:10:00:16 +0000] "POST /wp-admin/admin-ajax.php HTTP/1.0" 200 960 "https://www.colonialairstream.com/airstreams-for-sale/airstream-basecamp/" "Mozilla/5.0 (Macintosh; Intel Mac OS X 10_13_4) AppleWebKit/605.1.15 (KHTML, like Gecko) Version/11.1 Safari/605.1.15"
130.86.98.66 - - [30/May/2018:10:00:16 +0000] "POST /wp-admin/admin-ajax.php HTTP/1.0" 200 1139 "https://www.colonialairstream.com/airstreams-for-sale/airstream-basecamp/" "Mozilla/5.0 (Macintosh; Intel Mac OS X 10_13_4) AppleWebKit/605.1.15 (KHTML, like Gecko) Version/11.1 Safari/605.1.15"
104.196.249.209 - - [30/May/2018:10:00:40 +0000] "POST /wp-cron.php?doing_wp_cron=1527674440.9509720802307128906250 HTTP/1.0" 200 - "https://www.colonialairstream.com/wp-cron.php?doing_wp_cron=1527674440.9509720802307128906250" "WordPress/4.9.6; https://www.colonialairstream.com"
54.36.149.35 - - [30/May/2018:10:00:40 +0000] "GET /product/2002-roadtrek-190-popular-1911/ HTTP/1.0" 200 22413 "-" "Mozilla/5.0 (compatible; AhrefsBot/5.2; +http://ahrefs.com/robot/)"
107.77.192.235 - - [30/May/2018:10:08:09 +0000] "GET /airstreams-for-sale/pre-owned-inventory/ HTTP/1.0" 200 23788 "https://www.colonialrv.com/" "Mozilla/5.0 (iPhone; CPU iPhone OS 11_2_6 like Mac OS X) AppleWebKit/604.5.6 (KHTML, like Gecko) Version/11.0 Mobile/15D100 Safari/604.1"
104.196.249.209 - - [30/May/2018:10:08:10 +0000] "POST /wp-cron.php?doing_wp_cron=1527674890.3360118865966796875000 HTTP/1.0" 200 - "https://www.colonialairstream.com/wp-cron.php?doing_wp_cron=1527674890.3360118865966796875000" "WordPress/4.9.6; https://www.colonialairstream.com"
104.196.249.209 - - [30/May/2018:10:08:11 +0000] "GET /inventory-cache/all_.html HTTP/1.0" 200 4248 "-" "-"
107.77.192.235 - - [30/May/2018:10:08:13 +0000] "POST /?wc-ajax=get_refreshed_fragments HTTP/1.0" 200 588 "https://www.colonialairstream.com/airstreams-for-sale/pre-owned-inventory/" "Mozilla/5.0 (iPhone; CPU iPhone OS 11_2_6 like Mac OS X) AppleWebKit/604.5.6 (KHTML, like Gecko) Version/11.0 Mobile/15D100 Safari/604.1"
107.77.192.235 - - [30/May/2018:10:08:26 +0000] "GET /airstreams-for-sale/pre-owned-inventory/?type=list&filter-by=used&sort-by=&status= HTTP/1.0" 200 23801 "https://www.colonialairstream.com/airstreams-for-sale/pre-owned-inventory/" "Mozilla/5.0 (iPhone; CPU iPhone OS 11_2_6 like Mac OS X) AppleWebKit/604.5.6 (KHTML, like Gecko) Version/11.0 Mobile/15D100 Safari/604.1"
77.75.77.62 - - [30/May/2018:10:09:11 +0000] "GET /product/2018-airstream-interstate-tommy-bahama-lounge-ext-2/ HTTP/1.0" 200 28115 "-" "Mozilla/5.0 (compatible; SeznamBot/3.2; +http://napoveda.seznam.cz/en/seznambot-intro/)"
77.75.77.62 - - [30/May/2018:10:09:33 +0000] "GET /blog/insight-winnebago-travato/ HTTP/1.0" 200 19563 "-" "Mozilla/5.0 (compatible; SeznamBot/3.2; +http://napoveda.seznam.cz/en/seznambot-intro/)"
77.75.77.62 - - [30/May/2018:10:09:38 +0000] "GET /blog/mercedes-benz-rv-dealer/ HTTP/1.0" 200 19722 "-" "Mozilla/5.0 (compatible; SeznamBot/3.2; +http://napoveda.seznam.cz/en/seznambot-intro/)"
77.75.77.62 - - [30/May/2018:10:09:42 +0000] "GET /product-category/new/page/4/ HTTP/1.0" 200 18833 "-" "Mozilla/5.0 (compatible; SeznamBot/3.2; +http://napoveda.seznam.cz/en/seznambot-intro/)"
77.75.77.62 - - [30/May/2018:10:09:49 +0000] "GET /blog/category/colonial-news/ HTTP/1.0" 200 19656 "-" "Mozilla/5.0 (compatible; SeznamBot/3.2; +http://napoveda.seznam.cz/en/seznambot-intro/)"
77.75.77.62 - - [30/May/2018:10:09:55 +0000] "GET /blog/the-ultimate-freedom/ HTTP/1.0" 200 19563 "-" "Mozilla/5.0 (compatible; SeznamBot/3.2; +http://napoveda.seznam.cz/en/seznambot-intro/)"
77.75.77.62 - - [30/May/2018:10:09:59 +0000] "GET /blog/tag/motorhome/ HTTP/1.0" 200 17985 "-" "Mozilla/5.0 (compatible; SeznamBot/3.2; +http://napoveda.seznam.cz/en/seznambot-intro/)"
130.86.98.66 - - [30/May/2018:10:10:01 +0000] "GET /airstreams-for-sale/nest-travel-trailer/ HTTP/1.0" 200 24714 "https://www.colonialairstream.com/airstreams-for-sale/airstream-basecamp/" "Mozilla/5.0 (Macintosh; Intel Mac OS X 10_13_4) AppleWebKit/605.1.15 (KHTML, like Gecko) Version/11.1 Safari/605.1.15"
130.86.98.66 - - [30/May/2018:10:10:03 +0000] "POST /wp-admin/admin-ajax.php HTTP/1.0" 200 1030 "https://www.colonialairstream.com/airstreams-for-sale/nest-travel-trailer/" "Mozilla/5.0 (Macintosh; Intel Mac OS X 10_13_4) AppleWebKit/605.1.15 (KHTML, like Gecko) Version/11.1 Safari/605.1.15"
130.86.98.66 - - [30/May/2018:10:10:03 +0000] "POST /wp-admin/admin-ajax.php HTTP/1.0" 200 1213 "https://www.colonialairstream.com/airstreams-for-sale/nest-travel-trailer/" "Mozilla/5.0 (Macintosh; Intel Mac OS X 10_13_4) AppleWebKit/605.1.15 (KHTML, like Gecko) Version/11.1 Safari/605.1.15"
73.251.112.185 - - [30/May/2018:10:10:05 +0000] "GET /airstreams-for-sale/interstate-class-b-touring-coaches/ HTTP/1.0" 200 24118 "https://www.google.com/" "Mozilla/5.0 (iPhone; CPU iPhone OS 11_3 like Mac OS X) AppleWebKit/605.1.15 (KHTML, like Gecko) Version/11.0 Mobile/15E148 Safari/604.1"
73.251.112.185 - - [30/May/2018:10:10:15 +0000] "POST /?wc-ajax=get_refreshed_fragments HTTP/1.0" 200 588 "https://www.colonialairstream.com/airstreams-for-sale/interstate-class-b-touring-coaches/?gclid=EAIaIQobChMIv46I6Jit2wIViLjACh3cdAvTEAAYASAAEgJDQvD_BwE" "Mozilla/5.0 (iPhone; CPU iPhone OS 11_3 like Mac OS X) AppleWebKit/605.1.15 (KHTML, like Gecko) Version/11.0 Mobile/15E148 Safari/604.1"
73.251.112.185 - - [30/May/2018:10:10:15 +0000] "POST /wp-admin/admin-ajax.php HTTP/1.0" 200 1037 "https://www.colonialairstream.com/airstreams-for-sale/interstate-class-b-touring-coaches/?gclid=EAIaIQobChMIv46I6Jit2wIViLjACh3cdAvTEAAYASAAEgJDQvD_BwE" "Mozilla/5.0 (iPhone; CPU iPhone OS 11_3 like Mac OS X) AppleWebKit/605.1.15 (KHTML, like Gecko) Version/11.0 Mobile/15E148 Safari/604.1"
73.251.112.185 - - [30/May/2018:10:10:39 +0000] "GET /?s=Atlas HTTP/1.0" 200 17881 "https://www.colonialairstream.com/airstreams-for-sale/interstate-class-b-touring-coaches/?gclid=EAIaIQobChMIv46I6Jit2wIViLjACh3cdAvTEAAYASAAEgJDQvD_BwE" "Mozilla/5.0 (iPhone; CPU iPhone OS 11_3 like Mac OS X) AppleWebKit/605.1.15 (KHTML, like Gecko) Version/11.0 Mobile/15E148 Safari/604.1"
73.251.112.185 - - [30/May/2018:10:11:36 +0000] "GET /product/2018-airstream-atlas-249-3/ HTTP/1.0" 200 21562 "https://www.colonialairstream.com/?s=Atlas" "Mozilla/5.0 (iPhone; CPU iPhone OS 11_3 like Mac OS X) AppleWebKit/605.1.15 (KHTML, like Gecko) Version/11.0 Mobile/15E148 Safari/604.1"
73.251.112.185 - - [30/May/2018:10:12:34 +0000] "GET /product/2018-airstream-atlas-24ms-murphy-suite/ HTTP/1.0" 200 28300 "https://www.colonialairstream.com/?s=Atlas" "Mozilla/5.0 (iPhone; CPU iPhone OS 11_3 like Mac OS X) AppleWebKit/605.1.15 (KHTML, like Gecko) Version/11.0 Mobile/15E148 Safari/604.1"
217.73.208.146 - - [30/May/2018:10:13:24 +0000] "GET /ourairstream/ourairstream16.html HTTP/1.0" 404 60 "-" "istellabot/t.1.13"
38.66.77.131 - - [30/May/2018:10:13:29 +0000] "GET / HTTP/1.0" 200 27809 "https://www.google.com/" "Mozilla/5.0 (Windows NT 10.0; Win64; x64) AppleWebKit/537.36 (KHTML, like Gecko) Chrome/66.0.3359.181 Safari/537.36"
38.66.77.131 - - [30/May/2018:10:13:33 +0000] "POST /?wc-ajax=get_refreshed_fragments HTTP/1.0" 200 588 "https://www.colonialairstream.com/" "Mozilla/5.0 (Windows NT 10.0; Win64; x64) AppleWebKit/537.36 (KHTML, like Gecko) Chrome/66.0.3359.181 Safari/537.36"
38.66.77.131 - - [30/May/2018:10:13:55 +0000] "GET /trade-in-used-rvs-airstream/ HTTP/1.0" 200 27010 "https://www.colonialairstream.com/" "Mozilla/5.0 (Windows NT 10.0; Win64; x64) AppleWebKit/537.36 (KHTML, like Gecko) Chrome/66.0.3359.181 Safari/537.36"
38.66.77.131 - - [30/May/2018:10:14:19 +0000] "GET /airstream-rv-trailers-motorhomes/parts/ HTTP/1.0" 200 22801 "https://www.colonialairstream.com/trade-in-used-rvs-airstream/" "Mozilla/5.0 (Windows NT 10.0; Win64; x64) AppleWebKit/537.36 (KHTML, like Gecko) Chrome/66.0.3359.181 Safari/537.36"
38.66.77.131 - - [30/May/2018:10:14:40 +0000] "GET /airstream-rv-trailers-motorhomes/service/ HTTP/1.0" 200 20373 "https://www.colonialairstream.com/airstream-rv-trailers-motorhomes/parts/" "Mozilla/5.0 (Windows NT 10.0; Win64; x64) AppleWebKit/537.36 (KHTML, like Gecko) Chrome/66.0.3359.181 Safari/537.36"
38.66.77.131 - - [30/May/2018:10:15:08 +0000] "GET /airstreams-for-sale/pre-owned-inventory/ HTTP/1.0" 200 23788 "https://www.colonialairstream.com/airstream-rv-trailers-motorhomes/service/" "Mozilla/5.0 (Windows NT 10.0; Win64; x64) AppleWebKit/537.36 (KHTML, like Gecko) Chrome/66.0.3359.181 Safari/537.36"
38.66.77.131 - - [30/May/2018:10:17:39 +0000] "GET /product/2014-airstream-sport-16j-bambi-2/ HTTP/1.0" 200 27301 "https://www.colonialairstream.com/airstreams-for-sale/pre-owned-inventory/" "Mozilla/5.0 (Windows NT 10.0; Win64; x64) AppleWebKit/537.36 (KHTML, like Gecko) Chrome/66.0.3359.181 Safari/537.36"
54.87.27.89 - - [30/May/2018:10:18:22 +0000] "GET / HTTP/1.0" 200 27809 "-" "Mozilla/5.0 (Linux; U; Android-4.0.3; en-us; Galaxy Nexus Build/IML74K) AppleWebKit/535.7 (KHTML, like Gecko) CrMo/16.0.912.75 Mobile Safari/535.7"
38.66.77.131 - - [30/May/2018:10:18:41 +0000] "GET /product/2015-airstream-flying-cloud-25a-twin/ HTTP/1.0" 200 26183 "https://www.colonialairstream.com/airstreams-for-sale/pre-owned-inventory/" "Mozilla/5.0 (Windows NT 10.0; Win64; x64) AppleWebKit/537.36 (KHTML, like Gecko) Chrome/66.0.3359.181 Safari/537.36"
38.66.77.131 - - [30/May/2018:10:18:58 +0000] "GET /product/2014-airstream-flying-cloud-25fbq-queen/ HTTP/1.0" 200 29620 "https://www.colonialairstream.com/airstreams-for-sale/pre-owned-inventory/" "Mozilla/5.0 (Windows NT 10.0; Win64; x64) AppleWebKit/537.36 (KHTML, like Gecko) Chrome/66.0.3359.181 Safari/537.36"
24.45.32.223 - - [30/May/2018:10:19:06 +0000] "POST /?wc-ajax=get_refreshed_fragments HTTP/1.0" 200 588 "https://www.colonialairstream.com/product/2018-airstream-classic-30rbq-queen-7/" "Mozilla/5.0 (iPhone; CPU iPhone OS 11_3 like Mac OS X) AppleWebKit/605.1.15 (KHTML, like Gecko) Version/11.0 Mobile/15E148 Safari/604.1"
24.29.53.237 - - [30/May/2018:10:19:39 +0000] "GET /product/2016-airstream-interstate-ext-grand-tour/ HTTP/1.0" 200 27989 "-" "Mozilla/5.0 (iPhone; CPU iPhone OS 11_3 like Mac OS X) AppleWebKit/605.1.15 (KHTML, like Gecko) Version/11.0 Mobile/15E148 Safari/604.1"
104.196.249.209 - - [30/May/2018:10:20:20 +0000] "GET /inventory-cache/25_.html HTTP/1.0" 200 11570 "-" "-"
38.66.77.131 - - [30/May/2018:10:20:20 +0000] "GET /airstreams-for-sale/new-inventory/ HTTP/1.0" 200 35460 "https://www.colonialairstream.com/product/2014-airstream-flying-cloud-25fbq-queen/" "Mozilla/5.0 (Windows NT 10.0; Win64; x64) AppleWebKit/537.36 (KHTML, like Gecko) Chrome/66.0.3359.181 Safari/537.36"
104.196.249.209 - - [30/May/2018:10:20:21 +0000] "GET /inventory-cache/inbound_.html HTTP/1.0" 200 2367 "-" "-"
207.46.13.236 - - [30/May/2018:10:24:16 +0000] "GET /airstream-trailer-staff.html HTTP/1.0" 404 60 "-" "Mozilla/5.0 (compatible; bingbot/2.0; +http://www.bing.com/bingbot.htm)"
52.34.24.33 - - [30/May/2018:10:26:00 +0000] "GET / HTTP/1.0" 200 27809 "-" "Magic Browser"
54.36.148.248 - - [30/May/2018:10:28:04 +0000] "GET /product/2017-airstream-international-serenity-23d/ HTTP/1.0" 200 28594 "-" "Mozilla/5.0 (compatible; AhrefsBot/5.2; +http://ahrefs.com/robot/)"
130.86.98.66 - - [30/May/2018:10:28:04 +0000] "GET /airstreams-for-sale/pre-owned-inventory/ HTTP/1.0" 200 23788 "https://www.colonialairstream.com/airstreams-for-sale/nest-travel-trailer/" "Mozilla/5.0 (Macintosh; Intel Mac OS X 10_13_4) AppleWebKit/605.1.15 (KHTML, like Gecko) Version/11.1 Safari/605.1.15"
104.196.249.209 - - [30/May/2018:10:28:05 +0000] "GET /inventory-cache/all_.html HTTP/1.0" 200 4248 "-" "-"
130.86.98.66 - - [30/May/2018:10:30:02 +0000] "GET /product/2014-airstream-sport-16j-bambi-4/ HTTP/1.0" 200 26792 "https://www.colonialairstream.com/airstreams-for-sale/pre-owned-inventory/" "Mozilla/5.0 (Macintosh; Intel Mac OS X 10_13_4) AppleWebKit/605.1.15 (KHTML, like Gecko) Version/11.1 Safari/605.1.15"
174.193.142.151 - - [30/May/2018:10:30:10 +0000] "GET /airstreams-for-sale/new-inventory/ HTTP/1.0" 200 35460 "https://www.google.com/" "Mozilla/5.0 (iPhone; CPU iPhone OS 11_3 like Mac OS X) AppleWebKit/605.1.15 (KHTML, like Gecko) Version/11.0 Mobile/15E148 Safari/604.1"
184.53.0.246 - - [30/May/2018:10:30:13 +0000] "POST /?wc-ajax=get_refreshed_fragments HTTP/1.0" 200 588 "https://www.colonialairstream.com/airstreams-for-sale/pre-owned-inventory/" "Mozilla/5.0 (X11; CrOS x86_64 10452.85.0) AppleWebKit/537.36 (KHTML, like Gecko) Chrome/66.0.3359.158 Safari/537.36"
174.193.142.151 - - [30/May/2018:10:30:13 +0000] "POST /?wc-ajax=get_refreshed_fragments HTTP/1.0" 200 588 "https://www.colonialairstream.com/airstreams-for-sale/new-inventory/" "Mozilla/5.0 (iPhone; CPU iPhone OS 11_3 like Mac OS X) AppleWebKit/605.1.15 (KHTML, like Gecko) Version/11.0 Mobile/15E148 Safari/604.1"
104.196.249.209 - - [30/May/2018:10:30:30 +0000] "GET /inventory-cache/25_.html HTTP/1.0" 200 11570 "-" "-"
174.193.142.151 - - [30/May/2018:10:30:30 +0000] "GET /airstreams-for-sale/new-inventory/?type=list&filter-by=-1&sort-by=year&status= HTTP/1.0" 200 35452 "https://www.colonialairstream.com/airstreams-for-sale/new-inventory/" "Mozilla/5.0 (iPhone; CPU iPhone OS 11_3 like Mac OS X) AppleWebKit/605.1.15 (KHTML, like Gecko) Version/11.0 Mobile/15E148 Safari/604.1"
104.196.249.209 - - [30/May/2018:10:30:31 +0000] "GET /inventory-cache/inbound_.html HTTP/1.0" 200 2367 "-" "-"
50.49.212.166 - - [30/May/2018:10:30:32 +0000] "POST /?wc-ajax=get_refreshed_fragments HTTP/1.0" 200 588 "https://www.colonialairstream.com/" "Mozilla/5.0 (Macintosh; Intel Mac OS X 10_13_4) AppleWebKit/605.1.15 (KHTML, like Gecko) Version/11.1 Safari/605.1.15"
174.193.142.151 - - [30/May/2018:10:30:56 +0000] "GET /product/2018-airstream-classic-30rbq-queen-3/ HTTP/1.0" 200 30935 "https://www.colonialairstream.com/airstreams-for-sale/new-inventory/?type=list&filter-by=-1&sort-by=year&status=" "Mozilla/5.0 (iPhone; CPU iPhone OS 11_3 like Mac OS X) AppleWebKit/605.1.15 (KHTML, like Gecko) Version/11.0 Mobile/15E148 Safari/604.1"
50.49.212.166 - - [30/May/2018:10:31:03 +0000] "GET /product/2014-airstream-flying-cloud-25fbq-queen/ HTTP/1.0" 200 29620 "https://www.colonialairstream.com/airstreams-for-sale/pre-owned-inventory/" "Mozilla/5.0 (Macintosh; Intel Mac OS X 10_13_4) AppleWebKit/605.1.15 (KHTML, like Gecko) Version/11.1 Safari/605.1.15"
159.180.81.4 - - [30/May/2018:10:31:30 +0000] "GET /inventory_directory.html HTTP/1.0" 301 - "https://www.msn.com/" "Mozilla/5.0 (Windows NT 10.0; Win64; x64; rv:60.0) Gecko/20100101 Firefox/60.0"
159.180.81.6 - - [30/May/2018:10:31:31 +0000] "GET /airstreams-for-sale/inventory-directory/ HTTP/1.0" 200 17798 "https://www.msn.com/" "Mozilla/5.0 (Windows NT 10.0; Win64; x64; rv:60.0) Gecko/20100101 Firefox/60.0"
