66.87.124.134 - - [30/May/2018:11:20:58 +0000] "POST /?wc-ajax=get_refreshed_fragments HTTP/1.0" 200 588 "https://www.colonialairstream.com/airstreams-for-sale/inventory-directory/" "Mozilla/5.0 (Linux; Android 7.0; SM-G930P Build/NRD90M) AppleWebKit/537.36 (KHTML, like Gecko) Chrome/65.0.3325.109 Mobile Safari/537.36"
76.26.72.240 - - [30/May/2018:11:21:20 +0000] "GET /blog/mercedes-benz-sprinter-4x4-motorhome-sale-colonial-rv/ HTTP/1.0" 200 18838 "https://www.google.com/" "Mozilla/5.0 (iPad; CPU OS 11_3 like Mac OS X) AppleWebKit/605.1.15 (KHTML, like Gecko) Version/11.0 Mobile/15E148 Safari/604.1"
96.239.34.237 - - [30/May/2018:11:21:27 +0000] "POST /?wc-ajax=get_refreshed_fragments HTTP/1.0" 200 588 "https://www.colonialairstream.com/" "Mozilla/5.0 (Macintosh; Intel Mac OS X 10_13_4) AppleWebKit/605.1.15 (KHTML, like Gecko) Version/11.1 Safari/605.1.15"
66.87.124.134 - - [30/May/2018:11:21:27 +0000] "GET /airstreams-for-sale/pre-owned-inventory/?type=list&filter-by=-1&sort-by=stock-asc&status= HTTP/1.0" 200 23819 "https://www.colonialairstream.com/airstreams-for-sale/pre-owned-inventory/" "Mozilla/5.0 (Linux; Android 7.0; SM-G930P Build/NRD90M) AppleWebKit/537.36 (KHTML, like Gecko) Chrome/65.0.3325.109 Mobile Safari/537.36"
24.61.74.66 - - [30/May/2018:11:21:33 +0000] "POST /?wc-ajax=get_refreshed_fragments HTTP/1.0" 200 588 "https://www.colonialairstream.com/airstreams-for-sale/pre-owned-inventory/" "Mozilla/5.0 (iPhone; CPU iPhone OS 11_3 like Mac OS X) AppleWebKit/605.1.15 (KHTML, like Gecko) Version/11.0 Mobile/15E148 Safari/604.1"
96.239.34.237 - - [30/May/2018:11:21:34 +0000] "GET /airstreams-for-sale/new-inventory/ HTTP/1.0" 200 35460 "https://www.colonialairstream.com/" "Mozilla/5.0 (Macintosh; Intel Mac OS X 10_13_4) AppleWebKit/605.1.15 (KHTML, like Gecko) Version/11.1 Safari/605.1.15"
104.196.249.209 - - [30/May/2018:11:21:35 +0000] "GET /inventory-cache/25_.html HTTP/1.0" 200 11570 "-" "-"
76.26.72.240 - - [30/May/2018:11:21:35 +0000] "POST /?wc-ajax=get_refreshed_fragments HTTP/1.0" 200 588 "https://www.colonialairstream.com/blog/mercedes-benz-sprinter-4x4-motorhome-sale-colonial-rv/?gclid=EAIaIQobChMI46Kx46it2wIVRb7ACh2Eqg7sEAAYASAAEgI2QPD_BwE" "Mozilla/5.0 (iPad; CPU OS 11_3 like Mac OS X) AppleWebKit/605.1.15 (KHTML, like Gecko) Version/11.0 Mobile/15E148 Safari/604.1"
104.196.249.209 - - [30/May/2018:11:21:36 +0000] "GET /inventory-cache/inbound_.html HTTP/1.0" 200 2367 "-" "-"
24.61.74.66 - - [30/May/2018:11:21:51 +0000] "GET /product/2014-airstream-sport-16j-bambi-2/ HTTP/1.0" 200 26749 "https://www.colonialairstream.com/airstreams-for-sale/pre-owned-inventory/" "Mozilla/5.0 (iPhone; CPU iPhone OS 11_3 like Mac OS X) AppleWebKit/605.1.15 (KHTML, like Gecko) Version/11.0 Mobile/15E148 Safari/604.1"
24.61.74.66 - - [30/May/2018:11:22:01 +0000] "GET /product/2014-airstream-sport-16j-bambi-4/ HTTP/1.0" 200 26222 "https://www.colonialairstream.com/airstreams-for-sale/pre-owned-inventory/" "Mozilla/5.0 (iPhone; CPU iPhone OS 11_3 like Mac OS X) AppleWebKit/605.1.15 (KHTML, like Gecko) Version/11.0 Mobile/15E148 Safari/604.1"
128.63.169.41 - - [30/May/2018:11:22:04 +0000] "POST /?wc-ajax=get_refreshed_fragments HTTP/1.0" 200 588 "https://www.colonialairstream.com/airstreams-for-sale/pre-owned-inventory/" "Mozilla/5.0 (Windows NT 10.0; WOW64; rv:52.0) Gecko/20100101 Firefox/52.0"
66.87.124.134 - - [30/May/2018:11:22:06 +0000] "GET /product/2016-airstream-interstate-ext-grand-tour/ HTTP/1.0" 200 27989 "https://www.colonialairstream.com/airstreams-for-sale/pre-owned-inventory/?type=list&filter-by=-1&sort-by=stock-asc&status=" "Mozilla/5.0 (Linux; Android 7.0; SM-G930P Build/NRD90M) AppleWebKit/537.36 (KHTML, like Gecko) Chrome/65.0.3325.109 Mobile Safari/537.36"
207.46.13.184 - - [30/May/2018:11:22:15 +0000] "GET /2018-airstream/basecamp/11584/index.html HTTP/1.0" 404 60 "-" "Mozilla/5.0 (compatible; bingbot/2.0; +http://www.bing.com/bingbot.htm)"
207.46.13.184 - - [30/May/2018:11:22:16 +0000] "GET /used-rv-for-sale-nj/9934a/ HTTP/1.0" 404 60 "-" "Mozilla/5.0 (compatible; bingbot/2.0; +http://www.bing.com/bingbot.htm)"
107.77.225.142 - - [30/May/2018:11:22:18 +0000] "GET /airstreams-for-sale/inventory-directory/ HTTP/1.0" 200 17798 "https://www.google.com/" "Mozilla/5.0 (iPhone; CPU iPhone OS 11_3 like Mac OS X) AppleWebKit/605.1.15 (KHTML, like Gecko) Version/11.0 Mobile/15E148 Safari/604.1"
128.63.169.41 - - [30/May/2018:11:22:25 +0000] "GET /product/2018-airstream-sport-22fb-bambi-20/ HTTP/1.0" 200 27544 "https://www.colonialairstream.com/airstreams-for-sale/pre-owned-inventory/" "Mozilla/5.0 (Windows NT 10.0; WOW64; rv:52.0) Gecko/20100101 Firefox/52.0"
24.61.74.66 - - [30/May/2018:11:22:26 +0000] "GET /product/2008-airstream-international-signature-16j-bambi/ HTTP/1.0" 200 24941 "https://www.colonialairstream.com/airstreams-for-sale/pre-owned-inventory/" "Mozilla/5.0 (iPhone; CPU iPhone OS 11_3 like Mac OS X) AppleWebKit/605.1.15 (KHTML, like Gecko) Version/11.0 Mobile/15E148 Safari/604.1"
128.63.169.41 - - [30/May/2018:11:24:26 +0000] "GET /product/2016-airstream-international-serenity-23fb-queen/ HTTP/1.0" 200 29126 "https://www.colonialairstream.com/airstreams-for-sale/pre-owned-inventory/" "Mozilla/5.0 (Windows NT 10.0; WOW64; rv:52.0) Gecko/20100101 Firefox/52.0"
66.87.124.134 - - [30/May/2018:11:24:52 +0000] "GET /product/2014-airstream-sport-16j-bambi-3/ HTTP/1.0" 200 26524 "https://www.colonialairstream.com/airstreams-for-sale/pre-owned-inventory/?type=list&filter-by=-1&sort-by=stock-asc&status=" "Mozilla/5.0 (Linux; Android 7.0; SM-G930P Build/NRD90M) AppleWebKit/537.36 (KHTML, like Gecko) Chrome/65.0.3325.109 Mobile Safari/537.36"
211.216.61.33 - - [30/May/2018:11:25:01 +0000] "GET /product/2018-airstream-sport-22fb-bambi-21/ HTTP/1.0" 200 27284 "https://www.colonialairstream.com/?s=bambi" "Mozilla/5.0 (Linux; Android 7.0; SAMSUNG SM-G935S Build/NRD90M) AppleWebKit/537.36 (KHTML, like Gecko) SamsungBrowser/6.4 Chrome/56.0.2924.87 Mobile Safari/537.36"
128.63.169.41 - - [30/May/2018:11:25:17 +0000] "GET /product/2014-airstream-flying-cloud-25fbq-queen/ HTTP/1.0" 200 29620 "https://www.colonialairstream.com/airstreams-for-sale/pre-owned-inventory/" "Mozilla/5.0 (Windows NT 10.0; WOW64; rv:52.0) Gecko/20100101 Firefox/52.0"
66.87.124.134 - - [30/May/2018:11:25:35 +0000] "GET /product/2018-airstream-interstate-tommy-bahama-grand-tour-ext-3/ HTTP/1.0" 200 29836 "https://www.colonialairstream.com/airstreams-for-sale/pre-owned-inventory/?type=list&filter-by=-1&sort-by=stock-asc&status=" "Mozilla/5.0 (Linux; Android 7.0; SM-G930P Build/NRD90M) AppleWebKit/537.36 (KHTML, like Gecko) Chrome/65.0.3325.109 Mobile Safari/537.36"
47.16.241.12 - - [30/May/2018:11:25:36 +0000] "POST /?wc-ajax=get_refreshed_fragments HTTP/1.0" 200 588 "https://www.colonialairstream.com/airstreams-for-sale/pre-owned-inventory/" "Mozilla/5.0 (Windows NT 10.0; Win64; x64) AppleWebKit/537.36 (KHTML, like Gecko) Chrome/64.0.3282.140 Safari/537.36 Edge/17.17134"
47.16.241.12 - - [30/May/2018:11:26:01 +0000] "GET /product/2014-thor-motor-coach-freedom-elite-22e/ HTTP/1.0" 200 24344 "https://www.colonialairstream.com/airstreams-for-sale/pre-owned-inventory/" "Mozilla/5.0 (Windows NT 10.0; Win64; x64) AppleWebKit/537.36 (KHTML, like Gecko) Chrome/64.0.3282.140 Safari/537.36 Edge/17.17134"
211.216.61.33 - - [30/May/2018:11:26:13 +0000] "GET /product/2016-airstream-flying-cloud-19c-bambi/ HTTP/1.0" 200 27559 "https://www.colonialairstream.com/?s=bambi" "Mozilla/5.0 (Linux; Android 7.0; SAMSUNG SM-G935S Build/NRD90M) AppleWebKit/537.36 (KHTML, like Gecko) SamsungBrowser/6.4 Chrome/56.0.2924.87 Mobile Safari/537.36"
128.177.179.38 - - [30/May/2018:11:26:27 +0000] "GET /airstreams-for-sale/pre-owned-inventory/ HTTP/1.0" 200 23788 "https://www.colonialrv.com/product/2018-winnebago-era-70m/" "Mozilla/5.0 (Windows NT 10.0; Win64; x64) AppleWebKit/537.36 (KHTML, like Gecko) Chrome/58.0.3029.110 Safari/537.36 Edge/16.16299"
104.196.249.209 - - [30/May/2018:11:26:28 +0000] "GET /inventory-cache/all_.html HTTP/1.0" 200 4248 "-" "-"
128.177.179.38 - - [30/May/2018:11:26:29 +0000] "POST /?wc-ajax=get_refreshed_fragments HTTP/1.0" 200 588 "https://www.colonialairstream.com/airstreams-for-sale/pre-owned-inventory/" "Mozilla/5.0 (Windows NT 10.0; Win64; x64) AppleWebKit/537.36 (KHTML, like Gecko) Chrome/58.0.3029.110 Safari/537.36 Edge/16.16299"
37.187.152.114 - - [30/May/2018:11:26:49 +0000] "GET /db/ HTTP/1.0" 302 89002 "-" "-"
37.187.152.114 - - [30/May/2018:11:26:50 +0000] "GET /?s= HTTP/1.0" 200 19240 "-" "-"
47.16.241.12 - - [30/May/2018:11:26:52 +0000] "GET /product/2009-itasca-navion-24h/ HTTP/1.0" 200 28765 "https://www.colonialairstream.com/airstreams-for-sale/pre-owned-inventory/" "Mozilla/5.0 (Windows NT 10.0; Win64; x64) AppleWebKit/537.36 (KHTML, like Gecko) Chrome/64.0.3282.140 Safari/537.36 Edge/17.17134"
128.63.169.41 - - [30/May/2018:11:26:57 +0000] "GET /product/2017-airstream-classic-30j-queen/ HTTP/1.0" 200 29617 "https://www.colonialairstream.com/airstreams-for-sale/pre-owned-inventory/" "Mozilla/5.0 (Windows NT 10.0; WOW64; rv:52.0) Gecko/20100101 Firefox/52.0"
66.87.124.134 - - [30/May/2018:11:26:59 +0000] "GET /product/2011-pleasure-way-plateau-ts/ HTTP/1.0" 200 23997 "https://www.colonialairstream.com/airstreams-for-sale/pre-owned-inventory/?type=list&filter-by=-1&sort-by=stock-asc&status=" "Mozilla/5.0 (Linux; Android 7.0; SM-G930P Build/NRD90M) AppleWebKit/537.36 (KHTML, like Gecko) Chrome/65.0.3325.109 Mobile Safari/537.36"
47.192.160.26 - - [30/May/2018:11:27:01 +0000] "POST /?wc-ajax=get_refreshed_fragments HTTP/1.0" 200 588 "https://www.colonialairstream.com/airstreams-for-sale/new-inventory/?gclid=EAIaIQobChMIwrz8_Kmt2wIVBLbACh2FkQEMEAAYAiAAEgK_l_D_BwE" "Mozilla/5.0 (Windows NT 10.0; Win64; x64) AppleWebKit/537.36 (KHTML, like Gecko) Chrome/58.0.3029.110 Safari/537.36 Edge/16.16299"
108.15.28.78 - - [30/May/2018:11:27:14 +0000] "GET / HTTP/1.0" 200 27809 "https://www.google.com/" "Mozilla/5.0 (Windows NT 10.0; Win64; x64; rv:60.0) Gecko/20100101 Firefox/60.0"
108.15.28.78 - - [30/May/2018:11:27:19 +0000] "POST /?wc-ajax=get_refreshed_fragments HTTP/1.0" 200 588 "https://www.colonialairstream.com/" "Mozilla/5.0 (Windows NT 10.0; Win64; x64; rv:60.0) Gecko/20100101 Firefox/60.0"
128.177.179.38 - - [30/May/2018:11:27:42 +0000] "GET /product/2017-airstream-international-serenity-23fb-queen/ HTTP/1.0" 200 28920 "https://www.colonialairstream.com/airstreams-for-sale/pre-owned-inventory/" "Mozilla/5.0 (Windows NT 10.0; Win64; x64) AppleWebKit/537.36 (KHTML, like Gecko) Chrome/58.0.3029.110 Safari/537.36 Edge/16.16299"
47.16.241.12 - - [30/May/2018:11:28:07 +0000] "GET /product/2005-dutchmen-dorado-24bbf/ HTTP/1.0" 200 26239 "https://www.colonialairstream.com/airstreams-for-sale/pre-owned-inventory/" "Mozilla/5.0 (Windows NT 10.0; Win64; x64) AppleWebKit/537.36 (KHTML, like Gecko) Chrome/64.0.3282.140 Safari/537.36 Edge/17.17134"
174.235.151.229 - - [30/May/2018:11:28:12 +0000] "POST /?wc-ajax=get_refreshed_fragments HTTP/1.0" 200 588 "https://www.colonialairstream.com/product/2014-airstream-flying-cloud-25fbq-queen/" "Mozilla/5.0 (iPhone; CPU iPhone OS 11_3 like Mac OS X) AppleWebKit/605.1.15 (KHTML, like Gecko) Version/11.0 Mobile/15E148 Safari/604.1"
211.216.61.33 - - [30/May/2018:11:28:30 +0000] "GET /page/2/?s=bambi HTTP/1.0" 200 19039 "https://www.colonialairstream.com/?s=bambi" "Mozilla/5.0 (Linux; Android 7.0; SAMSUNG SM-G935S Build/NRD90M) AppleWebKit/537.36 (KHTML, like Gecko) SamsungBrowser/6.4 Chrome/56.0.2924.87 Mobile Safari/537.36"
128.177.179.38 - - [30/May/2018:11:28:55 +0000] "GET /product/2018-winnebago-micro-minnie-2106fbs/ HTTP/1.0" 200 21367 "https://www.colonialairstream.com/airstreams-for-sale/pre-owned-inventory/" "Mozilla/5.0 (Windows NT 10.0; Win64; x64) AppleWebKit/537.36 (KHTML, like Gecko) Chrome/58.0.3029.110 Safari/537.36 Edge/16.16299"
128.177.179.38 - - [30/May/2018:11:29:14 +0000] "GET /product/2018-airstream-interstate-tommy-bahama-grand-tour-ext-3/ HTTP/1.0" 200 30413 "https://www.colonialairstream.com/airstreams-for-sale/pre-owned-inventory/" "Mozilla/5.0 (Windows NT 10.0; Win64; x64) AppleWebKit/537.36 (KHTML, like Gecko) Chrome/58.0.3029.110 Safari/537.36 Edge/16.16299"
217.73.208.155 - - [30/May/2018:11:29:27 +0000] "GET /airstream-trailer-sales-contact.html HTTP/1.0" 301 - "-" "istellabot/t.1.13"
174.206.33.123 - - [30/May/2018:11:29:43 +0000] "GET /airstreams-for-sale/international-signature/ HTTP/1.0" 200 25272 "https://www.google.com/" "Mozilla/5.0 (Linux; Android 8.0.0; SAMSUNG SM-N950U Build/R16NW) AppleWebKit/537.36 (KHTML, like Gecko) SamsungBrowser/7.0 Chrome/59.0.3071.125 Mobile Safari/537.36"
174.206.33.123 - - [30/May/2018:11:29:46 +0000] "POST /?wc-ajax=get_refreshed_fragments HTTP/1.0" 200 588 "https://www.colonialairstream.com/airstreams-for-sale/international-signature/" "Mozilla/5.0 (Linux; Android 8.0.0; SAMSUNG SM-N950U Build/R16NW) AppleWebKit/537.36 (KHTML, like Gecko) SamsungBrowser/7.0 Chrome/59.0.3071.125 Mobile Safari/537.36"
174.206.33.123 - - [30/May/2018:11:29:46 +0000] "POST /wp-admin/admin-ajax.php HTTP/1.0" 200 1122 "https://www.colonialairstream.com/airstreams-for-sale/international-signature/" "Mozilla/5.0 (Linux; Android 8.0.0; SAMSUNG SM-N950U Build/R16NW) AppleWebKit/537.36 (KHTML, like Gecko) SamsungBrowser/7.0 Chrome/59.0.3071.125 Mobile Safari/537.36"
174.206.33.123 - - [30/May/2018:11:29:46 +0000] "POST /wp-admin/admin-ajax.php HTTP/1.0" 200 1279 "https://www.colonialairstream.com/airstreams-for-sale/international-signature/" "Mozilla/5.0 (Linux; Android 8.0.0; SAMSUNG SM-N950U Build/R16NW) AppleWebKit/537.36 (KHTML, like Gecko) SamsungBrowser/7.0 Chrome/59.0.3071.125 Mobile Safari/537.36"
76.88.59.60 - - [30/May/2018:11:29:48 +0000] "GET /airstreams-for-sale/pre-owned-inventory/ HTTP/1.0" 200 23788 "https://www.google.com/" "Mozilla/5.0 (iPad; CPU OS 11_3 like Mac OS X) AppleWebKit/605.1.15 (KHTML, like Gecko) Version/11.0 Mobile/15E148 Safari/604.1"
76.88.59.60 - - [30/May/2018:11:29:50 +0000] "POST /?wc-ajax=get_refreshed_fragments HTTP/1.0" 200 588 "https://www.colonialairstream.com/airstreams-for-sale/pre-owned-inventory/" "Mozilla/5.0 (iPad; CPU OS 11_3 like Mac OS X) AppleWebKit/605.1.15 (KHTML, like Gecko) Version/11.0 Mobile/15E148 Safari/604.1"
76.88.59.60 - - [30/May/2018:11:30:14 +0000] "GET /product/2008-airstream-international-signature-16j-bambi/ HTTP/1.0" 200 24941 "https://www.colonialairstream.com/airstreams-for-sale/pre-owned-inventory/" "Mozilla/5.0 (iPad; CPU OS 11_3 like Mac OS X) AppleWebKit/605.1.15 (KHTML, like Gecko) Version/11.0 Mobile/15E148 Safari/604.1"
128.177.179.38 - - [30/May/2018:11:30:19 +0000] "GET /product/2016-airstream-interstate-ext-grand-tour/ HTTP/1.0" 200 28543 "https://www.colonialairstream.com/airstreams-for-sale/pre-owned-inventory/" "Mozilla/5.0 (Windows NT 10.0; Win64; x64) AppleWebKit/537.36 (KHTML, like Gecko) Chrome/58.0.3029.110 Safari/537.36 Edge/16.16299"
128.177.179.38 - - [30/May/2018:11:30:42 +0000] "GET /product/2011-pleasure-way-plateau-ts/ HTTP/1.0" 200 24552 "https://www.colonialairstream.com/airstreams-for-sale/pre-owned-inventory/" "Mozilla/5.0 (Windows NT 10.0; Win64; x64) AppleWebKit/537.36 (KHTML, like Gecko) Chrome/58.0.3029.110 Safari/537.36 Edge/16.16299"
174.200.12.102 - - [30/May/2018:11:30:49 +0000] "GET /product/2018-airstream-flying-cloud-30rbq-queen-7/ HTTP/1.0" 200 28851 "https://www.colonialairstream.com/" "Mozilla/5.0 (iPhone; CPU iPhone OS 11_3 like Mac OS X) AppleWebKit/605.1.15 (KHTML, like Gecko) Version/11.0 Mobile/15E148 Safari/604.1"
174.200.12.102 - - [30/May/2018:11:30:52 +0000] "POST /?wc-ajax=get_refreshed_fragments HTTP/1.0" 200 588 "https://www.colonialairstream.com/product/2018-airstream-flying-cloud-30rbq-queen-7/" "Mozilla/5.0 (iPhone; CPU iPhone OS 11_3 like Mac OS X) AppleWebKit/605.1.15 (KHTML, like Gecko) Version/11.0 Mobile/15E148 Safari/604.1"
76.88.59.60 - - [30/May/2018:11:31:28 +0000] "GET /product/2014-airstream-sport-16j-bambi-2/ HTTP/1.0" 200 26749 "https://www.colonialairstream.com/airstreams-for-sale/pre-owned-inventory/" "Mozilla/5.0 (iPad; CPU OS 11_3 like Mac OS X) AppleWebKit/605.1.15 (KHTML, like Gecko) Version/11.0 Mobile/15E148 Safari/604.1"
128.177.179.38 - - [30/May/2018:11:31:50 +0000] "GET /airstreams-for-sale/new-inventory/ HTTP/1.0" 200 35460 "https://www.colonialairstream.com/airstreams-for-sale/pre-owned-inventory/" "Mozilla/5.0 (Windows NT 10.0; Win64; x64) AppleWebKit/537.36 (KHTML, like Gecko) Chrome/58.0.3029.110 Safari/537.36 Edge/16.16299"
104.196.249.209 - - [30/May/2018:11:31:51 +0000] "GET /inventory-cache/25_.html HTTP/1.0" 200 11570 "-" "-"
104.196.249.209 - - [30/May/2018:11:31:51 +0000] "GET /inventory-cache/inbound_.html HTTP/1.0" 200 2367 "-" "-"
76.88.59.60 - - [30/May/2018:11:32:33 +0000] "GET /product/2016-airstream-flying-cloud-19c-bambi/ HTTP/1.0" 200 27559 "https://www.colonialairstream.com/airstreams-for-sale/pre-owned-inventory/" "Mozilla/5.0 (iPad; CPU OS 11_3 like Mac OS X) AppleWebKit/605.1.15 (KHTML, like Gecko) Version/11.0 Mobile/15E148 Safari/604.1"
128.177.179.38 - - [30/May/2018:11:32:36 +0000] "GET /product/2018-airstream-sport-16rb-bambi-18/ HTTP/1.0" 200 27331 "https://www.colonialairstream.com/airstreams-for-sale/new-inventory/" "Mozilla/5.0 (Windows NT 10.0; Win64; x64) AppleWebKit/537.36 (KHTML, like Gecko) Chrome/58.0.3029.110 Safari/537.36 Edge/16.16299"
67.201.171.243 - - [30/May/2018:11:32:42 +0000] "POST /?wc-ajax=get_refreshed_fragments HTTP/1.0" 200 588 "https://www.colonialairstream.com/airstreams-for-sale/new-inventory/" "Mozilla/5.0 (Macintosh; Intel Mac OS X 10_12_6) AppleWebKit/537.36 (KHTML, like Gecko) Chrome/66.0.3359.181 Safari/537.36"
73.174.224.187 - - [30/May/2018:11:32:52 +0000] "GET /product/2018-airstream-international-serenity-30rbq-queen-4/ HTTP/1.0" 200 28503 "https://www.colonialairstream.com/airstreams-for-sale/new-inventory/?type=list&filter-by=-1&sort-by=model&status=" "Mozilla/5.0 (iPad; CPU OS 11_2_6 like Mac OS X) AppleWebKit/604.5.6 (KHTML, like Gecko) Version/11.0 Mobile/15D100 Safari/604.1"
67.201.171.243 - - [30/May/2018:11:33:09 +0000] "GET /product/2016-airstream-flying-cloud-25b-queen/ HTTP/1.0" 200 28378 "https://www.colonialairstream.com/airstreams-for-sale/pre-owned-inventory/" "Mozilla/5.0 (Macintosh; Intel Mac OS X 10_12_6) AppleWebKit/537.36 (KHTML, like Gecko) Chrome/66.0.3359.181 Safari/537.36"
76.88.59.60 - - [30/May/2018:11:33:14 +0000] "GET /product/2016-airstream-flying-cloud-20c-bambi-2/ HTTP/1.0" 200 27841 "https://www.colonialairstream.com/airstreams-for-sale/pre-owned-inventory/" "Mozilla/5.0 (iPad; CPU OS 11_3 like Mac OS X) AppleWebKit/605.1.15 (KHTML, like Gecko) Version/11.0 Mobile/15E148 Safari/604.1"
108.15.28.78 - - [30/May/2018:11:33:18 +0000] "POST /?wc-ajax=get_refreshed_fragments HTTP/1.0" 200 588 "https://www.colonialairstream.com/airstreams-for-sale/pre-owned-inventory/" "Mozilla/5.0 (Windows NT 10.0; Win64; x64; rv:60.0) Gecko/20100101 Firefox/60.0"
128.177.179.38 - - [30/May/2018:11:33:24 +0000] "GET /product/2019-airstream-nest-16fb-2/ HTTP/1.0" 200 20433 "https://www.colonialairstream.com/airstreams-for-sale/new-inventory/" "Mozilla/5.0 (Windows NT 10.0; Win64; x64) AppleWebKit/537.36 (KHTML, like Gecko) Chrome/58.0.3029.110 Safari/537.36 Edge/16.16299"
108.15.28.78 - - [30/May/2018:11:33:48 +0000] "GET /product/2008-airstream-international-signature-16j-bambi/ HTTP/1.0" 200 25499 "https://www.colonialairstream.com/airstreams-for-sale/pre-owned-inventory/" "Mozilla/5.0 (Windows NT 10.0; Win64; x64; rv:60.0) Gecko/20100101 Firefox/60.0"
76.88.59.60 - - [30/May/2018:11:34:05 +0000] "GET /product/2018-airstream-interstate-tommy-bahama-grand-tour-ext-3/ HTTP/1.0" 200 29836 "https://www.colonialairstream.com/airstreams-for-sale/pre-owned-inventory/" "Mozilla/5.0 (iPad; CPU OS 11_3 like Mac OS X) AppleWebKit/605.1.15 (KHTML, like Gecko) Version/11.0 Mobile/15E148 Safari/604.1"
47.202.135.15 - - [30/May/2018:11:34:33 +0000] "POST /?wc-ajax=get_refreshed_fragments HTTP/1.0" 200 588 "https://www.colonialairstream.com/airstreams-for-sale/new-inventory/?gclid=Cj0KCQjwl7nYBRCwARIsAL7O7dHQB3wkf0gVWIDr_c3pHZuuQcT4NqMpqmX1h8RiWB_mmNVMMAltF2kaAofOEALw_wcB" "Mozilla/5.0 (X11; CrOS x86_64 10452.85.0) AppleWebKit/537.36 (KHTML, like Gecko) Chrome/66.0.3359.158 Safari/537.36"
67.240.164.42 - - [30/May/2018:11:34:37 +0000] "GET /airstreams-for-sale/airstream-sport/ HTTP/1.0" 200 24656 "https://www.google.com/" "Mozilla/5.0 (iPad; CPU OS 11_3 like Mac OS X) AppleWebKit/605.1.15 (KHTML, like Gecko) Version/11.0 Mobile/15E148 Safari/604.1"
67.240.164.42 - - [30/May/2018:11:34:42 +0000] "POST /?wc-ajax=get_refreshed_fragments HTTP/1.0" 200 588 "https://www.colonialairstream.com/airstreams-for-sale/airstream-sport/?gclid=Cj0KCQjwl7nYBRCwARIsAL7O7dHgfCxdh6fly6X1UQwr-wPUwVvpKGNKjboW3MkF7XkWMtlsBf4nAD0aArtnEALw_wcB" "Mozilla/5.0 (iPad; CPU OS 11_3 like Mac OS X) AppleWebKit/605.1.15 (KHTML, like Gecko) Version/11.0 Mobile/15E148 Safari/604.1"
67.240.164.42 - - [30/May/2018:11:34:42 +0000] "POST /wp-admin/admin-ajax.php HTTP/1.0" 200 999 "https://www.colonialairstream.com/airstreams-for-sale/airstream-sport/?gclid=Cj0KCQjwl7nYBRCwARIsAL7O7dHgfCxdh6fly6X1UQwr-wPUwVvpKGNKjboW3MkF7XkWMtlsBf4nAD0aArtnEALw_wcB" "Mozilla/5.0 (iPad; CPU OS 11_3 like Mac OS X) AppleWebKit/605.1.15 (KHTML, like Gecko) Version/11.0 Mobile/15E148 Safari/604.1"
67.240.164.42 - - [30/May/2018:11:34:43 +0000] "POST /wp-admin/admin-ajax.php HTTP/1.0" 200 1037 "https://www.colonialairstream.com/airstreams-for-sale/airstream-sport/?gclid=Cj0KCQjwl7nYBRCwARIsAL7O7dHgfCxdh6fly6X1UQwr-wPUwVvpKGNKjboW3MkF7XkWMtlsBf4nAD0aArtnEALw_wcB" "Mozilla/5.0 (iPad; CPU OS 11_3 like Mac OS X) AppleWebKit/605.1.15 (KHTML, like Gecko) Version/11.0 Mobile/15E148 Safari/604.1"
24.230.40.159 - - [30/May/2018:11:34:49 +0000] "POST /?wc-ajax=get_refreshed_fragments HTTP/1.0" 200 588 "https://www.colonialairstream.com/airstreams-for-sale/pre-owned-inventory/" "Mozilla/5.0 (Macintosh; Intel Mac OS X 10_13_4) AppleWebKit/537.36 (KHTML, like Gecko) Chrome/66.0.3359.181 Safari/537.36"
47.202.135.15 - - [30/May/2018:11:34:53 +0000] "GET /product/2018-airstream-basecamp-16nb-15/ HTTP/1.0" 200 27248 "https://www.colonialairstream.com/airstreams-for-sale/new-inventory/?gclid=Cj0KCQjwl7nYBRCwARIsAL7O7dHQB3wkf0gVWIDr_c3pHZuuQcT4NqMpqmX1h8RiWB_mmNVMMAltF2kaAofOEALw_wcB" "Mozilla/5.0 (X11; CrOS x86_64 10452.85.0) AppleWebKit/537.36 (KHTML, like Gecko) Chrome/66.0.3359.158 Safari/537.36"
174.225.132.162 - - [30/May/2018:11:34:54 +0000] "GET / HTTP/1.0" 200 27809 "-" "Mozilla/5.0 (iPhone; CPU iPhone OS 11_3 like Mac OS X) AppleWebKit/605.1.15 (KHTML, like Gecko) Version/11.0 Mobile/15E148 Safari/604.1"
73.174.224.187 - - [30/May/2018:11:35:01 +0000] "GET /product/2018-airstream-classic-33fbt-twin-7/ HTTP/1.0" 200 31283 "https://www.colonialairstream.com/airstreams-for-sale/pre-owned-inventory/" "Mozilla/5.0 (iPad; CPU OS 11_2_6 like Mac OS X) AppleWebKit/604.5.6 (KHTML, like Gecko) Version/11.0 Mobile/15D100 Safari/604.1"
76.88.59.60 - - [30/May/2018:11:35:51 +0000] "GET /product/2018-winnebago-micro-minnie-2106fbs/ HTTP/1.0" 200 20817 "https://www.colonialairstream.com/airstreams-for-sale/pre-owned-inventory/" "Mozilla/5.0 (iPad; CPU OS 11_3 like Mac OS X) AppleWebKit/605.1.15 (KHTML, like Gecko) Version/11.0 Mobile/15E148 Safari/604.1"
24.230.40.159 - - [30/May/2018:11:36:17 +0000] "GET /product/2018-airstream-sport-16rb-bambi-25/ HTTP/1.0" 200 27406 "https://www.colonialairstream.com/airstreams-for-sale/new-inventory/" "Mozilla/5.0 (Macintosh; Intel Mac OS X 10_13_4) AppleWebKit/537.36 (KHTML, like Gecko) Chrome/66.0.3359.181 Safari/537.36"
207.46.13.130 - - [30/May/2018:11:36:23 +0000] "GET /rv-lifeline-batteries.html HTTP/1.0" 301 - "-" "Mozilla/5.0 (compatible; bingbot/2.0; +http://www.bing.com/bingbot.htm)"
207.46.13.184 - - [30/May/2018:11:36:23 +0000] "GET /airstreams-for-sale/international-serenity/ HTTP/1.0" 200 25109 "-" "Mozilla/5.0 (compatible; bingbot/2.0; +http://www.bing.com/bingbot.htm)"
73.174.224.187 - - [30/May/2018:11:36:43 +0000] "GET /airstreams-for-sale/pre-owned-inventory/?type=list&filter-by=used&sort-by=&status= HTTP/1.0" 200 23801 "https://www.colonialairstream.com/airstreams-for-sale/pre-owned-inventory/" "Mozilla/5.0 (iPad; CPU OS 11_2_6 like Mac OS X) AppleWebKit/604.5.6 (KHTML, like Gecko) Version/11.0 Mobile/15D100 Safari/604.1"
104.196.249.209 - - [30/May/2018:11:36:44 +0000] "GET /inventory-cache/all_.html HTTP/1.0" 200 4248 "-" "-"
24.230.40.159 - - [30/May/2018:11:36:46 +0000] "GET /product/2018-airstream-tommy-bahama-27fbq-queen-3/ HTTP/1.0" 200 25476 "https://www.colonialairstream.com/airstreams-for-sale/new-inventory/" "Mozilla/5.0 (Macintosh; Intel Mac OS X 10_13_4) AppleWebKit/537.36 (KHTML, like Gecko) Chrome/66.0.3359.181 Safari/537.36"
67.201.171.243 - - [30/May/2018:11:36:50 +0000] "GET /airstreams-for-sale/pre-owned-inventory/ HTTP/1.0" 200 23788 "https://www.colonialairstream.com/airstreams-for-sale/new-inventory/" "Mozilla/5.0 (Macintosh; Intel Mac OS X 10_12_6) AppleWebKit/537.36 (KHTML, like Gecko) Chrome/66.0.3359.181 Safari/537.36"
207.46.13.236 - - [30/May/2018:11:37:01 +0000] "GET /product/2018-airstream-sport-22fb-bambi-28/ HTTP/1.0" 404 60 "-" "Mozilla/5.0 (compatible; bingbot/2.0; +http://www.bing.com/bingbot.htm)"
73.174.224.187 - - [30/May/2018:11:37:07 +0000] "GET /airstreams-for-sale/pre-owned-inventory/?type=list&filter-by=used&sort-by=&status=instock HTTP/1.0" 200 23752 "https://www.colonialairstream.com/airstreams-for-sale/pre-owned-inventory/?type=list&filter-by=used&sort-by=&status=" "Mozilla/5.0 (iPad; CPU OS 11_2_6 like Mac OS X) AppleWebKit/604.5.6 (KHTML, like Gecko) Version/11.0 Mobile/15D100 Safari/604.1"
104.196.249.209 - - [30/May/2018:11:37:08 +0000] "GET /inventory-cache/all_instock.html HTTP/1.0" 200 4248 "-" "-"
107.77.224.14 - - [30/May/2018:11:37:23 +0000] "POST /?wc-ajax=get_refreshed_fragments HTTP/1.0" 200 588 "https://www.colonialairstream.com/airstreams-for-sale/pre-owned-inventory/" "Mozilla/5.0 (iPad; CPU OS 11_2_6 like Mac OS X) AppleWebKit/604.1.34 (KHTML, like Gecko) GSA/45.0.188348008 Mobile/15D100 Safari/604.1"
67.201.171.243 - - [30/May/2018:11:37:30 +0000] "GET /product/2016-little-guy-trailers-max-tg-xl-basic/ HTTP/1.0" 200 24010 "https://www.colonialairstream.com/airstreams-for-sale/pre-owned-inventory/" "Mozilla/5.0 (Macintosh; Intel Mac OS X 10_12_6) AppleWebKit/537.36 (KHTML, like Gecko) Chrome/66.0.3359.181 Safari/537.36"
108.15.28.78 - - [30/May/2018:11:37:34 +0000] "POST /?wc-ajax=get_refreshed_fragments HTTP/1.0" 200 588 "https://www.colonialairstream.com/airstreams-for-sale/pre-owned-inventory/" "Mozilla/5.0 (Windows NT 10.0; Win64; x64; rv:60.0) Gecko/20100101 Firefox/60.0"
17.58.100.83 - - [30/May/2018:11:37:35 +0000] "GET /2018-airstream/flying-cloud-for-sale/11341/index.html HTTP/1.0" 404 60 "-" "Mozilla/5.0 (Macintosh; Intel Mac OS X 10_10_1) AppleWebKit/600.2.5 (KHTML, like Gecko) Version/8.0.2 Safari/600.2.5 (Applebot/0.1; +http://www.apple.com/go/applebot)"
104.196.249.209 - - [30/May/2018:11:37:35 +0000] "POST /wp-cron.php?doing_wp_cron=1527680255.4156780242919921875000 HTTP/1.0" 200 - "https://www.colonialairstream.com/wp-cron.php?doing_wp_cron=1527680255.4156780242919921875000" "WordPress/4.9.6; https://www.colonialairstream.com"
76.88.59.60 - - [30/May/2018:11:37:45 +0000] "GET /product/2014-airstream-sport-16j-bambi-4/ HTTP/1.0" 200 26222 "https://www.colonialairstream.com/airstreams-for-sale/pre-owned-inventory/" "Mozilla/5.0 (iPad; CPU OS 11_3 like Mac OS X) AppleWebKit/605.1.15 (KHTML, like Gecko) Version/11.0 Mobile/15E148 Safari/604.1"
73.174.224.187 - - [30/May/2018:11:37:52 +0000] "POST /?wc-ajax=get_refreshed_fragments HTTP/1.0" 200 588 "https://www.colonialairstream.com/airstreams-for-sale/pre-owned-inventory/?type=list&filter-by=used&sort-by=&status=instock" "Mozilla/5.0 (iPad; CPU OS 11_2_6 like Mac OS X) AppleWebKit/604.5.6 (KHTML, like Gecko) Version/11.0 Mobile/15D100 Safari/604.1"
73.174.224.187 - - [30/May/2018:11:38:10 +0000] "GET /airstreams-for-sale/pre-owned-inventory/?type=list&filter-by=-1&sort-by=&status=instock HTTP/1.0" 200 23756 "https://www.colonialairstream.com/airstreams-for-sale/pre-owned-inventory/?type=list&filter-by=used&sort-by=&status=instock" "Mozilla/5.0 (iPad; CPU OS 11_2_6 like Mac OS X) AppleWebKit/604.5.6 (KHTML, like Gecko) Version/11.0 Mobile/15D100 Safari/604.1"
207.46.13.236 - - [30/May/2018:11:38:12 +0000] "GET /2017-airstream/flying-cloud-for-sale/10872/index.html HTTP/1.0" 404 60 "-" "Mozilla/5.0 (compatible; bingbot/2.0; +http://www.bing.com/bingbot.htm)"
73.174.224.187 - - [30/May/2018:11:38:19 +0000] "GET /airstreams-for-sale/pre-owned-inventory/?type=list&filter-by=-1&sort-by=model&status=instock HTTP/1.0" 200 23761 "https://www.colonialairstream.com/airstreams-for-sale/pre-owned-inventory/?type=list&filter-by=-1&sort-by=&status=instock" "Mozilla/5.0 (iPad; CPU OS 11_2_6 like Mac OS X) AppleWebKit/604.5.6 (KHTML, like Gecko) Version/11.0 Mobile/15D100 Safari/604.1"
69.114.235.203 - - [30/May/2018:11:38:39 +0000] "POST /?wc-ajax=get_refreshed_fragments HTTP/1.0" 200 588 "https://www.colonialairstream.com/" "Mozilla/5.0 (iPhone; CPU iPhone OS 11_3_1 like Mac OS X) AppleWebKit/604.1.34 (KHTML, like Gecko) GSA/50.0.197507736 Mobile/15E302 Safari/604.1"
73.174.224.187 - - [30/May/2018:11:38:47 +0000] "GET /product/2014-serro-scotty-sportsman-sportsman/ HTTP/1.0" 200 21631 "https://www.colonialairstream.com/airstreams-for-sale/pre-owned-inventory/?type=list&filter-by=-1&sort-by=model&status=instock" "Mozilla/5.0 (iPad; CPU OS 11_2_6 like Mac OS X) AppleWebKit/604.5.6 (KHTML, like Gecko) Version/11.0 Mobile/15D100 Safari/604.1"
73.174.224.187 - - [30/May/2018:11:39:59 +0000] "GET /airstreams-for-sale/new-inventory/ HTTP/1.0" 200 35460 "https://www.colonialairstream.com/airstreams-for-sale/pre-owned-inventory/?type=list&filter-by=-1&sort-by=model&status=instock" "Mozilla/5.0 (iPad; CPU OS 11_2_6 like Mac OS X) AppleWebKit/604.5.6 (KHTML, like Gecko) Version/11.0 Mobile/15D100 Safari/604.1"
172.56.3.16 - - [30/May/2018:11:40:06 +0000] "GET /airstreams-for-sale/new-inventory/ HTTP/1.0" 200 35460 "http://www.google.com/" "Mozilla/5.0 (Linux; Android 5.1.1; SM-G530T Build/LMY47X) AppleWebKit/537.36 (KHTML, like Gecko) Chrome/42.0.2311.111 Mobile Safari/537.36"
73.174.224.187 - - [30/May/2018:11:40:12 +0000] "GET /product/2018-airstream-classic-30rbq-queen-6/ HTTP/1.0" 200 30874 "https://www.colonialairstream.com/airstreams-for-sale/new-inventory/" "Mozilla/5.0 (iPad; CPU OS 11_2_6 like Mac OS X) AppleWebKit/604.5.6 (KHTML, like Gecko) Version/11.0 Mobile/15D100 Safari/604.1"
172.56.3.16 - - [30/May/2018:11:40:18 +0000] "POST /?wc-ajax=get_refreshed_fragments HTTP/1.0" 200 588 "https://www.colonialairstream.com/airstreams-for-sale/new-inventory/?gclid=EAIaIQobChMI_r6W-ayt2wIVRdbACh2cDg1MEAAYASAAEgKrKPD_BwE" "Mozilla/5.0 (Linux; Android 5.1.1; SM-G530T Build/LMY47X) AppleWebKit/537.36 (KHTML, like Gecko) Chrome/42.0.2311.111 Mobile Safari/537.36"
159.53.78.140 - - [30/May/2018:11:40:29 +0000] "GET / HTTP/1.0" 200 27809 "-" "Mozilla/4.0 (compatible;)"
159.53.78.140 - - [30/May/2018:11:40:31 +0000] "GET /feed/ HTTP/1.0" 200 1433 "-" "Mozilla/4.0 (compatible;)"
159.53.78.140 - - [30/May/2018:11:40:31 +0000] "GET /xmlrpc.php HTTP/1.0" 405 42 "-" "Mozilla/4.0 (compatible;)"
159.53.78.140 - - [30/May/2018:11:40:32 +0000] "GET /comments/feed/ HTTP/1.0" 200 426 "-" "Mozilla/4.0 (compatible;)"
159.53.78.140 - - [30/May/2018:11:40:34 +0000] "POST /?wc-ajax=get_refreshed_fragments HTTP/1.0" 200 588 "https://www.colonialairstream.com/" "Mozilla/5.0 (Windows NT 6.1; WOW64; rv:52.0) Gecko/20100101 Firefox/52.0"
172.56.3.16 - - [30/May/2018:11:40:42 +0000] "GET /product/2018-airstream-atlas-24ms-murphy-suite/ HTTP/1.0" 200 28300 "https://www.colonialairstream.com/airstreams-for-sale/new-inventory/?gclid=EAIaIQobChMI_r6W-ayt2wIVRdbACh2cDg1MEAAYASAAEgKrKPD_BwE" "Mozilla/5.0 (Linux; Android 5.1.1; SM-G530T Build/LMY47X) AppleWebKit/537.36 (KHTML, like Gecko) Chrome/42.0.2311.111 Mobile Safari/537.36"
108.210.177.113 - - [30/May/2018:11:40:43 +0000] "GET /airstreams-for-sale/tommy-bahama-travel-trailer/ HTTP/1.0" 200 25097 "https://www.bing.com/" "Mozilla/5.0 (Windows NT 10.0; Win64; x64) AppleWebKit/537.36 (KHTML, like Gecko) Chrome/64.0.3282.140 Safari/537.36 Edge/17.17134"
108.210.177.113 - - [30/May/2018:11:40:46 +0000] "POST /?wc-ajax=get_refreshed_fragments HTTP/1.0" 200 588 "https://www.colonialairstream.com/airstreams-for-sale/tommy-bahama-travel-trailer/" "Mozilla/5.0 (Windows NT 10.0; Win64; x64) AppleWebKit/537.36 (KHTML, like Gecko) Chrome/64.0.3282.140 Safari/537.36 Edge/17.17134"
108.210.177.113 - - [30/May/2018:11:40:46 +0000] "POST /wp-admin/admin-ajax.php HTTP/1.0" 200 998 "https://www.colonialairstream.com/airstreams-for-sale/tommy-bahama-travel-trailer/" "Mozilla/5.0 (Windows NT 10.0; Win64; x64) AppleWebKit/537.36 (KHTML, like Gecko) Chrome/64.0.3282.140 Safari/537.36 Edge/17.17134"
108.210.177.113 - - [30/May/2018:11:40:47 +0000] "POST /wp-admin/admin-ajax.php HTTP/1.0" 200 1131 "https://www.colonialairstream.com/airstreams-for-sale/tommy-bahama-travel-trailer/" "Mozilla/5.0 (Windows NT 10.0; Win64; x64) AppleWebKit/537.36 (KHTML, like Gecko) Chrome/64.0.3282.140 Safari/537.36 Edge/17.17134"
108.210.177.113 - - [30/May/2018:11:40:47 +0000] "POST /wp-admin/admin-ajax.php HTTP/1.0" 200 881 "https://www.colonialairstream.com/airstreams-for-sale/tommy-bahama-travel-trailer/" "Mozilla/5.0 (Windows NT 10.0; Win64; x64) AppleWebKit/537.36 (KHTML, like Gecko) Chrome/64.0.3282.140 Safari/537.36 Edge/17.17134"
76.88.59.60 - - [30/May/2018:11:41:06 +0000] "GET /airstreams-for-sale/inventory-directory/ HTTP/1.0" 200 17798 "https://www.google.com/" "Mozilla/5.0 (iPad; CPU OS 11_3 like Mac OS X) AppleWebKit/605.1.15 (KHTML, like Gecko) Version/11.0 Mobile/15E148 Safari/604.1"
73.174.224.187 - - [30/May/2018:11:41:25 +0000] "GET /product/2018-airstream-international-serenity-28rbt-twin-3/ HTTP/1.0" 200 27984 "https://www.colonialairstream.com/airstreams-for-sale/new-inventory/" "Mozilla/5.0 (iPad; CPU OS 11_2_6 like Mac OS X) AppleWebKit/604.5.6 (KHTML, like Gecko) Version/11.0 Mobile/15D100 Safari/604.1"
159.53.78.140 - - [30/May/2018:11:41:53 +0000] "GET /product/2018-airstream-sport-22fb-bambi-17/ HTTP/1.0" 200 27727 "https://www.colonialairstream.com/airstreams-for-sale/new-inventory/" "Mozilla/5.0 (Windows NT 6.1; WOW64; rv:52.0) Gecko/20100101 Firefox/52.0"
173.90.71.208 - - [30/May/2018:11:42:01 +0000] "GET /airstreams-for-sale/interstate-class-b-touring-coaches/ HTTP/1.0" 200 24118 "https://www.google.com/" "Mozilla/5.0 (iPad; CPU OS 11_2_6 like Mac OS X) AppleWebKit/604.5.6 (KHTML, like Gecko) Version/11.0 Mobile/15D100 Safari/604.1"
173.90.71.208 - - [30/May/2018:11:42:05 +0000] "POST /?wc-ajax=get_refreshed_fragments HTTP/1.0" 200 588 "https://www.colonialairstream.com/airstreams-for-sale/interstate-class-b-touring-coaches/?gclid=EAIaIQobChMIrZyFq62t2wIVg8DACh1fuwS5EAAYAyAAEgIeAvD_BwE" "Mozilla/5.0 (iPad; CPU OS 11_2_6 like Mac OS X) AppleWebKit/604.5.6 (KHTML, like Gecko) Version/11.0 Mobile/15D100 Safari/604.1"
173.90.71.208 - - [30/May/2018:11:42:05 +0000] "POST /wp-admin/admin-ajax.php HTTP/1.0" 200 1037 "https://www.colonialairstream.com/airstreams-for-sale/interstate-class-b-touring-coaches/?gclid=EAIaIQobChMIrZyFq62t2wIVg8DACh1fuwS5EAAYAyAAEgIeAvD_BwE" "Mozilla/5.0 (iPad; CPU OS 11_2_6 like Mac OS X) AppleWebKit/604.5.6 (KHTML, like Gecko) Version/11.0 Mobile/15D100 Safari/604.1"
76.88.59.60 - - [30/May/2018:11:42:29 +0000] "GET /product/2019-airstream-nest-16fb/ HTTP/1.0" 200 27214 "https://www.colonialairstream.com/airstreams-for-sale/new-inventory/" "Mozilla/5.0 (iPad; CPU OS 11_3 like Mac OS X) AppleWebKit/605.1.15 (KHTML, like Gecko) Version/11.0 Mobile/15E148 Safari/604.1"
76.88.59.60 - - [30/May/2018:11:42:50 +0000] "POST /?wc-ajax=get_refreshed_fragments HTTP/1.0" 200 588 "https://www.colonialairstream.com/airstreams-for-sale/new-inventory/" "Mozilla/5.0 (iPad; CPU OS 11_3 like Mac OS X) AppleWebKit/605.1.15 (KHTML, like Gecko) Version/11.0 Mobile/15E148 Safari/604.1"
104.196.249.209 - - [30/May/2018:11:42:51 +0000] "POST /wp-cron.php?doing_wp_cron=1527680571.0789339542388916015625 HTTP/1.0" 200 - "https://www.colonialairstream.com/wp-cron.php?doing_wp_cron=1527680571.0789339542388916015625" "WordPress/4.9.6; https://www.colonialairstream.com"
45.52.101.123 - - [30/May/2018:11:42:54 +0000] "POST /?wc-ajax=get_refreshed_fragments HTTP/1.0" 200 588 "https://www.colonialairstream.com/airstreams-for-sale/new-inventory/?gclid=EAIaIQobChMIwrWny62t2wIV1rbACh00OA4tEAAYASAAEgLyGvD_BwE" "Mozilla/5.0 (iPhone; CPU iPhone OS 11_3 like Mac OS X) AppleWebKit/605.1.15 (KHTML, like Gecko) Version/11.0 Mobile/15E148 Safari/604.1"
207.46.13.130 - - [30/May/2018:11:42:57 +0000] "GET /product/2019-airstream-nest-16u-11/ HTTP/1.0" 200 20458 "-" "Mozilla/5.0 (compatible; bingbot/2.0; +http://www.bing.com/bingbot.htm)"
76.88.59.60 - - [30/May/2018:11:42:59 +0000] "GET /product/2018-airstream-sport-16rb-bambi-18/ HTTP/1.0" 200 26784 "https://www.colonialairstream.com/airstreams-for-sale/new-inventory/" "Mozilla/5.0 (iPad; CPU OS 11_3 like Mac OS X) AppleWebKit/605.1.15 (KHTML, like Gecko) Version/11.0 Mobile/15E148 Safari/604.1"
184.6.243.75 - - [30/May/2018:11:43:21 +0000] "POST /?wc-ajax=get_refreshed_fragments HTTP/1.0" 200 588 "https://www.colonialairstream.com/airstreams-for-sale/new-inventory/?gclid=EAIaIQobChMI07Pk162t2wIVyLrACh06XQlXEAAYAyAAEgJQYvD_BwE" "Mozilla/5.0 (iPhone; CPU iPhone OS 11_3 like Mac OS X) AppleWebKit/605.1.15 (KHTML, like Gecko) Version/11.0 Mobile/15E148 Safari/604.1"
45.52.101.123 - - [30/May/2018:11:43:22 +0000] "GET /airstreams-for-sale/new-inventory/?type=list&filter-by=-1&sort-by=year&status= HTTP/1.0" 200 35452 "https://www.colonialairstream.com/airstreams-for-sale/new-inventory/?gclid=EAIaIQobChMIwrWny62t2wIV1rbACh00OA4tEAAYASAAEgLyGvD_BwE" "Mozilla/5.0 (iPhone; CPU iPhone OS 11_3 like Mac OS X) AppleWebKit/605.1.15 (KHTML, like Gecko) Version/11.0 Mobile/15E148 Safari/604.1"
104.196.249.209 - - [30/May/2018:11:43:23 +0000] "GET /inventory-cache/25_.html HTTP/1.0" 200 11570 "-" "-"
104.196.249.209 - - [30/May/2018:11:43:23 +0000] "GET /inventory-cache/inbound_.html HTTP/1.0" 200 2367 "-" "-"
73.174.224.187 - - [30/May/2018:11:43:43 +0000] "GET /product/2018-airstream-international-serenity-30rbt-twin-6/ HTTP/1.0" 200 28469 "https://www.colonialairstream.com/airstreams-for-sale/new-inventory/" "Mozilla/5.0 (iPad; CPU OS 11_2_6 like Mac OS X) AppleWebKit/604.5.6 (KHTML, like Gecko) Version/11.0 Mobile/15D100 Safari/604.1"
45.52.101.123 - - [30/May/2018:11:43:47 +0000] "GET /?s=64+ HTTP/1.0" 200 19293 "https://www.colonialairstream.com/airstreams-for-sale/new-inventory/?type=list&filter-by=-1&sort-by=year&status=" "Mozilla/5.0 (iPhone; CPU iPhone OS 11_3 like Mac OS X) AppleWebKit/605.1.15 (KHTML, like Gecko) Version/11.0 Mobile/15E148 Safari/604.1"
184.6.243.75 - - [30/May/2018:11:43:48 +0000] "GET /product/2018-airstream-tommy-bahama-27fbq-queen-5/ HTTP/1.0" 200 24959 "https://www.colonialairstream.com/airstreams-for-sale/new-inventory/?gclid=EAIaIQobChMI07Pk162t2wIVyLrACh06XQlXEAAYAyAAEgJQYvD_BwE" "Mozilla/5.0 (iPhone; CPU iPhone OS 11_3 like Mac OS X) AppleWebKit/605.1.15 (KHTML, like Gecko) Version/11.0 Mobile/15E148 Safari/604.1"
174.238.20.92 - - [30/May/2018:11:43:50 +0000] "GET /airstreams-for-sale/pre-owned-inventory/ HTTP/1.0" 200 23788 "https://www.google.com/" "Mozilla/5.0 (iPhone; CPU iPhone OS 11_3 like Mac OS X) AppleWebKit/605.1.15 (KHTML, like Gecko) Version/11.0 Mobile/15E148 Safari/604.1"
174.238.20.92 - - [30/May/2018:11:43:53 +0000] "POST /?wc-ajax=get_refreshed_fragments HTTP/1.0" 200 588 "https://www.colonialairstream.com/airstreams-for-sale/pre-owned-inventory/" "Mozilla/5.0 (iPhone; CPU iPhone OS 11_3 like Mac OS X) AppleWebKit/605.1.15 (KHTML, like Gecko) Version/11.0 Mobile/15E148 Safari/604.1"
76.88.59.60 - - [30/May/2018:11:43:57 +0000] "GET /product/2018-airstream-sport-16rb-bambi-20/ HTTP/1.0" 200 24860 "https://www.colonialairstream.com/airstreams-for-sale/new-inventory/" "Mozilla/5.0 (iPad; CPU OS 11_3 like Mac OS X) AppleWebKit/605.1.15 (KHTML, like Gecko) Version/11.0 Mobile/15E148 Safari/604.1"
174.238.20.92 - - [30/May/2018:11:44:08 +0000] "GET /product/2014-airstream-sport-16j-bambi-4/ HTTP/1.0" 200 26222 "https://www.colonialairstream.com/airstreams-for-sale/pre-owned-inventory/" "Mozilla/5.0 (iPhone; CPU iPhone OS 11_3 like Mac OS X) AppleWebKit/605.1.15 (KHTML, like Gecko) Version/11.0 Mobile/15E148 Safari/604.1"
207.46.13.184 - - [30/May/2018:11:44:26 +0000] "GET /travel-trailer-extended-service-contract/ HTTP/1.0" 200 19671 "-" "Mozilla/5.0 (compatible; bingbot/2.0; +http://www.bing.com/bingbot.htm)"
67.240.30.170 - - [30/May/2018:11:44:28 +0000] "GET /airstreams-trailers-inventory.html HTTP/1.0" 301 - "https://www.netdeals.com/click/_ylt=A0geK.eNjg5bc3oA5KWqCmVH;_ylu=X3oDMTB2c2lzOGFwBGNvbG8DYmYxBHBvcwMxBHZ0aWQDBHNlYwNvdi10b3A-/RV=2/RE=1527709453/RO=10/RU=https%3a%2f%2fwww.bing.com%2faclick%3fld%3dd3t_pa8q4ixJdO_SzbvwdTUDVUCUwCrxuXyIib-AeXGrtV5Gx1NeqdpkRR2DhFAHTNTgJceX8eu6sUuiZ8y6lhqxmgC9u-QnR7kjym1dUFlfaC-s9uWmrzhKalBKYVN0niYhjkOziqZT4LY1QGp84jXCTI4Ew%26u%3dhttp%253a%252f%252fwww.colonialairstream.com%252fairstreams-trailers-inventory.html/RK=0/RS=jRRb05NUVBXyQmZuQEZiEv0F6pY-?q=smallest+airstream+trailers+for+sale" "Mozilla/5.0 (iPad; CPU OS 11_3 like Mac OS X) AppleWebKit/605.1.15 (KHTML, like Gecko) Version/11.0 Mobile/15E148 Safari/604.1"
207.46.13.236 - - [30/May/2018:11:44:31 +0000] "GET /more-info/sku/11764A HTTP/1.0" 301 - "-" "Mozilla/5.0 (compatible; bingbot/2.0; +http://www.bing.com/bingbot.htm)"
67.240.30.170 - - [30/May/2018:11:44:33 +0000] "POST /?wc-ajax=get_refreshed_fragments HTTP/1.0" 200 588 "https://www.colonialairstream.com/airstreams-for-sale/new-inventory/" "Mozilla/5.0 (iPad; CPU OS 11_3 like Mac OS X) AppleWebKit/605.1.15 (KHTML, like Gecko) Version/11.0 Mobile/15E148 Safari/604.1"
174.238.20.92 - - [30/May/2018:11:44:34 +0000] "GET /product/2008-airstream-international-signature-16j-bambi/ HTTP/1.0" 200 24941 "https://www.colonialairstream.com/airstreams-for-sale/pre-owned-inventory/" "Mozilla/5.0 (iPhone; CPU iPhone OS 11_3 like Mac OS X) AppleWebKit/605.1.15 (KHTML, like Gecko) Version/11.0 Mobile/15E148 Safari/604.1"
67.240.30.170 - - [30/May/2018:11:44:59 +0000] "GET /airstreams-for-sale/new-inventory/?type=list&filter-by=-1&sort-by=&status= HTTP/1.0" 200 35437 "https://www.colonialairstream.com/airstreams-for-sale/new-inventory/" "Mozilla/5.0 (iPad; CPU OS 11_3 like Mac OS X) AppleWebKit/605.1.15 (KHTML, like Gecko) Version/11.0 Mobile/15E148 Safari/604.1"
76.88.59.60 - - [30/May/2018:11:45:10 +0000] "GET /product/2019-airstream-tommy-bahama-19cb-bambi/ HTTP/1.0" 200 21137 "https://www.colonialairstream.com/airstreams-for-sale/new-inventory/" "Mozilla/5.0 (iPad; CPU OS 11_3 like Mac OS X) AppleWebKit/605.1.15 (KHTML, like Gecko) Version/11.0 Mobile/15E148 Safari/604.1"
67.240.30.170 - - [30/May/2018:11:45:41 +0000] "GET /product/2018-airstream-basecamp-16nb-14/ HTTP/1.0" 200 26847 "https://www.colonialairstream.com/airstreams-for-sale/new-inventory/?type=list&filter-by=-1&sort-by=&status=" "Mozilla/5.0 (iPad; CPU OS 11_3 like Mac OS X) AppleWebKit/605.1.15 (KHTML, like Gecko) Version/11.0 Mobile/15E148 Safari/604.1"
76.88.59.60 - - [30/May/2018:11:46:23 +0000] "GET /product/2018-flying-cloud-19cb-bambi/ HTTP/1.0" 200 24056 "https://www.colonialairstream.com/airstreams-for-sale/new-inventory/" "Mozilla/5.0 (iPad; CPU OS 11_3 like Mac OS X) AppleWebKit/605.1.15 (KHTML, like Gecko) Version/11.0 Mobile/15E148 Safari/604.1"
74.182.233.17 - - [30/May/2018:11:47:30 +0000] "GET /airstream-rv-trailers-motorhomes/parts/ HTTP/1.0" 200 22801 "https://www.google.com/" "Mozilla/5.0 (Windows NT 10.0; Win64; x64) AppleWebKit/537.36 (KHTML, like Gecko) Chrome/66.0.3359.181 Safari/537.36"
74.182.233.17 - - [30/May/2018:11:47:32 +0000] "POST /?wc-ajax=get_refreshed_fragments HTTP/1.0" 200 588 "https://www.colonialairstream.com/airstream-rv-trailers-motorhomes/parts/" "Mozilla/5.0 (Windows NT 10.0; Win64; x64) AppleWebKit/537.36 (KHTML, like Gecko) Chrome/66.0.3359.181 Safari/537.36"
207.46.13.236 - - [30/May/2018:11:47:37 +0000] "GET /product/2018-airstream-classic-33fbq-queen-5/ HTTP/1.0" 200 31728 "-" "Mozilla/5.0 (compatible; bingbot/2.0; +http://www.bing.com/bingbot.htm)"
69.242.83.50 - - [30/May/2018:11:48:08 +0000] "GET /airstreams-for-sale/pre-owned-inventory/ HTTP/1.0" 200 23788 "https://www.google.com/" "Mozilla/5.0 (iPad; CPU OS 11_3 like Mac OS X) AppleWebKit/605.1.15 (KHTML, like Gecko) Version/11.0 Mobile/15E148 Safari/604.1"
104.196.249.209 - - [30/May/2018:11:48:09 +0000] "GET /inventory-cache/all_.html HTTP/1.0" 200 4248 "-" "-"
69.242.83.50 - - [30/May/2018:11:48:12 +0000] "POST /?wc-ajax=get_refreshed_fragments HTTP/1.0" 200 588 "https://www.colonialairstream.com/airstreams-for-sale/pre-owned-inventory/" "Mozilla/5.0 (iPad; CPU OS 11_3 like Mac OS X) AppleWebKit/605.1.15 (KHTML, like Gecko) Version/11.0 Mobile/15E148 Safari/604.1"
69.242.83.50 - - [30/May/2018:11:48:19 +0000] "GET /airstreams-for-sale/pre-owned-inventory/?type=list&filter-by=used&sort-by=&status= HTTP/1.0" 200 23801 "https://www.colonialairstream.com/airstreams-for-sale/pre-owned-inventory/" "Mozilla/5.0 (iPad; CPU OS 11_3 like Mac OS X) AppleWebKit/605.1.15 (KHTML, like Gecko) Version/11.0 Mobile/15E148 Safari/604.1"
54.236.1.14 - - [30/May/2018:11:48:40 +0000] "GET /2016-airstream/international-signature-for-sale/10572/index.html HTTP/1.0" 404 60 "-" "Mozilla/5.0 (compatible; Pinterestbot/1.0; +http://www.pinterest.com/bot.html)"
207.46.13.184 - - [30/May/2018:11:48:41 +0000] "GET /product/2018-airstream-interstate-grand-tour-twin/ HTTP/1.0" 200 29037 "-" "Mozilla/5.0 (compatible; bingbot/2.0; +http://www.bing.com/bingbot.htm)"
69.242.83.50 - - [30/May/2018:11:48:54 +0000] "GET /product/2017-airstream-international-serenity-23fb-queen/ HTTP/1.0" 200 28354 "https://www.colonialairstream.com/airstreams-for-sale/pre-owned-inventory/?type=list&filter-by=used&sort-by=&status=" "Mozilla/5.0 (iPad; CPU OS 11_3 like Mac OS X) AppleWebKit/605.1.15 (KHTML, like Gecko) Version/11.0 Mobile/15E148 Safari/604.1"
67.240.30.170 - - [30/May/2018:11:49:06 +0000] "GET /product/2018-airstream-basecamp-16nb-17/ HTTP/1.0" 200 26738 "https://www.colonialairstream.com/airstreams-for-sale/new-inventory/?type=list&filter-by=-1&sort-by=&status=" "Mozilla/5.0 (iPad; CPU OS 11_3 like Mac OS X) AppleWebKit/605.1.15 (KHTML, like Gecko) Version/11.0 Mobile/15E148 Safari/604.1"
207.46.13.236 - - [30/May/2018:11:49:09 +0000] "GET /product/2018-airstream-interstate-grand-tour-ext-13/ HTTP/1.0" 200 29929 "-" "Mozilla/5.0 (compatible; bingbot/2.0; +http://www.bing.com/bingbot.htm)"
211.216.61.33 - - [30/May/2018:11:49:36 +0000] "GET /product/2015-airstream-sport-22fb-bambi/ HTTP/1.0" 200 26842 "https://www.colonialairstream.com/page/2/?s=bambi" "Mozilla/5.0 (Linux; Android 7.0; SAMSUNG SM-G935S Build/NRD90M) AppleWebKit/537.36 (KHTML, like Gecko) SamsungBrowser/6.4 Chrome/56.0.2924.87 Mobile Safari/537.36"
67.240.30.170 - - [30/May/2018:11:49:36 +0000] "GET /product/2018-airstream-classic-30rbq-queen-3/ HTTP/1.0" 200 30935 "https://www.colonialairstream.com/airstreams-for-sale/new-inventory/?type=list&filter-by=-1&sort-by=&status=" "Mozilla/5.0 (iPad; CPU OS 11_3 like Mac OS X) AppleWebKit/605.1.15 (KHTML, like Gecko) Version/11.0 Mobile/15E148 Safari/604.1"
67.84.40.88 - - [30/May/2018:11:49:47 +0000] "GET /airstreams-for-sale/new-inventory/ HTTP/1.0" 200 35460 "https://www.google.com/" "Mozilla/5.0 (Macintosh; Intel Mac OS X 10_11_6) AppleWebKit/605.1.15 (KHTML, like Gecko) Version/11.1 Safari/605.1.15"
67.84.40.88 - - [30/May/2018:11:49:53 +0000] "POST /?wc-ajax=get_refreshed_fragments HTTP/1.0" 200 588 "https://www.colonialairstream.com/airstreams-for-sale/new-inventory/?gclid=Cj0KCQjwl7nYBRCwARIsAL7O7dGxPKV6xh6OtxutF4FlwiAbHyvjuI931Oy2ryCOnTff8OBYKpkBc6saAiQhEALw_wcB" "Mozilla/5.0 (Macintosh; Intel Mac OS X 10_11_6) AppleWebKit/605.1.15 (KHTML, like Gecko) Version/11.1 Safari/605.1.15"
67.240.30.170 - - [30/May/2018:11:49:57 +0000] "GET /product/2018-airstream-atlas-24ms-murphy-suite/ HTTP/1.0" 200 28300 "https://www.colonialairstream.com/airstreams-for-sale/new-inventory/?type=list&filter-by=-1&sort-by=&status=" "Mozilla/5.0 (iPad; CPU OS 11_3 like Mac OS X) AppleWebKit/605.1.15 (KHTML, like Gecko) Version/11.0 Mobile/15E148 Safari/604.1"
67.84.40.88 - - [30/May/2018:11:50:01 +0000] "GET /airstreams-for-sale/pre-owned-inventory/ HTTP/1.0" 200 23788 "https://www.colonialairstream.com/airstreams-for-sale/new-inventory/?gclid=Cj0KCQjwl7nYBRCwARIsAL7O7dGxPKV6xh6OtxutF4FlwiAbHyvjuI931Oy2ryCOnTff8OBYKpkBc6saAiQhEALw_wcB" "Mozilla/5.0 (Macintosh; Intel Mac OS X 10_11_6) AppleWebKit/605.1.15 (KHTML, like Gecko) Version/11.1 Safari/605.1.15"
194.187.170.111 - - [30/May/2018:11:50:38 +0000] "GET / HTTP/1.0" 200 27809 "-" "Mozilla/5.0 (compatible; Qwantify/2.4w; +https://www.qwant.com/)/2.4w"
67.84.40.88 - - [30/May/2018:11:50:47 +0000] "GET /product/2018-airstream-classic-33fbt-twin-7/ HTTP/1.0" 200 33921 "https://www.colonialairstream.com/airstreams-for-sale/pre-owned-inventory/" "Mozilla/5.0 (Macintosh; Intel Mac OS X 10_11_6) AppleWebKit/605.1.15 (KHTML, like Gecko) Version/11.1 Safari/605.1.15"
67.84.40.88 - - [30/May/2018:11:51:22 +0000] "GET /airstreams-for-sale/airstream-classic/ HTTP/1.0" 200 25298 "https://www.colonialairstream.com/product/2018-airstream-classic-33fbt-twin-7/" "Mozilla/5.0 (Macintosh; Intel Mac OS X 10_11_6) AppleWebKit/605.1.15 (KHTML, like Gecko) Version/11.1 Safari/605.1.15"
