211.216.61.33 - - [30/May/2018:12:23:14 +0000] "GET /page/3/?s=bambi HTTP/1.0" 200 18935 "https://www.colonialairstream.com/page/2/?s=bambi" "Mozilla/5.0 (Linux; Android 7.0; SAMSUNG SM-G935S Build/NRD90M) AppleWebKit/537.36 (KHTML, like Gecko) SamsungBrowser/6.4 Chrome/56.0.2924.87 Mobile Safari/537.36"
211.216.61.33 - - [30/May/2018:12:23:28 +0000] "GET /product/2018-airstream-tommy-bahama-19cb-bambi-2/ HTTP/1.0" 200 23669 "https://www.colonialairstream.com/page/3/?s=bambi" "Mozilla/5.0 (Linux; Android 7.0; SAMSUNG SM-G935S Build/NRD90M) AppleWebKit/537.36 (KHTML, like Gecko) SamsungBrowser/6.4 Chrome/56.0.2924.87 Mobile Safari/537.36"
174.216.19.182 - - [30/May/2018:12:23:31 +0000] "GET / HTTP/1.0" 200 27809 "-" "Mozilla/5.0 (Linux; Android 5.1; QTAIR7 Build/LMY47D) AppleWebKit/537.36 (KHTML, like Gecko) Chrome/63.0.3239.111 Safari/537.36"
174.216.19.182 - - [30/May/2018:12:23:36 +0000] "POST /?wc-ajax=get_refreshed_fragments HTTP/1.0" 200 588 "https://www.colonialairstream.com/" "Mozilla/5.0 (Linux; Android 5.1; QTAIR7 Build/LMY47D) AppleWebKit/537.36 (KHTML, like Gecko) Chrome/63.0.3239.111 Safari/537.36"
207.46.13.130 - - [30/May/2018:12:23:37 +0000] "GET /airstreams-for-sale/testtesttest/ HTTP/1.0" 200 24031 "-" "Mozilla/5.0 (compatible; bingbot/2.0; +http://www.bing.com/bingbot.htm)"
54.90.140.139 - - [30/May/2018:12:23:46 +0000] "GET / HTTP/1.0" 200 27809 "-" "Apache-HttpClient/4.5.3 (Java/1.8.0_161)"
71.105.146.96 - - [30/May/2018:12:23:58 +0000] "GET /blog/2015-winnebago-travato-59g-flame-red-ram-promaster-gas-motorhome-rv/ HTTP/1.0" 200 19320 "https://www.colonialairstream.com/?s=Travato+" "Mozilla/5.0 (iPhone; CPU iPhone OS 11_2_5 like Mac OS X) AppleWebKit/604.5.6 (KHTML, like Gecko) Version/11.0 Mobile/15D60 Safari/604.1"
71.105.146.96 - - [30/May/2018:12:24:00 +0000] "POST /?wc-ajax=get_refreshed_fragments HTTP/1.0" 200 588 "https://www.colonialairstream.com/blog/2015-winnebago-travato-59g-flame-red-ram-promaster-gas-motorhome-rv/" "Mozilla/5.0 (iPhone; CPU iPhone OS 11_2_5 like Mac OS X) AppleWebKit/604.5.6 (KHTML, like Gecko) Version/11.0 Mobile/15D60 Safari/604.1"
174.216.19.182 - - [30/May/2018:12:24:02 +0000] "GET /product/2018-airstream-sport-22fb-bambi-20/ HTTP/1.0" 200 26991 "https://www.colonialairstream.com/airstreams-for-sale/pre-owned-inventory/" "Mozilla/5.0 (Linux; Android 5.1; QTAIR7 Build/LMY47D) AppleWebKit/537.36 (KHTML, like Gecko) Chrome/63.0.3239.111 Safari/537.36"
211.216.61.33 - - [30/May/2018:12:24:37 +0000] "GET /product/2018-airstream-tommy-bahama-19cb-bambi/ HTTP/1.0" 200 23830 "https://www.colonialairstream.com/page/3/?s=bambi" "Mozilla/5.0 (Linux; Android 7.0; SAMSUNG SM-G935S Build/NRD90M) AppleWebKit/537.36 (KHTML, like Gecko) SamsungBrowser/6.4 Chrome/56.0.2924.87 Mobile Safari/537.36"
207.46.13.184 - - [30/May/2018:12:24:46 +0000] "GET /product/2018-airstream-classic-33fbt-twin-4/ HTTP/1.0" 200 33440 "-" "Mozilla/5.0 (compatible; bingbot/2.0; +http://www.bing.com/bingbot.htm)"
174.231.19.246 - - [30/May/2018:12:24:49 +0000] "POST /?wc-ajax=get_refreshed_fragments HTTP/1.0" 200 588 "https://www.colonialairstream.com/airstreams-for-sale/pre-owned-inventory/" "Mozilla/5.0 (Linux; Android 7.0; SM-G930V Build/NRD90M) AppleWebKit/537.36 (KHTML, like Gecko) Chrome/66.0.3359.158 Mobile Safari/537.36"
54.236.1.15 - - [30/May/2018:12:25:19 +0000] "GET /airstreams/Panamerica/index.htm HTTP/1.0" 301 - "-" "Mozilla/5.0 (compatible; Pinterestbot/1.0; +http://www.pinterest.com/bot.html)"
64.20.192.34 - - [30/May/2018:12:25:21 +0000] "POST /?wc-ajax=get_refreshed_fragments HTTP/1.0" 200 588 "https://www.colonialairstream.com/airstreams-for-sale/pre-owned-inventory/" "Mozilla/5.0 (Windows NT 6.1; rv:60.0) Gecko/20100101 Firefox/60.0"
174.231.19.246 - - [30/May/2018:12:25:21 +0000] "GET /product/2014-airstream-flying-cloud-25fbq-queen/ HTTP/1.0" 200 29038 "https://www.colonialairstream.com/airstreams-for-sale/pre-owned-inventory/?type=list&filter-by=used&sort-by=&status=" "Mozilla/5.0 (Linux; Android 7.0; SM-G930V Build/NRD90M) AppleWebKit/537.36 (KHTML, like Gecko) Chrome/66.0.3359.158 Mobile Safari/537.36"
211.216.61.33 - - [30/May/2018:12:25:29 +0000] "GET /product/2018-airstream-flying-cloud-20fb-bambi-2/ HTTP/1.0" 200 28079 "https://www.colonialairstream.com/page/3/?s=bambi" "Mozilla/5.0 (Linux; Android 7.0; SAMSUNG SM-G935S Build/NRD90M) AppleWebKit/537.36 (KHTML, like Gecko) SamsungBrowser/6.4 Chrome/56.0.2924.87 Mobile Safari/537.36"
66.203.134.109 - - [30/May/2018:12:25:49 +0000] "POST /?wc-ajax=get_refreshed_fragments HTTP/1.0" 200 588 "https://www.colonialairstream.com/airstreams-for-sale/pre-owned-inventory/?gclid=EAIaIQobChMI-IyTlbet2wIVjiWBCh1I9AHAEAAYASACEgIgT_D_BwE" "Mozilla/5.0 (Linux; Android 7.0; SAMSUNG SM-G930P Build/NRD90M) AppleWebKit/537.36 (KHTML, like Gecko) SamsungBrowser/6.4 Chrome/56.0.2924.87 Mobile Safari/537.36"
64.20.192.34 - - [30/May/2018:12:25:53 +0000] "POST /?wc-ajax=get_refreshed_fragments HTTP/1.0" 200 588 "https://www.colonialairstream.com/airstreams-for-sale/pre-owned-inventory/" "Mozilla/5.0 (Windows NT 6.1; rv:60.0) Gecko/20100101 Firefox/60.0"
211.216.61.33 - - [30/May/2018:12:25:58 +0000] "GET /?s=20fb HTTP/1.0" 200 19001 "https://www.colonialairstream.com/product/2018-airstream-flying-cloud-20fb-bambi-2/" "Mozilla/5.0 (Linux; Android 7.0; SAMSUNG SM-G935S Build/NRD90M) AppleWebKit/537.36 (KHTML, like Gecko) SamsungBrowser/6.4 Chrome/56.0.2924.87 Mobile Safari/537.36"
64.20.192.34 - - [30/May/2018:12:26:11 +0000] "GET /product/2018-winnebago-sunstar-29ve/ HTTP/1.0" 200 27312 "https://www.colonialairstream.com/airstreams-for-sale/pre-owned-inventory/" "Mozilla/5.0 (Windows NT 6.1; rv:60.0) Gecko/20100101 Firefox/60.0"
66.203.134.109 - - [30/May/2018:12:26:26 +0000] "GET /product/2013-airstream-flying-cloud-28w-queen-2/ HTTP/1.0" 200 25629 "https://www.colonialairstream.com/airstreams-for-sale/pre-owned-inventory/?gclid=EAIaIQobChMI-IyTlbet2wIVjiWBCh1I9AHAEAAYASACEgIgT_D_BwE" "Mozilla/5.0 (Linux; Android 7.0; SAMSUNG SM-G930P Build/NRD90M) AppleWebKit/537.36 (KHTML, like Gecko) SamsungBrowser/6.4 Chrome/56.0.2924.87 Mobile Safari/537.36"
174.231.19.246 - - [30/May/2018:12:26:31 +0000] "GET /product/2016-airstream-flying-cloud-20c-bambi-2/ HTTP/1.0" 200 27841 "https://www.colonialairstream.com/airstreams-for-sale/pre-owned-inventory/?type=list&filter-by=used&sort-by=&status=" "Mozilla/5.0 (Linux; Android 7.0; SM-G930V Build/NRD90M) AppleWebKit/537.36 (KHTML, like Gecko) Chrome/66.0.3359.158 Mobile Safari/537.36"
68.194.183.248 - - [30/May/2018:12:26:32 +0000] "GET /product/2017-airstream-international-serenity-23fb-queen/ HTTP/1.0" 200 28354 "https://www.colonialairstream.com/airstreams-for-sale/pre-owned-inventory/" "Mozilla/5.0 (iPhone; CPU iPhone OS 11_3 like Mac OS X) AppleWebKit/605.1.15 (KHTML, like Gecko) Version/11.0 Mobile/15E148 Safari/604.1"
73.248.111.58 - - [30/May/2018:12:26:35 +0000] "POST /?wc-ajax=get_refreshed_fragments HTTP/1.0" 200 588 "https://www.colonialairstream.com/airstreams-for-sale/inventory-directory/" "Mozilla/5.0 (Windows NT 10.0; Win64; x64) AppleWebKit/537.36 (KHTML, like Gecko) Chrome/52.0.2743.116 Safari/537.36 Edge/15.15063"
205.254.147.8 - - [30/May/2018:12:26:38 +0000] "GET /airstreams-for-sale/pre-owned-inventory/ HTTP/1.0" 200 23788 "https://www.google.com/" "Mozilla/5.0 (Windows NT 6.1; WOW64) AppleWebKit/537.36 (KHTML, like Gecko) Chrome/66.0.3359.170 Safari/537.36"
205.254.147.8 - - [30/May/2018:12:26:41 +0000] "POST /?wc-ajax=get_refreshed_fragments HTTP/1.0" 200 588 "https://www.colonialairstream.com/airstreams-for-sale/pre-owned-inventory/" "Mozilla/5.0 (Windows NT 6.1; WOW64) AppleWebKit/537.36 (KHTML, like Gecko) Chrome/66.0.3359.170 Safari/537.36"
157.130.217.42 - - [30/May/2018:12:27:35 +0000] "POST /?wc-ajax=get_refreshed_fragments HTTP/1.0" 200 588 "https://www.colonialairstream.com/airstreams-for-sale/pre-owned-inventory/" "Mozilla/5.0 (Windows NT 10.0; Win64; x64; rv:60.0) Gecko/20100101 Firefox/60.0"
157.130.217.42 - - [30/May/2018:12:27:53 +0000] "GET /product/2005-dutchmen-dorado-24bbf/ HTTP/1.0" 200 26239 "https://www.colonialairstream.com/airstreams-for-sale/pre-owned-inventory/" "Mozilla/5.0 (Windows NT 10.0; Win64; x64; rv:60.0) Gecko/20100101 Firefox/60.0"
174.219.2.127 - - [30/May/2018:12:27:55 +0000] "POST /?wc-ajax=get_refreshed_fragments HTTP/1.0" 200 588 "https://www.colonialairstream.com/" "Mozilla/5.0 (Linux; Android 8.0.0; SM-G950U Build/R16NW) AppleWebKit/537.36 (KHTML, like Gecko) Chrome/66.0.3359.158 Mobile Safari/537.36"
205.254.147.8 - - [30/May/2018:12:28:13 +0000] "GET /product/2016-airstream-flying-cloud-20c-bambi-2/ HTTP/1.0" 200 28409 "https://www.colonialairstream.com/airstreams-for-sale/pre-owned-inventory/" "Mozilla/5.0 (Windows NT 6.1; WOW64) AppleWebKit/537.36 (KHTML, like Gecko) Chrome/66.0.3359.170 Safari/537.36"
211.216.61.33 - - [30/May/2018:12:28:20 +0000] "GET /product/2018-airstream-flying-cloud-20fb-bambi-5/ HTTP/1.0" 200 25799 "https://www.colonialairstream.com/?s=20fb" "Mozilla/5.0 (Linux; Android 7.0; SAMSUNG SM-G935S Build/NRD90M) AppleWebKit/537.36 (KHTML, like Gecko) SamsungBrowser/6.4 Chrome/56.0.2924.87 Mobile Safari/537.36"
211.216.61.33 - - [30/May/2018:12:28:35 +0000] "GET /product/2018-airstream-flying-cloud-20fb-bambi-3/ HTTP/1.0" 200 28278 "https://www.colonialairstream.com/?s=20fb" "Mozilla/5.0 (Linux; Android 7.0; SAMSUNG SM-G935S Build/NRD90M) AppleWebKit/537.36 (KHTML, like Gecko) SamsungBrowser/6.4 Chrome/56.0.2924.87 Mobile Safari/537.36"
207.46.13.122 - - [30/May/2018:12:28:47 +0000] "GET /product/2016-airstream-interstate-ext-grand-tour/ HTTP/1.0" 200 28543 "-" "Mozilla/5.0 (compatible; bingbot/2.0; +http://www.bing.com/bingbot.htm)"
205.254.147.8 - - [30/May/2018:12:28:47 +0000] "GET /product/2017-airstream-classic-30j-queen/ HTTP/1.0" 200 29617 "https://www.colonialairstream.com/airstreams-for-sale/pre-owned-inventory/" "Mozilla/5.0 (Windows NT 6.1; WOW64) AppleWebKit/537.36 (KHTML, like Gecko) Chrome/66.0.3359.170 Safari/537.36"
211.216.61.33 - - [30/May/2018:12:28:57 +0000] "GET /?s=19 HTTP/1.0" 200 18177 "https://www.colonialairstream.com/product/2018-airstream-flying-cloud-20fb-bambi-3/" "Mozilla/5.0 (Linux; Android 7.0; SAMSUNG SM-G935S Build/NRD90M) AppleWebKit/537.36 (KHTML, like Gecko) SamsungBrowser/6.4 Chrome/56.0.2924.87 Mobile Safari/537.36"
174.219.2.127 - - [30/May/2018:12:29:04 +0000] "GET /product/2018-airstream-international-signature-23cb-3/ HTTP/1.0" 200 28209 "https://www.colonialairstream.com/airstreams-for-sale/new-inventory/" "Mozilla/5.0 (Linux; Android 8.0.0; SM-G950U Build/R16NW) AppleWebKit/537.36 (KHTML, like Gecko) Chrome/66.0.3359.158 Mobile Safari/537.36"
211.216.61.33 - - [30/May/2018:12:29:20 +0000] "GET /product/2018-airstream-tommy-bahama-19cb-bambi-4/ HTTP/1.0" 200 23324 "https://www.colonialairstream.com/?s=19" "Mozilla/5.0 (Linux; Android 7.0; SAMSUNG SM-G935S Build/NRD90M) AppleWebKit/537.36 (KHTML, like Gecko) SamsungBrowser/6.4 Chrome/56.0.2924.87 Mobile Safari/537.36"
207.46.13.184 - - [30/May/2018:12:29:34 +0000] "GET /contact/thank-you/ HTTP/1.0" 200 17393 "-" "Mozilla/5.0 (compatible; bingbot/2.0; +http://www.bing.com/bingbot.htm)"
211.216.61.33 - - [30/May/2018:12:29:41 +0000] "GET /product/2019-airstream-tommy-bahama-19cb-bambi/ HTTP/1.0" 200 21137 "https://www.colonialairstream.com/?s=19" "Mozilla/5.0 (Linux; Android 7.0; SAMSUNG SM-G935S Build/NRD90M) AppleWebKit/537.36 (KHTML, like Gecko) SamsungBrowser/6.4 Chrome/56.0.2924.87 Mobile Safari/537.36"
157.130.217.42 - - [30/May/2018:12:29:46 +0000] "POST /?wc-ajax=get_refreshed_fragments HTTP/1.0" 200 588 "https://www.colonialairstream.com/airstreams-for-sale/pre-owned-inventory/" "Mozilla/5.0 (Windows NT 10.0; Win64; x64; rv:60.0) Gecko/20100101 Firefox/60.0"
104.162.54.250 - - [30/May/2018:12:29:54 +0000] "POST /?wc-ajax=get_refreshed_fragments HTTP/1.0" 200 588 "https://www.colonialairstream.com/" "Mozilla/5.0 (iPad; CPU OS 10_3_3 like Mac OS X) AppleWebKit/603.3.8 (KHTML, like Gecko) Version/10.0 Mobile/14G60 Safari/602.1"
157.130.217.42 - - [30/May/2018:12:29:57 +0000] "GET /product/2016-airstream-interstate-ext-grand-tour/ HTTP/1.0" 200 28543 "https://www.colonialairstream.com/airstreams-for-sale/pre-owned-inventory/" "Mozilla/5.0 (Windows NT 10.0; Win64; x64; rv:60.0) Gecko/20100101 Firefox/60.0"
104.6.228.41 - - [30/May/2018:12:30:11 +0000] "GET /airstreams-for-sale/new-inventory/ HTTP/1.0" 200 35460 "https://www.google.com/aclk?sa=l&ai=DChcSEwj36JSVuK3bAhWPwMAKHVSYDaoYABAAGgJpbQ&sig=AOD64_10AfUGzhw0aihJjp8OFkBi0edP9g&rct=j&q=&ved=0ahUKEwj5zo-VuK3bAhULeawKHcFeDoQQ0QwIKA&adurl=" "Mozilla/5.0 (Windows NT 6.1; WOW64; Trident/7.0; rv:11.0) like Gecko"
104.196.249.209 - - [30/May/2018:12:30:13 +0000] "GET /inventory-cache/25_.html HTTP/1.0" 200 11570 "-" "-"
104.196.249.209 - - [30/May/2018:12:30:13 +0000] "GET /inventory-cache/inbound_.html HTTP/1.0" 200 2367 "-" "-"
24.115.28.68 - - [30/May/2018:12:30:14 +0000] "GET /product/2018-airstream-classic-30rbt-twin-3/ HTTP/1.0" 200 30374 "https://www.colonialairstream.com/airstreams-for-sale/new-inventory/" "Mozilla/5.0 (iPhone; CPU iPhone OS 11_3 like Mac OS X) AppleWebKit/605.1.15 (KHTML, like Gecko) Version/11.0 Mobile/15E148 Safari/604.1"
24.115.28.68 - - [30/May/2018:12:30:19 +0000] "POST /?wc-ajax=get_refreshed_fragments HTTP/1.0" 200 588 "https://www.colonialairstream.com/product/2018-airstream-classic-30rbt-twin-3/" "Mozilla/5.0 (iPhone; CPU iPhone OS 11_3 like Mac OS X) AppleWebKit/605.1.15 (KHTML, like Gecko) Version/11.0 Mobile/15E148 Safari/604.1"
104.6.228.41 - - [30/May/2018:12:30:21 +0000] "POST /?wc-ajax=get_refreshed_fragments HTTP/1.0" 200 588 "https://www.colonialairstream.com/airstreams-for-sale/new-inventory/?gclid=EAIaIQobChMI9-iUlbit2wIVj8DACh1UmA2qEAAYASAAEgKmW_D_BwE" "Mozilla/5.0 (Windows NT 6.1; WOW64; Trident/7.0; rv:11.0) like Gecko"
211.216.61.33 - - [30/May/2018:12:30:30 +0000] "GET /?s=tommy HTTP/1.0" 200 18990 "https://www.colonialairstream.com/?s=19" "Mozilla/5.0 (Linux; Android 7.0; SAMSUNG SM-G935S Build/NRD90M) AppleWebKit/537.36 (KHTML, like Gecko) SamsungBrowser/6.4 Chrome/56.0.2924.87 Mobile Safari/537.36"
174.200.13.75 - - [30/May/2018:12:30:31 +0000] "POST /?wc-ajax=get_refreshed_fragments HTTP/1.0" 200 588 "https://www.colonialairstream.com/" "Mozilla/5.0 (Linux; Android 7.0; SM-G930V Build/NRD90M) AppleWebKit/537.36 (KHTML, like Gecko) Chrome/63.0.3239.111 Mobile Safari/537.36"
174.200.13.75 - - [30/May/2018:12:30:36 +0000] "POST /?wc-ajax=get_refreshed_fragments HTTP/1.0" 200 588 "https://www.colonialairstream.com/airstreams-for-sale/pre-owned-inventory/" "Mozilla/5.0 (Linux; Android 7.0; SM-G930V Build/NRD90M) AppleWebKit/537.36 (KHTML, like Gecko) Chrome/63.0.3239.111 Mobile Safari/537.36"
24.115.28.68 - - [30/May/2018:12:30:50 +0000] "GET /airstreams-for-sale/new-inventory/ HTTP/1.0" 200 35460 "https://www.colonialairstream.com/airstreams-for-sale/pre-owned-inventory/" "Mozilla/5.0 (iPhone; CPU iPhone OS 11_3 like Mac OS X) AppleWebKit/605.1.15 (KHTML, like Gecko) Version/11.0 Mobile/15E148 Safari/604.1"
104.6.228.41 - - [30/May/2018:12:30:51 +0000] "GET /product/2018-airstream-international-serenity-23fbq-queen-7/ HTTP/1.0" 200 28812 "https://www.colonialairstream.com/airstreams-for-sale/new-inventory/?gclid=EAIaIQobChMI9-iUlbit2wIVj8DACh1UmA2qEAAYASAAEgKmW_D_BwE" "Mozilla/5.0 (Windows NT 6.1; WOW64; Trident/7.0; rv:11.0) like Gecko"
207.46.13.223 - - [30/May/2018:12:30:53 +0000] "GET /sold-archives/ HTTP/1.0" 200 18866 "-" "Mozilla/5.0 (compatible; bingbot/2.0; +http://www.bing.com/bingbot.htm)"
100.16.113.37 - - [30/May/2018:12:30:55 +0000] "POST /?wc-ajax=get_refreshed_fragments HTTP/1.0" 200 588 "https://www.colonialairstream.com/airstreams-for-sale/new-inventory/" "Mozilla/5.0 (Linux; Android 8.0.0; SM-G955U Build/R16NW) AppleWebKit/537.36 (KHTML, like Gecko) Chrome/66.0.3359.158 Mobile Safari/537.36"
104.162.54.250 - - [30/May/2018:12:31:04 +0000] "GET /product/2018-airstream-sport-16rb-bambi-18/ HTTP/1.0" 200 26784 "https://www.colonialairstream.com/airstreams-for-sale/new-inventory/" "Mozilla/5.0 (iPad; CPU OS 10_3_3 like Mac OS X) AppleWebKit/603.3.8 (KHTML, like Gecko) Version/10.0 Mobile/14G60 Safari/602.1"
211.216.61.33 - - [30/May/2018:12:31:06 +0000] "GET /?s=tommy+2017 HTTP/1.0" 200 19074 "https://www.colonialairstream.com/?s=tommy" "Mozilla/5.0 (Linux; Android 7.0; SAMSUNG SM-G935S Build/NRD90M) AppleWebKit/537.36 (KHTML, like Gecko) SamsungBrowser/6.4 Chrome/56.0.2924.87 Mobile Safari/537.36"
211.216.61.33 - - [30/May/2018:12:31:13 +0000] "GET /product/2017-airstream-tommy-bahama-27fb-queen/ HTTP/1.0" 200 23783 "https://www.colonialairstream.com/?s=tommy+2017" "Mozilla/5.0 (Linux; Android 7.0; SAMSUNG SM-G935S Build/NRD90M) AppleWebKit/537.36 (KHTML, like Gecko) SamsungBrowser/6.4 Chrome/56.0.2924.87 Mobile Safari/537.36"
73.10.140.132 - - [30/May/2018:12:31:16 +0000] "POST /?wc-ajax=get_refreshed_fragments HTTP/1.0" 200 588 "https://www.colonialairstream.com/" "Mozilla/5.0 (iPhone; CPU iPhone OS 11_3 like Mac OS X) AppleWebKit/605.1.15 (KHTML, like Gecko) Version/11.0 Mobile/15E148 Safari/604.1"
174.200.13.75 - - [30/May/2018:12:31:16 +0000] "GET /product/2017-airstream-flying-cloud-25fbt-twin/ HTTP/1.0" 200 28754 "https://www.colonialairstream.com/airstreams-for-sale/pre-owned-inventory/" "Mozilla/5.0 (Linux; Android 7.0; SM-G930V Build/NRD90M) AppleWebKit/537.36 (KHTML, like Gecko) Chrome/63.0.3239.111 Mobile Safari/537.36"
205.254.147.8 - - [30/May/2018:12:31:21 +0000] "GET /product/2008-jayco-jay-feather-lgt-31-v/ HTTP/1.0" 200 24207 "https://www.colonialairstream.com/airstreams-for-sale/pre-owned-inventory/" "Mozilla/5.0 (Windows NT 6.1; WOW64) AppleWebKit/537.36 (KHTML, like Gecko) Chrome/66.0.3359.170 Safari/537.36"
73.10.140.132 - - [30/May/2018:12:31:23 +0000] "GET /airstreams-for-sale/pre-owned-inventory/ HTTP/1.0" 200 23788 "https://www.colonialairstream.com/" "Mozilla/5.0 (iPhone; CPU iPhone OS 11_3 like Mac OS X) AppleWebKit/605.1.15 (KHTML, like Gecko) Version/11.0 Mobile/15E148 Safari/604.1"
104.196.249.209 - - [30/May/2018:12:31:24 +0000] "GET /inventory-cache/all_.html HTTP/1.0" 200 4248 "-" "-"
104.6.118.203 - - [30/May/2018:12:31:39 +0000] "GET /inventory_directory.html HTTP/1.0" 301 - "-" "Mozilla/5.0 (Windows NT 6.3; WOW64; Trident/7.0; Touch; MALNJS; rv:11.0) like Gecko"
104.6.118.203 - - [30/May/2018:12:31:40 +0000] "GET /airstreams-for-sale/inventory-directory/ HTTP/1.0" 200 17798 "-" "Mozilla/5.0 (Windows NT 6.3; WOW64; Trident/7.0; Touch; MALNJS; rv:11.0) like Gecko"
104.162.54.250 - - [30/May/2018:12:31:43 +0000] "GET /product/2018-airstream-sport-22fb-bambi-27/ HTTP/1.0" 200 27191 "https://www.colonialairstream.com/airstreams-for-sale/new-inventory/" "Mozilla/5.0 (iPad; CPU OS 10_3_3 like Mac OS X) AppleWebKit/603.3.8 (KHTML, like Gecko) Version/10.0 Mobile/14G60 Safari/602.1"
104.6.118.203 - - [30/May/2018:12:31:44 +0000] "POST /?wc-ajax=get_refreshed_fragments HTTP/1.0" 200 588 "https://www.colonialairstream.com/airstreams-for-sale/inventory-directory/" "Mozilla/5.0 (Windows NT 6.3; WOW64; Trident/7.0; Touch; MALNJS; rv:11.0) like Gecko"
211.216.61.33 - - [30/May/2018:12:32:07 +0000] "GET /?s=2017+bambi HTTP/1.0" 200 18930 "https://www.colonialairstream.com/?s=tommy+2017" "Mozilla/5.0 (Linux; Android 7.0; SAMSUNG SM-G935S Build/NRD90M) AppleWebKit/537.36 (KHTML, like Gecko) SamsungBrowser/6.4 Chrome/56.0.2924.87 Mobile Safari/537.36"
157.130.217.42 - - [30/May/2018:12:32:16 +0000] "POST /?wc-ajax=get_refreshed_fragments HTTP/1.0" 200 588 "https://www.colonialairstream.com/airstreams-for-sale/pre-owned-inventory/" "Mozilla/5.0 (Windows NT 10.0; Win64; x64; rv:60.0) Gecko/20100101 Firefox/60.0"
157.130.217.42 - - [30/May/2018:12:32:22 +0000] "GET /product/2018-coachmen-leprechaun-260ds/ HTTP/1.0" 200 26310 "https://www.colonialairstream.com/airstreams-for-sale/pre-owned-inventory/" "Mozilla/5.0 (Windows NT 10.0; Win64; x64; rv:60.0) Gecko/20100101 Firefox/60.0"
211.216.61.33 - - [30/May/2018:12:32:23 +0000] "GET /product/2017-airstream-sport-22fb-bambi-2/ HTTP/1.0" 200 24078 "https://www.colonialairstream.com/?s=2017+bambi" "Mozilla/5.0 (Linux; Android 7.0; SAMSUNG SM-G935S Build/NRD90M) AppleWebKit/537.36 (KHTML, like Gecko) SamsungBrowser/6.4 Chrome/56.0.2924.87 Mobile Safari/537.36"
211.216.61.33 - - [30/May/2018:12:32:38 +0000] "GET /product/2017-airstream-sport-16j-bambi-3/ HTTP/1.0" 200 26963 "https://www.colonialairstream.com/?s=2017+bambi" "Mozilla/5.0 (Linux; Android 7.0; SAMSUNG SM-G935S Build/NRD90M) AppleWebKit/537.36 (KHTML, like Gecko) SamsungBrowser/6.4 Chrome/56.0.2924.87 Mobile Safari/537.36"
207.46.13.184 - - [30/May/2018:12:32:39 +0000] "GET /2018-airstream/tommy-bahama-trailer/11410/index.html HTTP/1.0" 404 60 "-" "Mozilla/5.0 (compatible; bingbot/2.0; +http://www.bing.com/bingbot.htm)"
24.115.28.68 - - [30/May/2018:12:32:41 +0000] "GET /product/2018-airstream-flying-cloud-30rbt-twin-2/ HTTP/1.0" 200 33548 "https://www.colonialairstream.com/airstreams-for-sale/new-inventory/" "Mozilla/5.0 (iPhone; CPU iPhone OS 11_3 like Mac OS X) AppleWebKit/605.1.15 (KHTML, like Gecko) Version/11.0 Mobile/15E148 Safari/604.1"
24.238.72.87 - - [30/May/2018:12:32:43 +0000] "POST /?wc-ajax=get_refreshed_fragments HTTP/1.0" 200 588 "https://www.colonialairstream.com/product/2014-airstream-flying-cloud-25fbq-queen/" "Mozilla/5.0 (iPhone; CPU iPhone OS 8_1_3 like Mac OS X) AppleWebKit/600.1.4 (KHTML, like Gecko) Version/8.0 Mobile/12B466 Safari/600.1.4"
104.6.118.203 - - [30/May/2018:12:32:57 +0000] "GET /airstreams-for-sale/pre-owned-inventory/?type=list&filter-by=used&sort-by=&status= HTTP/1.0" 200 23801 "https://www.colonialairstream.com/airstreams-for-sale/pre-owned-inventory/" "Mozilla/5.0 (Windows NT 6.3; WOW64; Trident/7.0; Touch; MALNJS; rv:11.0) like Gecko"
211.216.61.33 - - [30/May/2018:12:33:29 +0000] "GET /product/2017-airstream-sport-16j-bambi-2/ HTTP/1.0" 200 27106 "https://www.colonialairstream.com/?s=2017+bambi" "Mozilla/5.0 (Linux; Android 7.0; SAMSUNG SM-G935S Build/NRD90M) AppleWebKit/537.36 (KHTML, like Gecko) SamsungBrowser/6.4 Chrome/56.0.2924.87 Mobile Safari/537.36"
104.162.54.250 - - [30/May/2018:12:33:33 +0000] "GET /product/2018-airstream-tommy-bahama-27fbq-queen-5/ HTTP/1.0" 200 24959 "https://www.colonialairstream.com/airstreams-for-sale/new-inventory/" "Mozilla/5.0 (iPad; CPU OS 10_3_3 like Mac OS X) AppleWebKit/603.3.8 (KHTML, like Gecko) Version/10.0 Mobile/14G60 Safari/602.1"
104.6.228.41 - - [30/May/2018:12:33:37 +0000] "GET /product/2018-airstream-flying-cloud-23fbq-queen-2/ HTTP/1.0" 200 29320 "https://www.colonialairstream.com/airstreams-for-sale/new-inventory/?gclid=EAIaIQobChMI9-iUlbit2wIVj8DACh1UmA2qEAAYASAAEgKmW_D_BwE" "Mozilla/5.0 (Windows NT 6.1; WOW64; Trident/7.0; rv:11.0) like Gecko"
24.238.72.87 - - [30/May/2018:12:33:37 +0000] "POST /?wc-ajax=get_refreshed_fragments HTTP/1.0" 200 588 "https://www.colonialairstream.com/product/2018-airstream-flying-cloud-30rbt-twin-2/" "Mozilla/5.0 (iPhone; CPU iPhone OS 8_1_3 like Mac OS X) AppleWebKit/600.1.4 (KHTML, like Gecko) Version/8.0 Mobile/12B466 Safari/600.1.4"
211.216.61.33 - - [30/May/2018:12:33:40 +0000] "GET /product/2017-airstream-international-signature-19c-bambi-2/ HTTP/1.0" 200 27909 "https://www.colonialairstream.com/?s=2017+bambi" "Mozilla/5.0 (Linux; Android 7.0; SAMSUNG SM-G935S Build/NRD90M) AppleWebKit/537.36 (KHTML, like Gecko) SamsungBrowser/6.4 Chrome/56.0.2924.87 Mobile Safari/537.36"
71.169.132.160 - - [30/May/2018:12:33:43 +0000] "GET /more-info/sku/11686 HTTP/1.0" 301 - "https://www.colonialairstream.com/product/2018-airstream-flying-cloud-30fb-bunk-8/" "Mozilla/5.0 (Macintosh; Intel Mac OS X 10_13_4) AppleWebKit/537.36 (KHTML, like Gecko) Chrome/66.0.3359.139 Safari/537.36"
71.169.132.160 - - [30/May/2018:12:33:44 +0000] "GET /more-info/sku/11686/ HTTP/1.0" 200 22762 "https://www.colonialairstream.com/product/2018-airstream-flying-cloud-30fb-bunk-8/" "Mozilla/5.0 (Macintosh; Intel Mac OS X 10_13_4) AppleWebKit/537.36 (KHTML, like Gecko) Chrome/66.0.3359.139 Safari/537.36"
23.126.207.232 - - [30/May/2018:12:34:07 +0000] "GET /blog/mercedes-benz-sprinter-4x4-motorhome-sale-colonial-rv/ HTTP/1.0" 200 18838 "https://www.google.com/" "Mozilla/5.0 (iPhone; CPU iPhone OS 11_3 like Mac OS X) AppleWebKit/605.1.15 (KHTML, like Gecko) Version/11.0 Mobile/15E148 Safari/604.1"
23.126.207.232 - - [30/May/2018:12:34:09 +0000] "POST /?wc-ajax=get_refreshed_fragments HTTP/1.0" 200 588 "https://www.colonialairstream.com/blog/mercedes-benz-sprinter-4x4-motorhome-sale-colonial-rv/?gclid=EAIaIQobChMIqM2Nh7mt2wIVkySBCh14XQunEAAYASAAEgJhZ_D_BwE" "Mozilla/5.0 (iPhone; CPU iPhone OS 11_3 like Mac OS X) AppleWebKit/605.1.15 (KHTML, like Gecko) Version/11.0 Mobile/15E148 Safari/604.1"
211.216.61.33 - - [30/May/2018:12:34:19 +0000] "GET /product/2017-airstream-flying-cloud-20c-bambi/ HTTP/1.0" 200 28120 "https://www.colonialairstream.com/?s=2017+bambi" "Mozilla/5.0 (Linux; Android 7.0; SAMSUNG SM-G935S Build/NRD90M) AppleWebKit/537.36 (KHTML, like Gecko) SamsungBrowser/6.4 Chrome/56.0.2924.87 Mobile Safari/537.36"
96.88.182.89 - - [30/May/2018:12:34:41 +0000] "GET / HTTP/1.0" 200 27809 "https://www.google.com/url?sa=t&rct=j&q=&esrc=s&source=web&cd=14&ved=0ahUKEwjDl4iWua3bAhUmwFkKHcnbCWoQ_BcIezAN&url=https%3A%2F%2Fwww.colonialairstream.com%2F&usg=AOvVaw1K2f9bwsGCRITYnk7XnSK1" "Mozilla/5.0 (Windows NT 6.1; Trident/7.0; rv:11.0) like Gecko"
96.88.182.89 - - [30/May/2018:12:34:45 +0000] "POST /?wc-ajax=get_refreshed_fragments HTTP/1.0" 200 588 "https://www.colonialairstream.com/" "Mozilla/5.0 (Windows NT 6.1; Trident/7.0; rv:11.0) like Gecko"
76.7.149.127 - - [30/May/2018:12:34:53 +0000] "POST /?wc-ajax=get_refreshed_fragments HTTP/1.0" 200 588 "https://www.colonialairstream.com/" "Mozilla/5.0 (Windows NT 10.0; Win64; x64) AppleWebKit/537.36 (KHTML, like Gecko) Chrome/58.0.3029.110 Safari/537.36 Edge/16.16299"
211.216.61.33 - - [30/May/2018:12:34:53 +0000] "GET /?s=2017+23fb HTTP/1.0" 200 19164 "https://www.colonialairstream.com/?s=2017+bambi" "Mozilla/5.0 (Linux; Android 7.0; SAMSUNG SM-G935S Build/NRD90M) AppleWebKit/537.36 (KHTML, like Gecko) SamsungBrowser/6.4 Chrome/56.0.2924.87 Mobile Safari/537.36"
104.6.228.41 - - [30/May/2018:12:35:37 +0000] "GET /product/2018-airstream-international-signature-23cb-3/ HTTP/1.0" 200 28789 "https://www.colonialairstream.com/airstreams-for-sale/new-inventory/?gclid=EAIaIQobChMI9-iUlbit2wIVj8DACh1UmA2qEAAYASAAEgKmW_D_BwE" "Mozilla/5.0 (Windows NT 6.1; WOW64; Trident/7.0; rv:11.0) like Gecko"
75.168.82.128 - - [30/May/2018:12:36:18 +0000] "POST /?wc-ajax=get_refreshed_fragments HTTP/1.0" 200 588 "https://www.colonialairstream.com/airstreams-for-sale/pre-owned-inventory/" "Mozilla/5.0 (iPhone; CPU iPhone OS 11_3 like Mac OS X) AppleWebKit/605.1.15 (KHTML, like Gecko) Version/11.0 Mobile/15E148 Safari/604.1"
99.203.30.31 - - [30/May/2018:12:36:47 +0000] "POST /?wc-ajax=get_refreshed_fragments HTTP/1.0" 200 588 "https://www.colonialairstream.com/airstreams-for-sale/new-inventory/?gclid=Cj0KCQjwl7nYBRCwARIsAL7O7dHW0FwzpkpvHYFFDq1B69ijUvrlz2LK0NMSlI0djEBPP8jA0-r6V-oaArMSEALw_wcB" "Mozilla/5.0 (Linux; Android 7.0; SM-G930P Build/NRD90M) AppleWebKit/537.36 (KHTML, like Gecko) Chrome/65.0.3325.109 Mobile Safari/537.36"
211.216.61.33 - - [30/May/2018:12:36:56 +0000] "GET /product/2017-airstream-international-serenity-23fb-239/ HTTP/1.0" 200 26573 "https://www.colonialairstream.com/?s=2017+23fb" "Mozilla/5.0 (Linux; Android 7.0; SAMSUNG SM-G935S Build/NRD90M) AppleWebKit/537.36 (KHTML, like Gecko) SamsungBrowser/6.4 Chrome/56.0.2924.87 Mobile Safari/537.36"
96.88.182.89 - - [30/May/2018:12:37:03 +0000] "GET /product/2018-airstream-atlas-24ms-murphy-suite/ HTTP/1.0" 200 28868 "https://www.colonialairstream.com/airstreams-for-sale/new-inventory/" "Mozilla/5.0 (Windows NT 6.1; Trident/7.0; rv:11.0) like Gecko"
104.6.228.41 - - [30/May/2018:12:37:21 +0000] "GET /product/2018-airstream-international-serenity-23fbq-queen-6/ HTTP/1.0" 200 28988 "https://www.colonialairstream.com/airstreams-for-sale/new-inventory/?gclid=EAIaIQobChMI9-iUlbit2wIVj8DACh1UmA2qEAAYASAAEgKmW_D_BwE" "Mozilla/5.0 (Windows NT 6.1; WOW64; Trident/7.0; rv:11.0) like Gecko"
104.162.54.250 - - [30/May/2018:12:37:26 +0000] "GET /product/2018-airstream-international-serenity-30rbq-queen-4/ HTTP/1.0" 200 28503 "https://www.colonialairstream.com/airstreams-for-sale/new-inventory/" "Mozilla/5.0 (iPad; CPU OS 10_3_3 like Mac OS X) AppleWebKit/603.3.8 (KHTML, like Gecko) Version/10.0 Mobile/14G60 Safari/602.1"
104.196.249.209 - - [30/May/2018:12:38:00 +0000] "POST /wp-cron.php?doing_wp_cron=1527683880.9512779712677001953125 HTTP/1.0" 200 - "https://www.colonialairstream.com/wp-cron.php?doing_wp_cron=1527683880.9512779712677001953125" "WordPress/4.9.6; https://www.colonialairstream.com"
211.216.61.33 - - [30/May/2018:12:38:00 +0000] "GET /product/2017-airstream-flying-cloud-23fb-239/ HTTP/1.0" 200 26447 "https://www.colonialairstream.com/?s=2017+23fb" "Mozilla/5.0 (Linux; Android 7.0; SAMSUNG SM-G935S Build/NRD90M) AppleWebKit/537.36 (KHTML, like Gecko) SamsungBrowser/6.4 Chrome/56.0.2924.87 Mobile Safari/537.36"
96.88.182.89 - - [30/May/2018:12:38:07 +0000] "GET /product/2018-airstream-basecamp-16nb-15/ HTTP/1.0" 200 27248 "https://www.colonialairstream.com/airstreams-for-sale/new-inventory/" "Mozilla/5.0 (Windows NT 6.1; Trident/7.0; rv:11.0) like Gecko"
69.59.84.158 - - [30/May/2018:12:38:13 +0000] "POST /?wc-ajax=get_refreshed_fragments HTTP/1.0" 200 588 "https://www.colonialairstream.com/" "Mozilla/5.0 (Windows NT 10.0; WOW64) AppleWebKit/537.36 (KHTML, like Gecko) Chrome/66.0.3359.181 Safari/537.36"
211.216.61.33 - - [30/May/2018:12:38:13 +0000] "GET /product/2017-airstream-international-signature-23fb-239/ HTTP/1.0" 200 26667 "https://www.colonialairstream.com/?s=2017+23fb" "Mozilla/5.0 (Linux; Android 7.0; SAMSUNG SM-G935S Build/NRD90M) AppleWebKit/537.36 (KHTML, like Gecko) SamsungBrowser/6.4 Chrome/56.0.2924.87 Mobile Safari/537.36"
69.59.84.158 - - [30/May/2018:12:38:20 +0000] "GET /airstreams-for-sale/pre-owned-inventory/ HTTP/1.0" 200 23788 "https://www.colonialairstream.com/" "Mozilla/5.0 (Windows NT 10.0; WOW64) AppleWebKit/537.36 (KHTML, like Gecko) Chrome/66.0.3359.181 Safari/537.36"
207.46.13.130 - - [30/May/2018:12:38:55 +0000] "GET /product/2019-airstream-nest-16u-5/ HTTP/1.0" 200 20453 "-" "Mozilla/5.0 (compatible; bingbot/2.0; +http://www.bing.com/bingbot.htm)"
211.216.61.33 - - [30/May/2018:12:39:14 +0000] "GET /product/2017-airstream-flying-cloud-23fb-queen-2/ HTTP/1.0" 200 27983 "https://www.colonialairstream.com/?s=2017+23fb" "Mozilla/5.0 (Linux; Android 7.0; SAMSUNG SM-G935S Build/NRD90M) AppleWebKit/537.36 (KHTML, like Gecko) SamsungBrowser/6.4 Chrome/56.0.2924.87 Mobile Safari/537.36"
207.46.13.184 - - [30/May/2018:12:39:42 +0000] "GET /product/2019-airstream-nest-16u-6/ HTTP/1.0" 200 20453 "-" "Mozilla/5.0 (compatible; bingbot/2.0; +http://www.bing.com/bingbot.htm)"
174.208.3.11 - - [30/May/2018:12:39:55 +0000] "POST /?wc-ajax=get_refreshed_fragments HTTP/1.0" 200 588 "https://www.colonialairstream.com/airstreams-for-sale/pre-owned-inventory/" "Mozilla/5.0 (iPhone; CPU iPhone OS 11_3 like Mac OS X) AppleWebKit/605.1.15 (KHTML, like Gecko) Version/11.0 Mobile/15E148 Safari/604.1"
104.162.54.250 - - [30/May/2018:12:40:43 +0000] "GET /airstreams-for-sale/new-inventory/ HTTP/1.0" 200 35460 "https://www.colonialairstream.com/" "Mozilla/5.0 (iPad; CPU OS 10_3_3 like Mac OS X) AppleWebKit/603.3.8 (KHTML, like Gecko) Version/10.0 Mobile/14G60 Safari/602.1"
104.196.249.209 - - [30/May/2018:12:40:44 +0000] "GET /inventory-cache/25_.html HTTP/1.0" 200 11570 "-" "-"
104.196.249.209 - - [30/May/2018:12:40:44 +0000] "GET /inventory-cache/inbound_.html HTTP/1.0" 200 2367 "-" "-"
54.36.150.43 - - [30/May/2018:12:41:08 +0000] "GET /airstreams/airstream-international-sterling.html HTTP/1.0" 301 - "-" "Mozilla/5.0 (compatible; AhrefsBot/5.2; +http://ahrefs.com/robot/)"
104.162.54.250 - - [30/May/2018:12:41:30 +0000] "GET /product/2018-airstream-flying-cloud-30rbq-queen-7/ HTTP/1.0" 200 28851 "https://www.colonialairstream.com/airstreams-for-sale/new-inventory/" "Mozilla/5.0 (iPad; CPU OS 10_3_3 like Mac OS X) AppleWebKit/603.3.8 (KHTML, like Gecko) Version/10.0 Mobile/14G60 Safari/602.1"
211.216.61.33 - - [30/May/2018:12:41:48 +0000] "GET /?s=2017+22 HTTP/1.0" 200 19344 "https://www.colonialairstream.com/?s=2017+23fb" "Mozilla/5.0 (Linux; Android 7.0; SAMSUNG SM-G935S Build/NRD90M) AppleWebKit/537.36 (KHTML, like Gecko) SamsungBrowser/6.4 Chrome/56.0.2924.87 Mobile Safari/537.36"
211.216.61.33 - - [30/May/2018:12:42:21 +0000] "GET /product/2017-airstream-sport-22fb-bambi-218/ HTTP/1.0" 200 25060 "https://www.colonialairstream.com/?s=2017+22" "Mozilla/5.0 (Linux; Android 7.0; SAMSUNG SM-G935S Build/NRD90M) AppleWebKit/537.36 (KHTML, like Gecko) SamsungBrowser/6.4 Chrome/56.0.2924.87 Mobile Safari/537.36"
68.177.110.253 - - [30/May/2018:12:42:24 +0000] "GET /downloads-brochures/ HTTP/1.0" 200 19377 "https://www.google.com/" "Mozilla/5.0 (Linux; Android 7.0; SM-T817T Build/NRD90M) AppleWebKit/537.36 (KHTML, like Gecko) Chrome/66.0.3359.158 Safari/537.36"
68.177.110.253 - - [30/May/2018:12:42:27 +0000] "POST /?wc-ajax=get_refreshed_fragments HTTP/1.0" 200 588 "https://www.colonialairstream.com/downloads-brochures/" "Mozilla/5.0 (Linux; Android 7.0; SM-T817T Build/NRD90M) AppleWebKit/537.36 (KHTML, like Gecko) Chrome/66.0.3359.158 Safari/537.36"
207.46.13.236 - - [30/May/2018:12:42:47 +0000] "GET /product/2019-airstream-nest-16u-8/ HTTP/1.0" 200 20449 "-" "Mozilla/5.0 (compatible; bingbot/2.0; +http://www.bing.com/bingbot.htm)"
96.88.182.89 - - [30/May/2018:12:43:10 +0000] "GET /airstreams-for-sale/new-inventory/ HTTP/1.0" 200 35460 "https://www.colonialairstream.com/product/2018-airstream-basecamp-16nb-15/" "Mozilla/5.0 (Windows NT 6.1; Trident/7.0; rv:11.0) like Gecko"
104.196.249.209 - - [30/May/2018:12:43:11 +0000] "POST /wp-cron.php?doing_wp_cron=1527684191.4698519706726074218750 HTTP/1.0" 200 - "https://www.colonialairstream.com/wp-cron.php?doing_wp_cron=1527684191.4698519706726074218750" "WordPress/4.9.6; https://www.colonialairstream.com"
96.88.182.89 - - [30/May/2018:12:43:25 +0000] "GET /product/2018-airstream-classic-30rbq-queen-3/ HTTP/1.0" 200 33869 "https://www.colonialairstream.com/airstreams-for-sale/new-inventory/" "Mozilla/5.0 (Windows NT 6.1; Trident/7.0; rv:11.0) like Gecko"
24.188.188.178 - - [30/May/2018:12:43:49 +0000] "POST /wp-admin/admin-ajax.php HTTP/1.0" 200 256 "https://www.colonialairstream.com/wp-admin/post.php?post=53150&action=edit" "Mozilla/5.0 (Macintosh; Intel Mac OS X 10_13_4) AppleWebKit/537.36 (KHTML, like Gecko) Chrome/66.0.3359.181 Safari/537.36"
207.46.13.130 - - [30/May/2018:12:43:52 +0000] "GET /airstream-rv-trailers-motorhomes/service/service-form/thank-you/ HTTP/1.0" 200 17723 "-" "Mozilla/5.0 (compatible; bingbot/2.0; +http://www.bing.com/bingbot.htm)"
24.188.188.178 - - [30/May/2018:12:43:52 +0000] "POST /wp-admin/admin-ajax.php HTTP/1.0" 200 1 "https://www.colonialairstream.com/wp-admin/post.php?post=53150&action=edit" "Mozilla/5.0 (Macintosh; Intel Mac OS X 10_13_4) AppleWebKit/537.36 (KHTML, like Gecko) Chrome/66.0.3359.181 Safari/537.36"
138.20.184.141 - - [30/May/2018:12:44:07 +0000] "GET /airstreams-for-sale/pre-owned-inventory/ HTTP/1.0" 200 23788 "https://www.google.com/" "Mozilla/5.0 (iPhone; CPU iPhone OS 11_3 like Mac OS X) AppleWebKit/605.1.15 (KHTML, like Gecko) Version/11.0 Mobile/15E148 Safari/604.1"
104.196.249.209 - - [30/May/2018:12:44:08 +0000] "GET /inventory-cache/all_.html HTTP/1.0" 200 4248 "-" "-"
73.167.45.148 - - [30/May/2018:12:44:09 +0000] "POST /?wc-ajax=get_refreshed_fragments HTTP/1.0" 200 588 "https://www.colonialairstream.com/" "Mozilla/5.0 (iPhone; CPU iPhone OS 11_3 like Mac OS X) AppleWebKit/605.1.15 (KHTML, like Gecko) Version/11.0 Mobile/15E148 Safari/604.1"
138.20.184.141 - - [30/May/2018:12:44:09 +0000] "POST /?wc-ajax=get_refreshed_fragments HTTP/1.0" 200 588 "https://www.colonialairstream.com/airstreams-for-sale/pre-owned-inventory/" "Mozilla/5.0 (iPhone; CPU iPhone OS 11_3 like Mac OS X) AppleWebKit/605.1.15 (KHTML, like Gecko) Version/11.0 Mobile/15E148 Safari/604.1"
207.46.13.122 - - [30/May/2018:12:44:22 +0000] "GET /product/2009-itasca-navion-24h/ HTTP/1.0" 200 28765 "-" "Mozilla/5.0 (compatible; bingbot/2.0; +http://www.bing.com/bingbot.htm)"
207.46.13.122 - - [30/May/2018:12:44:36 +0000] "GET /product/2018-airstream-international-serenity-23fbq-queen/ HTTP/1.0" 200 29162 "-" "Mozilla/5.0 (compatible; bingbot/2.0; +http://www.bing.com/bingbot.htm)"
207.46.13.122 - - [30/May/2018:12:44:38 +0000] "GET /product/2018-airstream-atlas-249-2/ HTTP/1.0" 200 22117 "-" "Mozilla/5.0 (compatible; bingbot/2.0; +http://www.bing.com/bingbot.htm)"
138.20.184.141 - - [30/May/2018:12:44:49 +0000] "GET /airstreams-for-sale/pre-owned-inventory/?type=list&filter-by=-1&sort-by=year&status= HTTP/1.0" 200 23816 "https://www.colonialairstream.com/airstreams-for-sale/pre-owned-inventory/" "Mozilla/5.0 (iPhone; CPU iPhone OS 11_3 like Mac OS X) AppleWebKit/605.1.15 (KHTML, like Gecko) Version/11.0 Mobile/15E148 Safari/604.1"
52.55.118.82 - - [30/May/2018:12:44:51 +0000] "GET / HTTP/1.0" 200 27809 "-" "Mozilla/5.0 (Linux; Android 4.4; Nexus 5 Build/LMY48B ) AppleWebKit/537.36 (KHTML, like Gecko) Version/4.0 Chrome/30.0.0.0 Mobile Safari/537.36"
138.20.184.141 - - [30/May/2018:12:45:04 +0000] "GET /product/2014-airstream-sport-16j-bambi-4/ HTTP/1.0" 200 26222 "https://www.colonialairstream.com/airstreams-for-sale/pre-owned-inventory/?type=list&filter-by=-1&sort-by=year&status=" "Mozilla/5.0 (iPhone; CPU iPhone OS 11_3 like Mac OS X) AppleWebKit/605.1.15 (KHTML, like Gecko) Version/11.0 Mobile/15E148 Safari/604.1"
104.162.54.250 - - [30/May/2018:12:45:16 +0000] "POST /?wc-ajax=get_refreshed_fragments HTTP/1.0" 200 588 "https://www.colonialairstream.com/airstreams-for-sale/new-inventory/" "Mozilla/5.0 (iPad; CPU OS 10_3_3 like Mac OS X) AppleWebKit/603.3.8 (KHTML, like Gecko) Version/10.0 Mobile/14G60 Safari/602.1"
174.232.137.180 - - [30/May/2018:12:45:18 +0000] "POST /?wc-ajax=get_refreshed_fragments HTTP/1.0" 200 588 "https://www.colonialairstream.com/airstreams-for-sale/pre-owned-inventory/?gclid=EAIaIQobChMIyKzmxLut2wIVEr7ACh3KlwxOEAAYASACEgKUY_D_BwE" "Mozilla/5.0 (iPhone; CPU iPhone OS 11_3 like Mac OS X) AppleWebKit/605.1.15 (KHTML, like Gecko) Version/11.0 Mobile/15E148 Safari/604.1"
104.162.54.250 - - [30/May/2018:12:45:33 +0000] "GET /product/2018-airstream-classic-33fbq-queen-9/ HTTP/1.0" 200 30859 "https://www.colonialairstream.com/airstreams-for-sale/new-inventory/" "Mozilla/5.0 (iPad; CPU OS 10_3_3 like Mac OS X) AppleWebKit/603.3.8 (KHTML, like Gecko) Version/10.0 Mobile/14G60 Safari/602.1"
174.232.137.180 - - [30/May/2018:12:45:48 +0000] "GET /product/2013-airstream-flying-cloud-28w-queen-2/ HTTP/1.0" 200 25629 "https://www.colonialairstream.com/airstreams-for-sale/pre-owned-inventory/?gclid=EAIaIQobChMIyKzmxLut2wIVEr7ACh3KlwxOEAAYASACEgKUY_D_BwE" "Mozilla/5.0 (iPhone; CPU iPhone OS 11_3 like Mac OS X) AppleWebKit/605.1.15 (KHTML, like Gecko) Version/11.0 Mobile/15E148 Safari/604.1"
35.237.225.126 - - [30/May/2018:12:46:02 +0000] "GET /airstreams-for-sale/airstream-sport/ HTTP/1.0" 200 24656 "-" "Mozilla/5.0 (X11; Linux x86_64) AppleWebKit/537.36 (KHTML, like Gecko) HeadlessChrome/67.0.3391.0 Safari/537.36"
174.232.137.180 - - [30/May/2018:12:46:04 +0000] "GET /product/2014-airstream-flying-cloud-25fbq-queen/ HTTP/1.0" 200 29038 "https://www.colonialairstream.com/airstreams-for-sale/pre-owned-inventory/?gclid=EAIaIQobChMIyKzmxLut2wIVEr7ACh3KlwxOEAAYASACEgKUY_D_BwE" "Mozilla/5.0 (iPhone; CPU iPhone OS 11_3 like Mac OS X) AppleWebKit/605.1.15 (KHTML, like Gecko) Version/11.0 Mobile/15E148 Safari/604.1"
35.237.225.126 - - [30/May/2018:12:46:13 +0000] "POST /?wc-ajax=get_refreshed_fragments HTTP/1.0" 200 588 "https://www.colonialairstream.com/airstreams-for-sale/airstream-sport/" "Mozilla/5.0 (X11; Linux x86_64) AppleWebKit/537.36 (KHTML, like Gecko) HeadlessChrome/67.0.3391.0 Safari/537.36"
35.237.225.126 - - [30/May/2018:12:46:14 +0000] "POST /wp-admin/admin-ajax.php HTTP/1.0" 200 999 "https://www.colonialairstream.com/airstreams-for-sale/airstream-sport/" "Mozilla/5.0 (X11; Linux x86_64) AppleWebKit/537.36 (KHTML, like Gecko) HeadlessChrome/67.0.3391.0 Safari/537.36"
35.237.225.126 - - [30/May/2018:12:46:14 +0000] "POST /wp-admin/admin-ajax.php HTTP/1.0" 200 1036 "https://www.colonialairstream.com/airstreams-for-sale/airstream-sport/" "Mozilla/5.0 (X11; Linux x86_64) AppleWebKit/537.36 (KHTML, like Gecko) HeadlessChrome/67.0.3391.0 Safari/537.36"
96.88.182.89 - - [30/May/2018:12:46:37 +0000] "GET /product/2018-airstream-flying-cloud-23cb-5/ HTTP/1.0" 200 28549 "https://www.colonialairstream.com/airstreams-for-sale/new-inventory/" "Mozilla/5.0 (Windows NT 6.1; Trident/7.0; rv:11.0) like Gecko"
35.237.110.237 - - [30/May/2018:12:46:52 +0000] "POST /?wc-ajax=get_refreshed_fragments HTTP/1.0" 200 588 "https://www.colonialairstream.com/airstreams-for-sale/airstream-sport/" "Mozilla/5.0 (X11; Linux x86_64) AppleWebKit/537.36 (KHTML, like Gecko) HeadlessChrome/67.0.3391.0 Safari/537.36"
35.237.110.237 - - [30/May/2018:12:46:52 +0000] "POST /wp-admin/admin-ajax.php HTTP/1.0" 200 999 "https://www.colonialairstream.com/airstreams-for-sale/airstream-sport/" "Mozilla/5.0 (X11; Linux x86_64) AppleWebKit/537.36 (KHTML, like Gecko) HeadlessChrome/67.0.3391.0 Safari/537.36"
35.237.110.237 - - [30/May/2018:12:46:52 +0000] "POST /wp-admin/admin-ajax.php HTTP/1.0" 200 1037 "https://www.colonialairstream.com/airstreams-for-sale/airstream-sport/" "Mozilla/5.0 (X11; Linux x86_64) AppleWebKit/537.36 (KHTML, like Gecko) HeadlessChrome/67.0.3391.0 Safari/537.36"
207.46.13.130 - - [30/May/2018:12:47:18 +0000] "GET /inventory-itasca/ HTTP/1.0" 200 34397 "-" "Mozilla/5.0 (compatible; bingbot/2.0; +http://www.bing.com/bingbot.htm)"
141.212.122.160 - - [30/May/2018:12:47:22 +0000] "GET / HTTP/1.0" 200 27809 "http://www.colonialairstream.com/" "Mozilla/5.0 zgrab/0.x"
52.89.146.239 - - [30/May/2018:12:48:23 +0000] "POST /?wc-ajax=get_refreshed_fragments HTTP/1.0" 200 588 "https://www.colonialairstream.com/airstreams-for-sale/new-inventory/" "Mozilla/5.0 (Unknown; Linux x86_64) AppleWebKit/538.1 (KHTML, like Gecko) PhantomJS/2.1.1 Safari/538.1"
96.88.182.89 - - [30/May/2018:12:48:30 +0000] "GET /product/2018-airstream-flying-cloud-23fbq-queen-2/ HTTP/1.0" 200 29320 "https://www.colonialairstream.com/airstreams-for-sale/new-inventory/" "Mozilla/5.0 (Windows NT 6.1; Trident/7.0; rv:11.0) like Gecko"
104.162.54.250 - - [30/May/2018:12:48:45 +0000] "GET /product/2018-airstream-classic-30rbq-queen-6/ HTTP/1.0" 200 30874 "https://www.colonialairstream.com/airstreams-for-sale/new-inventory/" "Mozilla/5.0 (iPad; CPU OS 10_3_3 like Mac OS X) AppleWebKit/603.3.8 (KHTML, like Gecko) Version/10.0 Mobile/14G60 Safari/602.1"
100.16.113.37 - - [30/May/2018:12:49:01 +0000] "GET /airstreams-for-sale/new-inventory/ HTTP/1.0" 200 35460 "https://www.colonialairstream.com/" "Mozilla/5.0 (Linux; Android 8.0.0; SM-G955U Build/R16NW) AppleWebKit/537.36 (KHTML, like Gecko) Chrome/66.0.3359.158 Mobile Safari/537.36"
174.238.20.92 - - [30/May/2018:12:49:04 +0000] "GET /product/2008-airstream-international-signature-16j-bambi/ HTTP/1.0" 200 24941 "https://www.colonialairstream.com/airstreams-for-sale/pre-owned-inventory/" "Mozilla/5.0 (iPhone; CPU iPhone OS 11_3 like Mac OS X) AppleWebKit/605.1.15 (KHTML, like Gecko) Version/11.0 Mobile/15E148 Safari/604.1"
174.238.20.92 - - [30/May/2018:12:49:10 +0000] "POST /?wc-ajax=get_refreshed_fragments HTTP/1.0" 200 588 "https://www.colonialairstream.com/product/2008-airstream-international-signature-16j-bambi/" "Mozilla/5.0 (iPhone; CPU iPhone OS 11_3 like Mac OS X) AppleWebKit/605.1.15 (KHTML, like Gecko) Version/11.0 Mobile/15E148 Safari/604.1"
24.188.188.178 - - [30/May/2018:12:49:18 +0000] "POST /wp-admin/admin-ajax.php HTTP/1.0" 200 256 "https://www.colonialairstream.com/wp-admin/post.php?post=54395&action=edit" "Mozilla/5.0 (Macintosh; Intel Mac OS X 10_13_4) AppleWebKit/537.36 (KHTML, like Gecko) Chrome/66.0.3359.181 Safari/537.36"
24.188.188.178 - - [30/May/2018:12:49:20 +0000] "POST /wp-admin/admin-ajax.php HTTP/1.0" 200 1 "https://www.colonialairstream.com/wp-admin/post.php?post=54395&action=edit" "Mozilla/5.0 (Macintosh; Intel Mac OS X 10_13_4) AppleWebKit/537.36 (KHTML, like Gecko) Chrome/66.0.3359.181 Safari/537.36"
100.16.113.37 - - [30/May/2018:12:49:23 +0000] "GET /product/2019-airstream-nest-16u-2/ HTTP/1.0" 200 19839 "https://www.colonialairstream.com/airstreams-for-sale/new-inventory/" "Mozilla/5.0 (Linux; Android 8.0.0; SM-G955U Build/R16NW) AppleWebKit/537.36 (KHTML, like Gecko) Chrome/66.0.3359.158 Mobile Safari/537.36"
170.202.22.2 - - [30/May/2018:12:49:33 +0000] "GET /airstreams-for-sale/pre-owned-inventory/ HTTP/1.0" 200 23788 "https://www.google.com/" "Mozilla/5.0 (Windows NT 6.1; Win64; x64) AppleWebKit/537.36 (KHTML, like Gecko) Chrome/66.0.3359.181 Safari/537.36"
170.202.22.2 - - [30/May/2018:12:49:35 +0000] "POST /?wc-ajax=get_refreshed_fragments HTTP/1.0" 200 588 "https://www.colonialairstream.com/airstreams-for-sale/pre-owned-inventory/" "Mozilla/5.0 (Windows NT 6.1; Win64; x64) AppleWebKit/537.36 (KHTML, like Gecko) Chrome/66.0.3359.181 Safari/537.36"
100.16.113.37 - - [30/May/2018:12:49:44 +0000] "GET /product/2018-flying-cloud-19cb-bambi/ HTTP/1.0" 200 24056 "https://www.colonialairstream.com/airstreams-for-sale/new-inventory/" "Mozilla/5.0 (Linux; Android 8.0.0; SM-G955U Build/R16NW) AppleWebKit/537.36 (KHTML, like Gecko) Chrome/66.0.3359.158 Mobile Safari/537.36"
170.202.22.2 - - [30/May/2018:12:50:09 +0000] "GET /product/2016-airstream-flying-cloud-25b-queen/ HTTP/1.0" 200 28378 "https://www.colonialairstream.com/airstreams-for-sale/pre-owned-inventory/" "Mozilla/5.0 (Windows NT 6.1; Win64; x64) AppleWebKit/537.36 (KHTML, like Gecko) Chrome/66.0.3359.181 Safari/537.36"
100.16.113.37 - - [30/May/2018:12:50:15 +0000] "GET /product/2019-airstream-tommy-bahama-19cb-bambi/ HTTP/1.0" 200 21137 "https://www.colonialairstream.com/airstreams-for-sale/new-inventory/" "Mozilla/5.0 (Linux; Android 8.0.0; SM-G955U Build/R16NW) AppleWebKit/537.36 (KHTML, like Gecko) Chrome/66.0.3359.158 Mobile Safari/537.36"
173.72.39.167 - - [30/May/2018:12:50:19 +0000] "GET /airstreams-trailers-inventory.html HTTP/1.0" 301 - "https://www.bing.com/" "Mozilla/5.0 (Windows NT 10.0; Win64; x64) AppleWebKit/537.36 (KHTML, like Gecko) Chrome/64.0.3282.140 Safari/537.36 Edge/17.17134"
96.88.182.89 - - [30/May/2018:12:50:20 +0000] "GET /product/2018-airstream-atlas-24ms-murphy-suite/ HTTP/1.0" 200 28868 "https://www.colonialairstream.com/airstreams-for-sale/new-inventory/" "Mozilla/5.0 (Windows NT 6.1; Trident/7.0; rv:11.0) like Gecko"
173.72.39.167 - - [30/May/2018:12:50:22 +0000] "POST /?wc-ajax=get_refreshed_fragments HTTP/1.0" 200 588 "https://www.colonialairstream.com/airstreams-for-sale/new-inventory/" "Mozilla/5.0 (Windows NT 10.0; Win64; x64) AppleWebKit/537.36 (KHTML, like Gecko) Chrome/64.0.3282.140 Safari/537.36 Edge/17.17134"
170.202.22.2 - - [30/May/2018:12:50:33 +0000] "GET /product/2014-airstream-sport-16j-bambi-4/ HTTP/1.0" 200 26792 "https://www.colonialairstream.com/airstreams-for-sale/pre-owned-inventory/" "Mozilla/5.0 (Windows NT 6.1; Win64; x64) AppleWebKit/537.36 (KHTML, like Gecko) Chrome/66.0.3359.181 Safari/537.36"
173.72.39.167 - - [30/May/2018:12:50:54 +0000] "GET /airstreams-for-sale/flying-cloud/ HTTP/1.0" 200 25522 "https://www.colonialairstream.com/airstreams-for-sale/new-inventory/" "Mozilla/5.0 (Windows NT 10.0; Win64; x64) AppleWebKit/537.36 (KHTML, like Gecko) Chrome/64.0.3282.140 Safari/537.36 Edge/17.17134"
173.72.39.167 - - [30/May/2018:12:50:57 +0000] "POST /wp-admin/admin-ajax.php HTTP/1.0" 200 1461 "https://www.colonialairstream.com/airstreams-for-sale/flying-cloud/" "Mozilla/5.0 (Windows NT 10.0; Win64; x64) AppleWebKit/537.36 (KHTML, like Gecko) Chrome/64.0.3282.140 Safari/537.36 Edge/17.17134"
173.72.39.167 - - [30/May/2018:12:50:57 +0000] "POST /wp-admin/admin-ajax.php HTTP/1.0" 200 1139 "https://www.colonialairstream.com/airstreams-for-sale/flying-cloud/" "Mozilla/5.0 (Windows NT 10.0; Win64; x64) AppleWebKit/537.36 (KHTML, like Gecko) Chrome/64.0.3282.140 Safari/537.36 Edge/17.17134"
100.16.113.37 - - [30/May/2018:12:51:03 +0000] "GET /product/2019-airstream-nest-16u-11/ HTTP/1.0" 200 19899 "https://www.colonialairstream.com/airstreams-for-sale/new-inventory/" "Mozilla/5.0 (Linux; Android 8.0.0; SM-G955U Build/R16NW) AppleWebKit/537.36 (KHTML, like Gecko) Chrome/66.0.3359.158 Mobile Safari/537.36"
174.227.10.200 - - [30/May/2018:12:51:09 +0000] "POST /?wc-ajax=get_refreshed_fragments HTTP/1.0" 200 588 "https://www.colonialairstream.com/airstreams-for-sale/new-inventory/?gclid=EAIaIQobChMI4vW96Lyt2wIV2A2BCh3Flge3EAAYAiAAEgKeafD_BwE" "Mozilla/5.0 (iPhone; CPU iPhone OS 11_3 like Mac OS X) AppleWebKit/605.1.15 (KHTML, like Gecko) Version/11.0 Mobile/15E148 Safari/604.1"
207.46.13.236 - - [30/May/2018:12:51:17 +0000] "GET /airstream-rv-trailers-motorhomes/service/ HTTP/1.0" 200 20372 "-" "Mozilla/5.0 (compatible; bingbot/2.0; +http://www.bing.com/bingbot.htm)"
100.16.113.37 - - [30/May/2018:12:51:44 +0000] "GET /product/2018-airstream-international-serenity-30rbt-twin-6/ HTTP/1.0" 200 28469 "https://www.colonialairstream.com/airstreams-for-sale/new-inventory/" "Mozilla/5.0 (Linux; Android 8.0.0; SM-G955U Build/R16NW) AppleWebKit/537.36 (KHTML, like Gecko) Chrome/66.0.3359.158 Mobile Safari/537.36"
207.46.13.236 - - [30/May/2018:12:51:51 +0000] "GET /airstreams-for-sale/inventory-directory/ HTTP/1.0" 200 17798 "-" "Mozilla/5.0 (compatible; bingbot/2.0; +http://www.bing.com/bingbot.htm)"
