67.84.40.88 - - [30/May/2018:11:51:25 +0000] "POST /wp-admin/admin-ajax.php HTTP/1.0" 200 1039 "https://www.colonialairstream.com/airstreams-for-sale/airstream-classic/" "Mozilla/5.0 (Macintosh; Intel Mac OS X 10_11_6) AppleWebKit/605.1.15 (KHTML, like Gecko) Version/11.1 Safari/605.1.15"
67.84.40.88 - - [30/May/2018:11:51:25 +0000] "POST /wp-admin/admin-ajax.php HTTP/1.0" 200 1220 "https://www.colonialairstream.com/airstreams-for-sale/airstream-classic/" "Mozilla/5.0 (Macintosh; Intel Mac OS X 10_11_6) AppleWebKit/605.1.15 (KHTML, like Gecko) Version/11.1 Safari/605.1.15"
66.249.79.155 - - [30/May/2018:11:51:30 +0000] "GET /power-awning/ HTTP/1.0" 200 18882 "-" "Mozilla/5.0 (compatible; Googlebot/2.1; +http://www.google.com/bot.html)"
67.231.192.10 - - [30/May/2018:11:51:40 +0000] "GET /airstreams-for-sale/new-inventory/ HTTP/1.0" 200 35460 "https://googleads.g.doubleclick.net/pagead/ads?client=ca-pub-9671005952123454&output=html&h=313&slotname=5371369464&adk=3134057507&adf=2045271365&w=375&lmt=1527680822&loeid=201222031&rafmt=11&guci=2.2.0.0.2.2&format=375x313&url=https%3A%2F%2Ftinyhousetalk.com%2F69-year-old-single-woman-builds-tiny-home%2F&flash=0&fwr=1&wgl=1&adsid=AKyF-lc5elRlOKjGKvAxGOOILkMQKrj4hzjCtq4Og68i0AePI-i_vYMqIMF6KwppdA&dt=1527680822430&bpp=15&bdt=1019&fdt=17&idt=57&shv=r20180521&cbv=r20180525&saldr=aa&abxe=1&correlator=4019153210861&frm=20&ga_vid=1740352741.1527618945&ga_sid=1527680823&ga_hid=132146356&ga_fc=0&pv=2&iag=0&icsg=2148466592&dssz=25&mdo=0&mso=0&rplot=4&u_tz=-240&u_his=1&u_java=0&u_h=812&u_w=375&u_ah=812&u_aw=375&u_cd=32&u_nplug=0&u_nmime=0&adx=0&ady=476&biw=375&bih=619&scr_x=0&scr_y=0&eid=21061122%2C201222021&oid=3&rx=0&eae=0&fc=660&brdim=0%2C0%2C0%2C0%2C375%2C0%2C0%2C0%2C375%2C619&vis=1&rsz=%7C%7CeE%7C&abl=CS&ppjl=f&pfx=0&fu=144&bc=7&jar=2018-05-29-19&ifi=1&xpc=9WqbiIXeTg&p=https%3A//tinyhousetalk.com&dtd=351" "Mozilla/5.0 (iPhone; CPU iPhone OS 11_3 like Mac OS X) AppleWebKit/605.1.15 (KHTML, like Gecko) Version/11.0 Mobile/15E148 Safari/604.1"
207.46.13.130 - - [30/May/2018:11:51:43 +0000] "GET /airstreams-for-sale/airstream-basecamp/ HTTP/1.0" 200 24060 "-" "Mozilla/5.0 (compatible; bingbot/2.0; +http://www.bing.com/bingbot.htm)"
67.231.192.10 - - [30/May/2018:11:51:45 +0000] "POST /?wc-ajax=get_refreshed_fragments HTTP/1.0" 200 588 "https://www.colonialairstream.com/airstreams-for-sale/new-inventory/?gclid=EAIaIQobChMIhMWixq6t2wIVusnjBx1vmQ-cEAEYASAAEgLv6fD_BwE" "Mozilla/5.0 (iPhone; CPU iPhone OS 11_3 like Mac OS X) AppleWebKit/605.1.15 (KHTML, like Gecko) Version/11.0 Mobile/15E148 Safari/604.1"
69.242.83.50 - - [30/May/2018:11:51:49 +0000] "GET /product/2016-airstream-international-serenity-23fb-queen/ HTTP/1.0" 200 28552 "https://www.colonialairstream.com/airstreams-for-sale/pre-owned-inventory/?type=list&filter-by=used&sort-by=&status=" "Mozilla/5.0 (iPad; CPU OS 11_3 like Mac OS X) AppleWebKit/605.1.15 (KHTML, like Gecko) Version/11.0 Mobile/15E148 Safari/604.1"
23.254.250.19 - - [30/May/2018:11:51:53 +0000] "GET /airstreams-for-sale/interstate-class-b-touring-coaches/ HTTP/1.0" 200 24118 "https://www.google.com/" "Mozilla/5.0 (Macintosh; Intel Mac OS X 10.10; rv:41.0) Gecko/20100101 Firefox/55.0"
23.254.250.19 - - [30/May/2018:11:51:57 +0000] "GET /trade-in-used-rvs-airstream/ HTTP/1.0" 200 27011 "https://www.colonialairstream.com/airstreams-for-sale/interstate-class-b-touring-coaches/" "Mozilla/5.0 (Macintosh; Intel Mac OS X 10.10; rv:41.0) Gecko/20100101 Firefox/55.0"
23.254.250.19 - - [30/May/2018:11:51:59 +0000] "GET /sales/ HTTP/1.0" 200 23857 "https://www.colonialairstream.com/airstreams-for-sale/interstate-class-b-touring-coaches/" "Mozilla/5.0 (Macintosh; Intel Mac OS X 10.10; rv:41.0) Gecko/20100101 Firefox/55.0"
23.254.250.19 - - [30/May/2018:11:52:03 +0000] "GET /downloads-brochures/ HTTP/1.0" 200 19377 "https://www.colonialairstream.com/airstreams-for-sale/interstate-class-b-touring-coaches/" "Mozilla/5.0 (Macintosh; Intel Mac OS X 10.10; rv:41.0) Gecko/20100101 Firefox/55.0"
23.254.250.19 - - [30/May/2018:11:52:05 +0000] "GET /airstreams-for-sale/sold-pre-owned-inventory/ HTTP/1.0" 200 34277 "https://www.colonialairstream.com/airstreams-for-sale/interstate-class-b-touring-coaches/" "Mozilla/5.0 (Macintosh; Intel Mac OS X 10.10; rv:41.0) Gecko/20100101 Firefox/55.0"
104.196.249.209 - - [30/May/2018:11:52:06 +0000] "GET /inventory-cache/airstream_sold.html HTTP/1.0" 200 4845 "-" "-"
104.196.249.209 - - [30/May/2018:11:52:06 +0000] "GET /inventory-cache/winnebago-itasca_sold.html HTTP/1.0" 200 4300 "-" "-"
104.196.249.209 - - [30/May/2018:11:52:06 +0000] "GET /inventory-cache/roadtrek_sold.html HTTP/1.0" 200 3327 "-" "-"
104.196.249.209 - - [30/May/2018:11:52:06 +0000] "GET /inventory-cache/other_sold.html HTTP/1.0" 200 3225 "-" "-"
23.254.250.19 - - [30/May/2018:11:52:10 +0000] "GET /roadtrek-motorhomes-for-sale/specials/ HTTP/1.0" 200 17194 "https://www.colonialairstream.com/airstreams-for-sale/interstate-class-b-touring-coaches/" "Mozilla/5.0 (Macintosh; Intel Mac OS X 10.10; rv:41.0) Gecko/20100101 Firefox/55.0"
23.254.250.19 - - [30/May/2018:11:52:12 +0000] "GET /checkout/ HTTP/1.0" 200 82609 "https://www.colonialairstream.com/airstreams-for-sale/interstate-class-b-touring-coaches/" "Mozilla/5.0 (Macintosh; Intel Mac OS X 10.10; rv:41.0) Gecko/20100101 Firefox/55.0"
23.254.250.19 - - [30/May/2018:11:52:13 +0000] "GET /airstreams-for-sale/interstate-class-b-touring-coaches/&lt;iframe%20src=&quot;https://www.youtube.com/embed/Fa38vtJM67E?rel=0&controls=0&showinfo=0&quot;%20width=&quot;100%&quot;%20height=&quot;400&quot;%20frameborder=&quot;0&quot;%20allowfullscreen=&quot;allowfullscreen&quot;&gt;&lt;/iframe&gt; HTTP/1.0" 301 - "https://www.colonialairstream.com/airstreams-for-sale/interstate-class-b-touring-coaches/" "Mozilla/5.0 (Macintosh; Intel Mac OS X 10.10; rv:41.0) Gecko/20100101 Firefox/55.0"
23.254.250.19 - - [30/May/2018:11:52:14 +0000] "GET /airstreams-for-sale/interstate-class-b-touring-coaches/&lt;iframe%20src=&quot;https:/www.youtube.com/embed/Fa38vtJM67E?rel=0&controls=0&showinfo=0&quot;%20width=&quot;100%&quot;%20height=&quot;400&quot;%20frameborder=&quot;0&quot;%20allowfullscreen=&quot;allowfullscreen&quot;&gt;&lt;/iframe&gt; HTTP/1.0" 302 93537 "https://www.colonialairstream.com/airstreams-for-sale/interstate-class-b-touring-coaches/" "Mozilla/5.0 (Macintosh; Intel Mac OS X 10.10; rv:41.0) Gecko/20100101 Firefox/55.0"
23.254.250.19 - - [30/May/2018:11:52:16 +0000] "GET /?s= HTTP/1.0" 200 19240 "https://www.colonialairstream.com/airstreams-for-sale/interstate-class-b-touring-coaches/" "Mozilla/5.0 (Macintosh; Intel Mac OS X 10.10; rv:41.0) Gecko/20100101 Firefox/55.0"
159.221.32.10 - - [30/May/2018:11:52:17 +0000] "POST /?wc-ajax=get_refreshed_fragments HTTP/1.0" 200 588 "https://www.colonialairstream.com/" "Mozilla/5.0 (Windows NT 6.3; WOW64; Trident/7.0; Touch; rv:11.0) like Gecko"
23.254.250.19 - - [30/May/2018:11:52:19 +0000] "GET /colonial-rv-about-us/ HTTP/1.0" 200 19026 "https://www.colonialairstream.com/airstreams-for-sale/interstate-class-b-touring-coaches/" "Mozilla/5.0 (Macintosh; Intel Mac OS X 10.10; rv:41.0) Gecko/20100101 Firefox/55.0"
67.84.40.88 - - [30/May/2018:11:52:22 +0000] "GET /product/2018-airstream-classic-33fbq-queen-5/ HTTP/1.0" 200 31728 "https://www.colonialairstream.com/airstreams-for-sale/new-inventory/" "Mozilla/5.0 (Macintosh; Intel Mac OS X 10_11_6) AppleWebKit/605.1.15 (KHTML, like Gecko) Version/11.1 Safari/605.1.15"
158.222.165.223 - - [30/May/2018:11:52:28 +0000] "GET /inventory_directory.html HTTP/1.0" 301 - "http://searchads.msn.net/Cheap_Small_Motorhomes_for_Sale.cfm?&vsid=1706046459158390&vi=1527680838741505296&dytm=1527680837958&rtbsd=6&npgv=1&verid=121121&hvsid=00001527680837846026653915839502&upk=1527680838.21500&sttm=1527680837846&tdAdd[]=%7C%40%7CIntraArticle%3Dtrue%7C%40%7CbtfPlacement220%3Dtrue%7C%40%7Cmarket%3Den-us%7C%40%7Cvertical%3Dnews&=&tdAdd[]=%7C%40%7Cabp%3A3%3A2&kp=2&kbc=49489ef3cecdbb2f6770d4bf00fee1d5.d2s&kt=355&ki=327301455&ktd=278921347328&kbc2=ir%3D1%7C%7Ciid%3D921962%7C%7Cps%3D1.141%7C%7Crpc%3D1.13&fdkt=331&lkpgd=UUID%3D13_6_1527680839_3243%7C%7Cerpm%3D-1.0%7C%7CPTD2%3D15204872%7C%7CCI%3D1005%7C%7CSI%3D1003%7C%7CKSE%3D1527680839461%7C%7CUC%3D430%7C%7CKTGD%3D1052570%7C%7CSID%3D13%7C%7CAN%3D3%7C%7CPTD%3D3458993246622452292%7C%7CKC%3D871%7C%7CMI%3D1005%7C%7CMN%3D9%7C%7CHID%3D6%7C%7CMPTD%3D728&&lktgd=1052570&&fp=fiFsNK5_u8K3hTuUvZciW_LTIjj25wFvHrdAVER2j1XL-ozDRcv_aPgqDSJYdX_vB-7O4NmMWcQbY6z9Fo22_iWICUNm7EQnLhpQGtQNZCFwqyUNTFtUnQ%3D%3D&c=1nngfrxW4HzZ5lkHPa3IAw&cme=fUO2gf-gMRtwy2ayKWC3Cs0ppluQCKfXZgaPIYssljRICm2U8XRUdAzj3YYHYdCZdaRoIx0p9sQKnq76tEX9TNSEQ59Hss3IQQFHAV5N6KZ07KcHsFZAZc5Rledwk5ml19i0Gi7iOhpl3_QGRrUrdw9AI-gdkvYGikdpl06weueGTuPWdeF7gJbhyWY2LRV1%7C%7CNDHRnZ9Gz3KXlI-i9OnZqQ%3D%3D%7Cb0R63xgiNqQPKA7A1tMfBg%3D%3D%7CvVsU98iBYsVh75OzrrZh-A%3D%3D%7CPxzXeMabn5gBGN84f1gfK7_8V36HGhAh%7CN7fu2vKt8_s%3D%7CkTgC-OxMMzWPTAPMZ0S-NZIyozJgAu4BJenuqXeOcDRh7t40TMEs9s5Jb_xCk9Wr0Uv8YUgKHcHId3wp-8Y76i04W143Dgc_tuZWtuKy6zx1kz0bQyzYKPdZ-L4bbQh_cdmCxikvin0%3D%7Cy2SqoJcE0s8gLHKSSh1cN8xT-LY0WUe8%7Cw1g6bGsqfMZ9nXXzSAxPakAuUk-ua3ci_UIjKtN7LI_zNDhxxZ8OhXOaenMh9gC9SDp8y4PNqukPvZaka900D31x3EhAfI2axfGlLwu3vPK6vB7AlTM2dn67xH0Ia16CkcbMbbI60Zr5IaOWBb0kOzfptDMtUSaXIA9S2-7XWjnxnWh4g13qv6r7FW7jCjAJ%7C&ib=0&cid=8CU72YM44&crid=353566216&size=622x220&lpid=&tsid=684&ksu=224&chid=&https=0&kwdsMaxTm=400&ugd=4&maxProviderPixel1=&maxProviderPixel2=&rms=1527680839&&sc=NY&asn=12271&clsKb=2&ecref=w77EQ%3ASSBBB.YQz.NmYSJzoxQSzJBQSxQS1jGJL7moGL8zyQoj1zOQj8OJQo7mozmL7woN1Lmj8z1o1k7JLoU8jj8zyofS1LoKK59zQJ%3FmN8OvQE1L71zOwE&kct=245576&abpl=2" "Mozilla/5.0 (Windows NT 10.0; Win64; x64) AppleWebKit/537.36 (KHTML, like Gecko) Chrome/64.0.3282.140 Safari/537.36 Edge/17.17134"
158.222.165.223 - - [30/May/2018:11:52:29 +0000] "GET /airstreams-for-sale/inventory-directory/ HTTP/1.0" 200 17798 "http://searchads.msn.net/Cheap_Small_Motorhomes_for_Sale.cfm?&vsid=1706046459158390&vi=1527680838741505296&dytm=1527680837958&rtbsd=6&npgv=1&verid=121121&hvsid=00001527680837846026653915839502&upk=1527680838.21500&sttm=1527680837846&tdAdd[]=%7C%40%7CIntraArticle%3Dtrue%7C%40%7CbtfPlacement220%3Dtrue%7C%40%7Cmarket%3Den-us%7C%40%7Cvertical%3Dnews&=&tdAdd[]=%7C%40%7Cabp%3A3%3A2&kp=2&kbc=49489ef3cecdbb2f6770d4bf00fee1d5.d2s&kt=355&ki=327301455&ktd=278921347328&kbc2=ir%3D1%7C%7Ciid%3D921962%7C%7Cps%3D1.141%7C%7Crpc%3D1.13&fdkt=331&lkpgd=UUID%3D13_6_1527680839_3243%7C%7Cerpm%3D-1.0%7C%7CPTD2%3D15204872%7C%7CCI%3D1005%7C%7CSI%3D1003%7C%7CKSE%3D1527680839461%7C%7CUC%3D430%7C%7CKTGD%3D1052570%7C%7CSID%3D13%7C%7CAN%3D3%7C%7CPTD%3D3458993246622452292%7C%7CKC%3D871%7C%7CMI%3D1005%7C%7CMN%3D9%7C%7CHID%3D6%7C%7CMPTD%3D728&&lktgd=1052570&&fp=fiFsNK5_u8K3hTuUvZciW_LTIjj25wFvHrdAVER2j1XL-ozDRcv_aPgqDSJYdX_vB-7O4NmMWcQbY6z9Fo22_iWICUNm7EQnLhpQGtQNZCFwqyUNTFtUnQ%3D%3D&c=1nngfrxW4HzZ5lkHPa3IAw&cme=fUO2gf-gMRtwy2ayKWC3Cs0ppluQCKfXZgaPIYssljRICm2U8XRUdAzj3YYHYdCZdaRoIx0p9sQKnq76tEX9TNSEQ59Hss3IQQFHAV5N6KZ07KcHsFZAZc5Rledwk5ml19i0Gi7iOhpl3_QGRrUrdw9AI-gdkvYGikdpl06weueGTuPWdeF7gJbhyWY2LRV1%7C%7CNDHRnZ9Gz3KXlI-i9OnZqQ%3D%3D%7Cb0R63xgiNqQPKA7A1tMfBg%3D%3D%7CvVsU98iBYsVh75OzrrZh-A%3D%3D%7CPxzXeMabn5gBGN84f1gfK7_8V36HGhAh%7CN7fu2vKt8_s%3D%7CkTgC-OxMMzWPTAPMZ0S-NZIyozJgAu4BJenuqXeOcDRh7t40TMEs9s5Jb_xCk9Wr0Uv8YUgKHcHId3wp-8Y76i04W143Dgc_tuZWtuKy6zx1kz0bQyzYKPdZ-L4bbQh_cdmCxikvin0%3D%7Cy2SqoJcE0s8gLHKSSh1cN8xT-LY0WUe8%7Cw1g6bGsqfMZ9nXXzSAxPakAuUk-ua3ci_UIjKtN7LI_zNDhxxZ8OhXOaenMh9gC9SDp8y4PNqukPvZaka900D31x3EhAfI2axfGlLwu3vPK6vB7AlTM2dn67xH0Ia16CkcbMbbI60Zr5IaOWBb0kOzfptDMtUSaXIA9S2-7XWjnxnWh4g13qv6r7FW7jCjAJ%7C&ib=0&cid=8CU72YM44&crid=353566216&size=622x220&lpid=&tsid=684&ksu=224&chid=&https=0&kwdsMaxTm=400&ugd=4&maxProviderPixel1=&maxProviderPixel2=&rms=1527680839&&sc=NY&asn=12271&clsKb=2&ecref=w77EQ%3ASSBBB.YQz.NmYSJzoxQSzJBQSxQS1jGJL7moGL8zyQoj1zOQj8OJQo7mozmL7woN1Lmj8z1o1k7JLoU8jj8zyofS1LoKK59zQJ%3FmN8OvQE1L71zOwE&kct=245576&abpl=2" "Mozilla/5.0 (Windows NT 10.0; Win64; x64) AppleWebKit/537.36 (KHTML, like Gecko) Chrome/64.0.3282.140 Safari/537.36 Edge/17.17134"
158.222.165.223 - - [30/May/2018:11:52:32 +0000] "POST /?wc-ajax=get_refreshed_fragments HTTP/1.0" 200 588 "https://www.colonialairstream.com/airstreams-for-sale/inventory-directory/" "Mozilla/5.0 (Windows NT 10.0; Win64; x64) AppleWebKit/537.36 (KHTML, like Gecko) Chrome/64.0.3282.140 Safari/537.36 Edge/17.17134"
108.218.216.239 - - [30/May/2018:11:52:44 +0000] "POST /?wc-ajax=get_refreshed_fragments HTTP/1.0" 200 588 "https://www.colonialairstream.com/airstreams-for-sale/pre-owned-inventory/" "Mozilla/5.0 (iPad; CPU OS 11_3_1 like Mac OS X) AppleWebKit/604.1.34 (KHTML, like Gecko) GSA/50.0.197507736 Mobile/15E302 Safari/604.1"
69.242.83.50 - - [30/May/2018:11:53:02 +0000] "GET /product/2018-airstream-interstate-tommy-bahama-grand-tour-ext-3/ HTTP/1.0" 200 29836 "https://www.colonialairstream.com/airstreams-for-sale/pre-owned-inventory/?type=list&filter-by=used&sort-by=&status=" "Mozilla/5.0 (iPad; CPU OS 11_3 like Mac OS X) AppleWebKit/605.1.15 (KHTML, like Gecko) Version/11.0 Mobile/15E148 Safari/604.1"
159.221.32.10 - - [30/May/2018:11:53:10 +0000] "GET /product/2018-airstream-international-signature-30rbq-queen-3/ HTTP/1.0" 200 29529 "https://www.colonialairstream.com/airstreams-for-sale/new-inventory/" "Mozilla/5.0 (Windows NT 6.3; WOW64; Trident/7.0; Touch; rv:11.0) like Gecko"
158.222.165.223 - - [30/May/2018:11:53:13 +0000] "GET /product/2014-thor-motor-coach-freedom-elite-22e/ HTTP/1.0" 200 24344 "https://www.colonialairstream.com/airstreams-for-sale/pre-owned-inventory/" "Mozilla/5.0 (Windows NT 10.0; Win64; x64) AppleWebKit/537.36 (KHTML, like Gecko) Chrome/64.0.3282.140 Safari/537.36 Edge/17.17134"
67.240.30.170 - - [30/May/2018:11:53:14 +0000] "GET /airstreams-for-sale/new-inventory/ HTTP/1.0" 200 35460 "https://www.netdeals.com/click/_ylt=A0geK.eNjg5bc3oA5KWqCmVH;_ylu=X3oDMTB2c2lzOGFwBGNvbG8DYmYxBHBvcwMxBHZ0aWQDBHNlYwNvdi10b3A-/RV=2/RE=1527709453/RO=10/RU=https%3a%2f%2fwww.bing.com%2faclick%3fld%3dd3t_pa8q4ixJdO_SzbvwdTUDVUCUwCrxuXyIib-AeXGrtV5Gx1NeqdpkRR2DhFAHTNTgJceX8eu6sUuiZ8y6lhqxmgC9u-QnR7kjym1dUFlfaC-s9uWmrzhKalBKYVN0niYhjkOziqZT4LY1QGp84jXCTI4Ew%26u%3dhttp%253a%252f%252fwww.colonialairstream.com%252fairstreams-trailers-inventory.html/RK=0/RS=jRRb05NUVBXyQmZuQEZiEv0F6pY-?q=smallest+airstream+trailers+for+sale" "Mozilla/5.0 (iPad; CPU OS 11_3 like Mac OS X) AppleWebKit/605.1.15 (KHTML, like Gecko) Version/11.0 Mobile/15E148 Safari/604.1"
69.242.83.50 - - [30/May/2018:11:53:31 +0000] "GET /product/2017-airstream-classic-30j-queen/ HTTP/1.0" 200 29063 "https://www.colonialairstream.com/airstreams-for-sale/pre-owned-inventory/?type=list&filter-by=used&sort-by=&status=" "Mozilla/5.0 (iPad; CPU OS 11_3 like Mac OS X) AppleWebKit/605.1.15 (KHTML, like Gecko) Version/11.0 Mobile/15E148 Safari/604.1"
67.231.192.10 - - [30/May/2018:11:53:49 +0000] "GET /product/2018-airstream-international-serenity-25rbt-twin-7/ HTTP/1.0" 200 28217 "https://www.colonialairstream.com/airstreams-for-sale/new-inventory/?gclid=EAIaIQobChMIhMWixq6t2wIVusnjBx1vmQ-cEAEYASAAEgLv6fD_BwE" "Mozilla/5.0 (iPhone; CPU iPhone OS 11_3 like Mac OS X) AppleWebKit/605.1.15 (KHTML, like Gecko) Version/11.0 Mobile/15E148 Safari/604.1"
207.46.13.122 - - [30/May/2018:11:54:07 +0000] "GET /similar-vehicles/ HTTP/1.0" 200 16791 "-" "Mozilla/5.0 (compatible; bingbot/2.0; +http://www.bing.com/bingbot.htm)"
159.221.32.10 - - [30/May/2018:11:54:24 +0000] "GET /product/2018-airstream-flying-cloud-28rbq-queen-3/ HTTP/1.0" 200 29106 "https://www.colonialairstream.com/airstreams-for-sale/new-inventory/" "Mozilla/5.0 (Windows NT 6.3; WOW64; Trident/7.0; Touch; rv:11.0) like Gecko"
207.46.13.122 - - [30/May/2018:11:54:33 +0000] "GET /2018-airstream/flying-cloud-for-sale/11593/index.html HTTP/1.0" 404 60 "-" "Mozilla/5.0 (compatible; bingbot/2.0; +http://www.bing.com/bingbot.htm)"
71.121.148.12 - - [30/May/2018:11:54:35 +0000] "POST /?wc-ajax=get_refreshed_fragments HTTP/1.0" 200 588 "https://www.colonialairstream.com/airstreams-for-sale/pre-owned-inventory/" "Mozilla/5.0 (iPad; CPU OS 9_3_5 like Mac OS X) AppleWebKit/601.1.46 (KHTML, like Gecko) Version/9.0 Mobile/13G36 Safari/601.1"
71.121.148.12 - - [30/May/2018:11:55:52 +0000] "POST /?wc-ajax=get_refreshed_fragments HTTP/1.0" 200 588 "https://www.colonialairstream.com/airstreams-for-sale/pre-owned-inventory/" "Mozilla/5.0 (iPad; CPU OS 9_3_5 like Mac OS X) AppleWebKit/601.1.46 (KHTML, like Gecko) Version/9.0 Mobile/13G36 Safari/601.1"
66.87.68.52 - - [30/May/2018:11:56:02 +0000] "GET /airstreams-for-sale/pre-owned-inventory/ HTTP/1.0" 200 23788 "http://www.google.com/" "Mozilla/5.0 (Linux; Android 6.0.1; SM-N910P Build/MMB29M) AppleWebKit/537.36 (KHTML, like Gecko) Chrome/66.0.3359.158 Mobile Safari/537.36"
71.121.148.12 - - [30/May/2018:11:56:06 +0000] "GET /airstreams-for-sale/ HTTP/1.0" 302 93537 "-" "Mozilla/5.0 (iPad; CPU OS 9_3_5 like Mac OS X) AppleWebKit/601.1.46 (KHTML, like Gecko) Version/9.0 Mobile/13G36 Safari/601.1"
71.121.148.12 - - [30/May/2018:11:56:07 +0000] "GET /?s= HTTP/1.0" 200 19240 "-" "Mozilla/5.0 (iPad; CPU OS 9_3_5 like Mac OS X) AppleWebKit/601.1.46 (KHTML, like Gecko) Version/9.0 Mobile/13G36 Safari/601.1"
66.87.68.52 - - [30/May/2018:11:56:09 +0000] "POST /?wc-ajax=get_refreshed_fragments HTTP/1.0" 200 588 "https://www.colonialairstream.com/airstreams-for-sale/pre-owned-inventory/" "Mozilla/5.0 (Linux; Android 6.0.1; SM-N910P Build/MMB29M) AppleWebKit/537.36 (KHTML, like Gecko) Chrome/66.0.3359.158 Mobile Safari/537.36"
66.87.68.52 - - [30/May/2018:11:56:20 +0000] "GET /product/2008-airstream-international-signature-16j-bambi/ HTTP/1.0" 200 24941 "https://www.colonialairstream.com/airstreams-for-sale/pre-owned-inventory/" "Mozilla/5.0 (Linux; Android 6.0.1; SM-N910P Build/MMB29M) AppleWebKit/537.36 (KHTML, like Gecko) Chrome/66.0.3359.158 Mobile Safari/537.36"
207.46.13.118 - - [30/May/2018:11:56:33 +0000] "GET /newinventory.html HTTP/1.0" 301 - "-" "Mozilla/5.0 (iPhone; CPU iPhone OS 7_0 like Mac OS X) AppleWebKit/537.51.1 (KHTML, like Gecko) Version/7.0 Mobile/11A465 Safari/9537.53 (compatible; bingbot/2.0; +http://www.bing.com/bingbot.htm)"
71.138.161.180 - - [30/May/2018:11:57:02 +0000] "POST /?wc-ajax=get_refreshed_fragments HTTP/1.0" 200 588 "https://www.colonialairstream.com/airstreams-for-sale/pre-owned-inventory/" "Mozilla/5.0 (iPad; CPU OS 11_3 like Mac OS X) AppleWebKit/605.1.15 (KHTML, like Gecko) Version/11.0 Mobile/15E148 Safari/604.1"
66.87.68.52 - - [30/May/2018:11:57:05 +0000] "GET /product/2017-airstream-flying-cloud-25fbt-twin/ HTTP/1.0" 200 28754 "https://www.colonialairstream.com/airstreams-for-sale/pre-owned-inventory/" "Mozilla/5.0 (Linux; Android 6.0.1; SM-N910P Build/MMB29M) AppleWebKit/537.36 (KHTML, like Gecko) Chrome/66.0.3359.158 Mobile Safari/537.36"
96.243.107.239 - - [30/May/2018:11:57:16 +0000] "POST /?wc-ajax=get_refreshed_fragments HTTP/1.0" 200 588 "https://www.colonialairstream.com/product/2011-pleasure-way-plateau-ts/" "Mozilla/5.0 (Linux; Android 5.1.1; SAMSUNG SM-T900 Build/LMY47X) AppleWebKit/537.36 (KHTML, like Gecko) SamsungBrowser/6.4 Chrome/56.0.2924.87 Safari/537.36"
71.138.161.180 - - [30/May/2018:11:57:21 +0000] "GET /product/2008-airstream-international-signature-16j-bambi/ HTTP/1.0" 200 24941 "https://www.colonialairstream.com/airstreams-for-sale/pre-owned-inventory/" "Mozilla/5.0 (iPad; CPU OS 11_3 like Mac OS X) AppleWebKit/605.1.15 (KHTML, like Gecko) Version/11.0 Mobile/15E148 Safari/604.1"
96.243.107.239 - - [30/May/2018:11:58:06 +0000] "GET /product/2009-itasca-navion-24h/ HTTP/1.0" 200 28210 "https://www.colonialairstream.com/airstreams-for-sale/pre-owned-inventory/" "Mozilla/5.0 (Linux; Android 5.1.1; SAMSUNG SM-T900 Build/LMY47X) AppleWebKit/537.36 (KHTML, like Gecko) SamsungBrowser/6.4 Chrome/56.0.2924.87 Safari/537.36"
71.138.161.180 - - [30/May/2018:11:58:16 +0000] "GET /airstreams-for-sale/pre-owned-inventory/ HTTP/1.0" 200 23788 "https://www.google.com/" "Mozilla/5.0 (iPad; CPU OS 11_3 like Mac OS X) AppleWebKit/605.1.15 (KHTML, like Gecko) Version/11.0 Mobile/15E148 Safari/604.1"
104.196.249.209 - - [30/May/2018:11:58:17 +0000] "GET /inventory-cache/all_.html HTTP/1.0" 200 4248 "-" "-"
71.138.161.180 - - [30/May/2018:11:58:23 +0000] "GET /product/2014-airstream-sport-16j-bambi-2/ HTTP/1.0" 200 26749 "https://www.colonialairstream.com/airstreams-for-sale/pre-owned-inventory/" "Mozilla/5.0 (iPad; CPU OS 11_3 like Mac OS X) AppleWebKit/605.1.15 (KHTML, like Gecko) Version/11.0 Mobile/15E148 Safari/604.1"
159.221.32.10 - - [30/May/2018:11:58:51 +0000] "POST /?wc-ajax=get_refreshed_fragments HTTP/1.0" 200 588 "https://www.colonialairstream.com/" "Mozilla/5.0 (Windows NT 6.3; WOW64; Trident/7.0; Touch; rv:11.0) like Gecko"
71.138.161.180 - - [30/May/2018:11:59:01 +0000] "GET /product/2016-airstream-flying-cloud-19c-bambi/ HTTP/1.0" 200 27559 "https://www.colonialairstream.com/airstreams-for-sale/pre-owned-inventory/" "Mozilla/5.0 (iPad; CPU OS 11_3 like Mac OS X) AppleWebKit/605.1.15 (KHTML, like Gecko) Version/11.0 Mobile/15E148 Safari/604.1"
71.121.148.12 - - [30/May/2018:11:59:16 +0000] "GET /product/2018-airstream-flying-cloud-25fbq-queen-10/ HTTP/1.0" 200 29080 "https://www.colonialairstream.com/airstreams-for-sale/new-inventory/" "Mozilla/5.0 (iPad; CPU OS 9_3_5 like Mac OS X) AppleWebKit/601.1.46 (KHTML, like Gecko) Version/9.0 Mobile/13G36 Safari/601.1"
217.73.208.155 - - [30/May/2018:11:59:39 +0000] "GET /2018-airstream/international-serenity-for-sale/11498/index.html HTTP/1.0" 404 60 "-" "istellabot/t.1.13"
69.242.83.50 - - [30/May/2018:12:00:13 +0000] "GET /airstreams-for-sale/pre-owned-inventory/?type=list&filter-by=used&sort-by=&status= HTTP/1.0" 200 23801 "https://www.colonialairstream.com/airstreams-for-sale/pre-owned-inventory/" "Mozilla/5.0 (iPad; CPU OS 11_3 like Mac OS X) AppleWebKit/605.1.15 (KHTML, like Gecko) Version/11.0 Mobile/15E148 Safari/604.1"
62.210.146.46 - - [30/May/2018:12:01:03 +0000] "GET /directions/ HTTP/1.0" 200 18262 "https://www.colonialairstream.com/" "Mozilla/5.0 (Windows NT 6.1; Win64; x64; rv:52.0) Gecko/20100101 Firefox/52.0"
62.210.146.46 - - [30/May/2018:12:01:05 +0000] "POST /xmlrpc.php HTTP/1.0" 200 183 "https://www.colonialairstream.com/" "PHP/7.3.38"
92.36.160.161 - - [30/May/2018:12:01:16 +0000] "GET /airstreams-for-sale/atlas-class-b-touring-coaches/ HTTP/1.0" 200 24991 "https://www.google.ba/" "Mozilla/5.0 (Windows NT 10.0; Win64; x64) AppleWebKit/537.36 (KHTML, like Gecko) Chrome/66.0.3359.181 Safari/537.36"
92.36.160.161 - - [30/May/2018:12:01:21 +0000] "POST /?wc-ajax=get_refreshed_fragments HTTP/1.0" 200 588 "https://www.colonialairstream.com/airstreams-for-sale/atlas-class-b-touring-coaches/" "Mozilla/5.0 (Windows NT 10.0; Win64; x64) AppleWebKit/537.36 (KHTML, like Gecko) Chrome/66.0.3359.181 Safari/537.36"
92.36.160.161 - - [30/May/2018:12:01:21 +0000] "POST /wp-admin/admin-ajax.php HTTP/1.0" 200 986 "https://www.colonialairstream.com/airstreams-for-sale/atlas-class-b-touring-coaches/" "Mozilla/5.0 (Windows NT 10.0; Win64; x64) AppleWebKit/537.36 (KHTML, like Gecko) Chrome/66.0.3359.181 Safari/537.36"
92.36.160.161 - - [30/May/2018:12:01:21 +0000] "POST /wp-admin/admin-ajax.php HTTP/1.0" 200 1196 "https://www.colonialairstream.com/airstreams-for-sale/atlas-class-b-touring-coaches/" "Mozilla/5.0 (Windows NT 10.0; Win64; x64) AppleWebKit/537.36 (KHTML, like Gecko) Chrome/66.0.3359.181 Safari/537.36"
71.138.161.180 - - [30/May/2018:12:02:07 +0000] "GET /product/2014-airstream-international-sterling-25fb-queen/ HTTP/1.0" 200 26968 "https://www.colonialairstream.com/airstreams-for-sale/pre-owned-inventory/" "Mozilla/5.0 (iPad; CPU OS 11_3 like Mac OS X) AppleWebKit/605.1.15 (KHTML, like Gecko) Version/11.0 Mobile/15E148 Safari/604.1"
92.36.160.161 - - [30/May/2018:12:02:09 +0000] "GET /airstreams-for-sale/new-inventory/ HTTP/1.0" 200 35460 "https://www.colonialairstream.com/airstreams-for-sale/atlas-class-b-touring-coaches/" "Mozilla/5.0 (Windows NT 10.0; Win64; x64) AppleWebKit/537.36 (KHTML, like Gecko) Chrome/66.0.3359.181 Safari/537.36"
104.196.249.209 - - [30/May/2018:12:02:10 +0000] "GET /inventory-cache/25_.html HTTP/1.0" 200 11570 "-" "-"
104.196.249.209 - - [30/May/2018:12:02:10 +0000] "GET /inventory-cache/inbound_.html HTTP/1.0" 200 2367 "-" "-"
99.203.31.58 - - [30/May/2018:12:02:43 +0000] "GET /airstreams-for-sale/new-inventory/ HTTP/1.0" 200 35460 "http://www.google.com/" "Mozilla/5.0 (Linux; Android 6.0.1; LGLS676 Build/MXB48T) AppleWebKit/537.36 (KHTML, like Gecko) Chrome/53.0.2785.124 Mobile Safari/537.36"
173.244.217.54 - - [30/May/2018:12:02:54 +0000] "GET / HTTP/1.0" 200 27809 "https://www.google.com/" "Mozilla/5.0 (Windows NT 6.2; Win64; x64) AppleWebKit/537.36 (KHTML, like Gecko) Chrome/66.0.3359.181 Safari/537.36"
99.203.31.58 - - [30/May/2018:12:02:58 +0000] "POST /?wc-ajax=get_refreshed_fragments HTTP/1.0" 200 588 "https://www.colonialairstream.com/airstreams-for-sale/new-inventory/?gclid=EAIaIQobChMI2NLvgLKt2wIVQUCGCh1lxAeVEAAYAiAAEgKv6PD_BwE" "Mozilla/5.0 (Linux; Android 6.0.1; LGLS676 Build/MXB48T) AppleWebKit/537.36 (KHTML, like Gecko) Chrome/53.0.2785.124 Mobile Safari/537.36"
173.244.217.54 - - [30/May/2018:12:02:59 +0000] "POST /?wc-ajax=get_refreshed_fragments HTTP/1.0" 200 588 "https://www.colonialairstream.com/" "Mozilla/5.0 (Windows NT 6.2; Win64; x64) AppleWebKit/537.36 (KHTML, like Gecko) Chrome/66.0.3359.181 Safari/537.36"
207.46.13.236 - - [30/May/2018:12:03:01 +0000] "GET /privacy-policy/ HTTP/1.0" 200 18875 "-" "Mozilla/5.0 (compatible; bingbot/2.0; +http://www.bing.com/bingbot.htm)"
173.244.217.54 - - [30/May/2018:12:03:04 +0000] "GET /airstream-rv-trailers-motorhomes/parts/ HTTP/1.0" 200 22802 "https://www.colonialairstream.com/" "Mozilla/5.0 (Windows NT 6.2; Win64; x64) AppleWebKit/537.36 (KHTML, like Gecko) Chrome/66.0.3359.181 Safari/537.36"
99.203.31.58 - - [30/May/2018:12:03:40 +0000] "GET /product/2018-airstream-flying-cloud-25fbq-queen-8/ HTTP/1.0" 200 29182 "https://www.colonialairstream.com/airstreams-for-sale/new-inventory/?gclid=EAIaIQobChMI2NLvgLKt2wIVQUCGCh1lxAeVEAAYAiAAEgKv6PD_BwE" "Mozilla/5.0 (Linux; Android 6.0.1; LGLS676 Build/MXB48T) AppleWebKit/537.36 (KHTML, like Gecko) Chrome/53.0.2785.124 Mobile Safari/537.36"
66.249.79.157 - - [30/May/2018:12:03:40 +0000] "GET /airstreams-for-sale/airstream-sport/ HTTP/1.0" 200 24656 "-" "Mozilla/5.0 (Linux; Android 6.0.1; Nexus 5X Build/MMB29P) AppleWebKit/537.36 (KHTML, like Gecko) Chrome/41.0.2272.96 Mobile Safari/537.36 (compatible; Googlebot/2.1; +http://www.google.com/bot.html)"
207.46.13.236 - - [30/May/2018:12:03:44 +0000] "GET /product/2018-airstream-classic-33fbq-queen-9/ HTTP/1.0" 200 31426 "-" "Mozilla/5.0 (compatible; bingbot/2.0; +http://www.bing.com/bingbot.htm)"
71.138.161.180 - - [30/May/2018:12:03:56 +0000] "GET /product/2017-airstream-classic-30j-queen/ HTTP/1.0" 200 29063 "https://www.colonialairstream.com/airstreams-for-sale/pre-owned-inventory/" "Mozilla/5.0 (iPad; CPU OS 11_3 like Mac OS X) AppleWebKit/605.1.15 (KHTML, like Gecko) Version/11.0 Mobile/15E148 Safari/604.1"
207.46.13.122 - - [30/May/2018:12:04:21 +0000] "GET /used-airstreams-airstream-travel-trailers.html HTTP/1.0" 301 - "-" "Mozilla/5.0 (compatible; bingbot/2.0; +http://www.bing.com/bingbot.htm)"
71.121.148.12 - - [30/May/2018:12:04:25 +0000] "POST /?wc-ajax=get_refreshed_fragments HTTP/1.0" 200 588 "https://www.colonialairstream.com/product/2018-airstream-flying-cloud-25fbq-queen-10/#11723" "Mozilla/5.0 (iPad; CPU OS 9_3_5 like Mac OS X) AppleWebKit/601.1.46 (KHTML, like Gecko) Version/9.0 Mobile/13G36 Safari/601.1"
207.46.13.236 - - [30/May/2018:12:04:42 +0000] "GET /product/2018-airstream-international-serenity-30rbt-twin-6/ HTTP/1.0" 200 29043 "-" "Mozilla/5.0 (compatible; bingbot/2.0; +http://www.bing.com/bingbot.htm)"
76.24.90.112 - - [30/May/2018:12:04:49 +0000] "GET /airstreams-for-sale/pre-owned-inventory/ HTTP/1.0" 200 23788 "-" "Mozilla/5.0 (Macintosh; Intel Mac OS X 10_13_4) AppleWebKit/605.1.15 (KHTML, like Gecko)"
171.159.194.11 - - [30/May/2018:12:05:01 +0000] "GET /airstream-rv-trailers-motorhomes/hitches/ HTTP/1.0" 200 22581 "https://www.bing.com/" "Mozilla/5.0 (Windows NT 6.1; WOW64; Trident/7.0; rv:11.0) like Gecko"
171.159.194.11 - - [30/May/2018:12:05:05 +0000] "POST /?wc-ajax=get_refreshed_fragments HTTP/1.0" 200 588 "https://www.colonialairstream.com/airstream-rv-trailers-motorhomes/hitches/" "Mozilla/5.0 (Windows NT 6.1; WOW64; Trident/7.0; rv:11.0) like Gecko"
207.46.13.184 - - [30/May/2018:12:09:13 +0000] "GET /product/2018-airstream-flying-cloud-26rbt-twin-6/ HTTP/1.0" 200 29024 "-" "Mozilla/5.0 (compatible; bingbot/2.0; +http://www.bing.com/bingbot.htm)"
96.243.107.239 - - [30/May/2018:12:09:49 +0000] "GET /product/2018-airstream-international-signature-27fbq-queen-2/ HTTP/1.0" 200 28743 "https://www.colonialairstream.com/airstreams-for-sale/new-inventory/" "Mozilla/5.0 (Linux; Android 5.1.1; SAMSUNG SM-T900 Build/LMY47X) AppleWebKit/537.36 (KHTML, like Gecko) SamsungBrowser/6.4 Chrome/56.0.2924.87 Safari/537.36"
73.224.82.105 - - [30/May/2018:12:09:54 +0000] "GET /airstreams-for-sale/new-inventory/ HTTP/1.0" 200 35460 "https://www.google.com/" "Mozilla/5.0 (iPad; CPU OS 10_3_3 like Mac OS X) AppleWebKit/603.3.8 (KHTML, like Gecko) Version/10.0 Mobile/14G60 Safari/602.1"
73.224.82.105 - - [30/May/2018:12:10:00 +0000] "POST /?wc-ajax=get_refreshed_fragments HTTP/1.0" 200 588 "https://www.colonialairstream.com/airstreams-for-sale/new-inventory/?gclid=EAIaIQobChMI7-i2wLOt2wIVleNkCh3JSgmdEAAYAiAAEgI2kPD_BwE" "Mozilla/5.0 (iPad; CPU OS 10_3_3 like Mac OS X) AppleWebKit/603.3.8 (KHTML, like Gecko) Version/10.0 Mobile/14G60 Safari/602.1"
207.46.13.122 - - [30/May/2018:12:10:24 +0000] "GET /2018-airstream/classic/11462/index.html HTTP/1.0" 404 60 "-" "Mozilla/5.0 (compatible; bingbot/2.0; +http://www.bing.com/bingbot.htm)"
207.46.13.130 - - [30/May/2018:12:10:29 +0000] "GET /2015-airstream/flying-cloud-for-sale/10280/index.html HTTP/1.0" 404 60 "-" "Mozilla/5.0 (compatible; bingbot/2.0; +http://www.bing.com/bingbot.htm)"
207.46.13.184 - - [30/May/2018:12:10:33 +0000] "GET /product/2017-airstream-flying-cloud-25fbt-twin/ HTTP/1.0" 200 29358 "-" "Mozilla/5.0 (compatible; bingbot/2.0; +http://www.bing.com/bingbot.htm)"
73.224.82.105 - - [30/May/2018:12:10:37 +0000] "GET /product/2018-airstream-tommy-bahama-27fbq-queen-3/ HTTP/1.0" 200 24893 "https://www.colonialairstream.com/airstreams-for-sale/new-inventory/?gclid=EAIaIQobChMI7-i2wLOt2wIVleNkCh3JSgmdEAAYAiAAEgI2kPD_BwE" "Mozilla/5.0 (iPad; CPU OS 10_3_3 like Mac OS X) AppleWebKit/603.3.8 (KHTML, like Gecko) Version/10.0 Mobile/14G60 Safari/602.1"
207.46.13.184 - - [30/May/2018:12:10:55 +0000] "GET /airstream-rv-trailers-motorhomes/solar-panels/ HTTP/1.0" 200 20577 "-" "Mozilla/5.0 (compatible; bingbot/2.0; +http://www.bing.com/bingbot.htm)"
174.235.6.209 - - [30/May/2018:12:11:07 +0000] "GET /airstreams-for-sale/pre-owned-inventory/ HTTP/1.0" 200 23788 "https://www.google.com/" "Mozilla/5.0 (iPhone; CPU iPhone OS 11_3 like Mac OS X) AppleWebKit/605.1.15 (KHTML, like Gecko) Version/11.0 Mobile/15E148 Safari/604.1"
104.196.249.209 - - [30/May/2018:12:11:08 +0000] "GET /inventory-cache/all_.html HTTP/1.0" 200 4248 "-" "-"
174.235.6.209 - - [30/May/2018:12:11:09 +0000] "POST /?wc-ajax=get_refreshed_fragments HTTP/1.0" 200 588 "https://www.colonialairstream.com/airstreams-for-sale/pre-owned-inventory/" "Mozilla/5.0 (iPhone; CPU iPhone OS 11_3 like Mac OS X) AppleWebKit/605.1.15 (KHTML, like Gecko) Version/11.0 Mobile/15E148 Safari/604.1"
96.243.107.239 - - [30/May/2018:12:11:24 +0000] "GET /product/2018-airstream-classic-30rbq-queen-3/ HTTP/1.0" 200 30935 "https://www.colonialairstream.com/airstreams-for-sale/new-inventory/" "Mozilla/5.0 (Linux; Android 5.1.1; SAMSUNG SM-T900 Build/LMY47X) AppleWebKit/537.36 (KHTML, like Gecko) SamsungBrowser/6.4 Chrome/56.0.2924.87 Safari/537.36"
207.46.13.184 - - [30/May/2018:12:11:30 +0000] "GET /product/2013-airstream-flying-cloud-28w-queen-2/ HTTP/1.0" 200 26208 "-" "Mozilla/5.0 (compatible; bingbot/2.0; +http://www.bing.com/bingbot.htm)"
174.235.6.209 - - [30/May/2018:12:11:32 +0000] "GET /airstreams-for-sale/pre-owned-inventory/?type=list&filter-by=-1&sort-by=year&status= HTTP/1.0" 200 23816 "https://www.colonialairstream.com/airstreams-for-sale/pre-owned-inventory/" "Mozilla/5.0 (iPhone; CPU iPhone OS 11_3 like Mac OS X) AppleWebKit/605.1.15 (KHTML, like Gecko) Version/11.0 Mobile/15E148 Safari/604.1"
96.240.23.64 - - [30/May/2018:12:11:46 +0000] "GET / HTTP/1.0" 200 27809 "-" "Mozilla/5.0 (Linux; Android 7.0; LG-LS777 Build/NRD90U) AppleWebKit/537.36 (KHTML, like Gecko) Chrome/66.0.3359.158 Mobile Safari/537.36"
96.11.79.82 - - [30/May/2018:12:11:48 +0000] "POST /?wc-ajax=get_refreshed_fragments HTTP/1.0" 200 588 "https://www.colonialairstream.com/" "Mozilla/5.0 (Windows NT 6.1; WOW64; Trident/7.0; rv:11.0) like Gecko"
96.11.79.82 - - [30/May/2018:12:11:53 +0000] "GET /directions/ HTTP/1.0" 200 18262 "https://www.colonialairstream.com/" "Mozilla/5.0 (Windows NT 6.1; WOW64; Trident/7.0; rv:11.0) like Gecko"
67.246.134.217 - - [30/May/2018:12:12:09 +0000] "GET /used-airstreams-airstream-travel-trailers.html HTTP/1.0" 301 - "-" "Mozilla/5.0 (Linux; Android 5.0; RCT6303W87DK Build/LRX21M) AppleWebKit/537.36 (KHTML, like Gecko) Chrome/65.0.3325.109 Safari/537.36"
207.46.13.184 - - [30/May/2018:12:13:30 +0000] "GET /product/2018-airstream-international-serenity-30rbq-queen-4/ HTTP/1.0" 200 29083 "-" "Mozilla/5.0 (compatible; bingbot/2.0; +http://www.bing.com/bingbot.htm)"
173.213.212.234 - - [30/May/2018:12:13:31 +0000] "POST /?wc-ajax=get_refreshed_fragments HTTP/1.0" 200 588 "https://www.colonialairstream.com/airstreams-for-sale/pre-owned-inventory/" "Mozilla/5.0 (Macintosh; Intel Mac OS X 10_12_6) AppleWebKit/537.36 (KHTML, like Gecko) Chrome/65.0.3325.146 Safari/537.36"
173.213.212.234 - - [30/May/2018:12:13:37 +0000] "GET /product/2014-airstream-sport-16j-bambi-2/ HTTP/1.0" 200 27301 "https://www.colonialairstream.com/airstreams-for-sale/pre-owned-inventory/" "Mozilla/5.0 (Macintosh; Intel Mac OS X 10_12_6) AppleWebKit/537.36 (KHTML, like Gecko) Chrome/65.0.3325.146 Safari/537.36"
207.46.13.130 - - [30/May/2018:12:13:50 +0000] "GET /product/2018-airstream-flying-cloud-30fb-bunk-7/ HTTP/1.0" 200 29500 "-" "Mozilla/5.0 (compatible; bingbot/2.0; +http://www.bing.com/bingbot.htm)"
173.213.212.234 - - [30/May/2018:12:13:53 +0000] "GET /product/2016-airstream-interstate-ext-grand-tour/ HTTP/1.0" 200 28543 "https://www.colonialairstream.com/airstreams-for-sale/pre-owned-inventory/" "Mozilla/5.0 (Macintosh; Intel Mac OS X 10_12_6) AppleWebKit/537.36 (KHTML, like Gecko) Chrome/65.0.3325.146 Safari/537.36"
173.213.212.234 - - [30/May/2018:12:14:06 +0000] "GET /product/2005-dutchmen-dorado-24bbf/ HTTP/1.0" 200 26239 "https://www.colonialairstream.com/airstreams-for-sale/pre-owned-inventory/" "Mozilla/5.0 (Macintosh; Intel Mac OS X 10_12_6) AppleWebKit/537.36 (KHTML, like Gecko) Chrome/65.0.3325.146 Safari/537.36"
173.213.212.234 - - [30/May/2018:12:14:27 +0000] "GET /product/2009-itasca-navion-24h/ HTTP/1.0" 200 28765 "https://www.colonialairstream.com/airstreams-for-sale/pre-owned-inventory/" "Mozilla/5.0 (Macintosh; Intel Mac OS X 10_12_6) AppleWebKit/537.36 (KHTML, like Gecko) Chrome/65.0.3325.146 Safari/537.36"
67.246.134.217 - - [30/May/2018:12:14:30 +0000] "POST /?wc-ajax=get_refreshed_fragments HTTP/1.0" 200 588 "https://www.colonialairstream.com/airstreams-for-sale/pre-owned-inventory/" "Mozilla/5.0 (Linux; Android 5.0; RCT6303W87DK Build/LRX21M) AppleWebKit/537.36 (KHTML, like Gecko) Chrome/65.0.3325.109 Safari/537.36"
23.249.106.34 - - [30/May/2018:12:15:00 +0000] "GET /airstreams-trailers-inventory.html HTTP/1.0" 301 - "https://search.yahoo.com/" "Mozilla/5.0 (Windows NT 10.0; Win64; x64) AppleWebKit/537.36 (KHTML, like Gecko) Chrome/66.0.3359.181 Safari/537.36"
23.249.106.34 - - [30/May/2018:12:15:01 +0000] "GET /airstreams-for-sale/new-inventory/ HTTP/1.0" 200 35460 "https://search.yahoo.com/" "Mozilla/5.0 (Windows NT 10.0; Win64; x64) AppleWebKit/537.36 (KHTML, like Gecko) Chrome/66.0.3359.181 Safari/537.36"
104.196.249.209 - - [30/May/2018:12:15:02 +0000] "GET /inventory-cache/25_.html HTTP/1.0" 200 11570 "-" "-"
104.196.249.209 - - [30/May/2018:12:15:02 +0000] "GET /inventory-cache/inbound_.html HTTP/1.0" 200 2367 "-" "-"
70.123.137.59 - - [30/May/2018:12:15:04 +0000] "POST /?wc-ajax=get_refreshed_fragments HTTP/1.0" 200 588 "https://www.colonialairstream.com/airstreams-for-sale/new-inventory/?gclid=EAIaIQobChMIzuvb3LOt2wIVGLfICh1BCQ-GEAEYASAAEgJ6wfD_BwE" "Mozilla/5.0 (Windows NT 6.2; Win64; x64) AppleWebKit/537.36 (KHTML, like Gecko) Chrome/66.0.3359.181 Safari/537.36"
23.249.106.34 - - [30/May/2018:12:15:05 +0000] "POST /?wc-ajax=get_refreshed_fragments HTTP/1.0" 200 588 "https://www.colonialairstream.com/airstreams-for-sale/new-inventory/" "Mozilla/5.0 (Windows NT 10.0; Win64; x64) AppleWebKit/537.36 (KHTML, like Gecko) Chrome/66.0.3359.181 Safari/537.36"
173.213.212.234 - - [30/May/2018:12:15:07 +0000] "GET /product/2011-pleasure-way-plateau-ts/ HTTP/1.0" 200 24552 "https://www.colonialairstream.com/airstreams-for-sale/pre-owned-inventory/" "Mozilla/5.0 (Macintosh; Intel Mac OS X 10_12_6) AppleWebKit/537.36 (KHTML, like Gecko) Chrome/65.0.3325.146 Safari/537.36"
67.246.134.217 - - [30/May/2018:12:15:11 +0000] "GET /product/2018-winnebago-sunstar-29ve/ HTTP/1.0" 200 26733 "https://www.colonialairstream.com/airstreams-for-sale/pre-owned-inventory/" "Mozilla/5.0 (Linux; Android 5.0; RCT6303W87DK Build/LRX21M) AppleWebKit/537.36 (KHTML, like Gecko) Chrome/65.0.3325.109 Safari/537.36"
174.228.128.232 - - [30/May/2018:12:15:30 +0000] "POST /?wc-ajax=get_refreshed_fragments HTTP/1.0" 200 588 "https://www.colonialairstream.com/airstreams-for-sale/pre-owned-inventory/" "Mozilla/5.0 (Linux; Android 7.0; SM-G930V Build/NRD90M) AppleWebKit/537.36 (KHTML, like Gecko) Chrome/66.0.3359.158 Mobile Safari/537.36"
173.213.212.234 - - [30/May/2018:12:15:35 +0000] "GET /airstreams-for-sale/pre-owned-inventory/ HTTP/1.0" 200 23788 "https://www.colonialrv.com/" "Mozilla/5.0 (Macintosh; Intel Mac OS X 10_12_6) AppleWebKit/537.36 (KHTML, like Gecko) Chrome/65.0.3325.146 Safari/537.36"
70.123.137.59 - - [30/May/2018:12:15:39 +0000] "GET /product/2018-airstream-basecamp-16nb-15/ HTTP/1.0" 200 27248 "https://www.colonialairstream.com/airstreams-for-sale/new-inventory/?gclid=EAIaIQobChMIzuvb3LOt2wIVGLfICh1BCQ-GEAEYASAAEgJ6wfD_BwE" "Mozilla/5.0 (Windows NT 6.2; Win64; x64) AppleWebKit/537.36 (KHTML, like Gecko) Chrome/66.0.3359.181 Safari/537.36"
173.213.212.234 - - [30/May/2018:12:15:48 +0000] "GET /product/2018-airstream-interstate-tommy-bahama-grand-tour-ext-3/ HTTP/1.0" 200 30413 "https://www.colonialairstream.com/airstreams-for-sale/pre-owned-inventory/" "Mozilla/5.0 (Macintosh; Intel Mac OS X 10_12_6) AppleWebKit/537.36 (KHTML, like Gecko) Chrome/65.0.3325.146 Safari/537.36"
174.228.128.232 - - [30/May/2018:12:15:59 +0000] "GET /product/2017-airstream-classic-30j-queen/ HTTP/1.0" 200 29063 "https://www.colonialairstream.com/airstreams-for-sale/pre-owned-inventory/" "Mozilla/5.0 (Linux; Android 7.0; SM-G930V Build/NRD90M) AppleWebKit/537.36 (KHTML, like Gecko) Chrome/66.0.3359.158 Mobile Safari/537.36"
207.46.13.130 - - [30/May/2018:12:16:25 +0000] "GET /downloads-brochures/ HTTP/1.0" 200 19377 "-" "Mozilla/5.0 (compatible; bingbot/2.0; +http://www.bing.com/bingbot.htm)"
159.203.173.101 - - [30/May/2018:12:16:33 +0000] "GET / HTTP/1.0" 200 27809 "" "Mozilla/5.0 (compatible; YandexWebmaster/2.0; +http://yandex.com/bots)"
70.123.137.59 - - [30/May/2018:12:16:40 +0000] "GET /product/2018-airstream-atlas-24ms-murphy-suite/ HTTP/1.0" 200 28868 "https://www.colonialairstream.com/airstreams-for-sale/new-inventory/?gclid=EAIaIQobChMIzuvb3LOt2wIVGLfICh1BCQ-GEAEYASAAEgJ6wfD_BwE" "Mozilla/5.0 (Windows NT 6.2; Win64; x64) AppleWebKit/537.36 (KHTML, like Gecko) Chrome/66.0.3359.181 Safari/537.36"
70.123.137.59 - - [30/May/2018:12:17:11 +0000] "GET /product/2018-airstream-classic-30rbq-queen-6/ HTTP/1.0" 200 34132 "https://www.colonialairstream.com/airstreams-for-sale/new-inventory/?gclid=EAIaIQobChMIzuvb3LOt2wIVGLfICh1BCQ-GEAEYASAAEgJ6wfD_BwE" "Mozilla/5.0 (Windows NT 6.2; Win64; x64) AppleWebKit/537.36 (KHTML, like Gecko) Chrome/66.0.3359.181 Safari/537.36"
64.20.192.34 - - [30/May/2018:12:17:19 +0000] "POST /?wc-ajax=get_refreshed_fragments HTTP/1.0" 200 588 "https://www.colonialairstream.com/airstreams-for-sale/pre-owned-inventory/" "Mozilla/5.0 (Windows NT 6.1; rv:60.0) Gecko/20100101 Firefox/60.0"
174.192.19.27 - - [30/May/2018:12:17:42 +0000] "POST /?wc-ajax=get_refreshed_fragments HTTP/1.0" 200 588 "https://www.colonialairstream.com/" "Mozilla/5.0 (Linux; Android 7.0; SM-G930V Build/NRD90M) AppleWebKit/537.36 (KHTML, like Gecko) Chrome/66.0.3359.158 Mobile Safari/537.36"
64.20.192.34 - - [30/May/2018:12:17:45 +0000] "GET /product/2014-airstream-sport-16j-bambi-4/ HTTP/1.0" 200 26792 "https://www.colonialairstream.com/airstreams-for-sale/pre-owned-inventory/" "Mozilla/5.0 (Windows NT 6.1; rv:60.0) Gecko/20100101 Firefox/60.0"
68.114.49.161 - - [30/May/2018:12:18:32 +0000] "GET /inventory_directory.html HTTP/1.0" 301 - "https://www.msn.com/" "Mozilla/5.0 (Windows NT 6.1; Win64; x64) AppleWebKit/537.36 (KHTML, like Gecko) Chrome/66.0.3359.181 Safari/537.36"
68.114.49.161 - - [30/May/2018:12:18:32 +0000] "GET /airstreams-for-sale/inventory-directory/ HTTP/1.0" 200 17798 "https://www.msn.com/" "Mozilla/5.0 (Windows NT 6.1; Win64; x64) AppleWebKit/537.36 (KHTML, like Gecko) Chrome/66.0.3359.181 Safari/537.36"
68.114.49.161 - - [30/May/2018:12:18:35 +0000] "POST /?wc-ajax=get_refreshed_fragments HTTP/1.0" 200 588 "https://www.colonialairstream.com/airstreams-for-sale/inventory-directory/" "Mozilla/5.0 (Windows NT 6.1; Win64; x64) AppleWebKit/537.36 (KHTML, like Gecko) Chrome/66.0.3359.181 Safari/537.36"
64.20.192.34 - - [30/May/2018:12:18:45 +0000] "POST /?wc-ajax=get_refreshed_fragments HTTP/1.0" 200 588 "https://www.colonialairstream.com/airstreams-for-sale/pre-owned-inventory/" "Mozilla/5.0 (Windows NT 6.1; rv:60.0) Gecko/20100101 Firefox/60.0"
68.194.183.248 - - [30/May/2018:12:18:45 +0000] "GET /airstreams-for-sale/new-inventory/ HTTP/1.0" 200 35460 "https://www.google.com/" "Mozilla/5.0 (iPhone; CPU iPhone OS 11_3 like Mac OS X) AppleWebKit/605.1.15 (KHTML, like Gecko) Version/11.0 Mobile/15E148 Safari/604.1"
64.20.192.34 - - [30/May/2018:12:18:48 +0000] "GET /product/2008-airstream-international-signature-16j-bambi/ HTTP/1.0" 200 25499 "https://www.colonialairstream.com/airstreams-for-sale/pre-owned-inventory/" "Mozilla/5.0 (Windows NT 6.1; rv:60.0) Gecko/20100101 Firefox/60.0"
68.194.183.248 - - [30/May/2018:12:18:50 +0000] "POST /?wc-ajax=get_refreshed_fragments HTTP/1.0" 200 588 "https://www.colonialairstream.com/airstreams-for-sale/new-inventory/?gclid=EAIaIQobChMIxo3uwrWt2wIVQyaGCh0lwQ_uEAAYBCAAEgJGrvD_BwE" "Mozilla/5.0 (iPhone; CPU iPhone OS 11_3 like Mac OS X) AppleWebKit/605.1.15 (KHTML, like Gecko) Version/11.0 Mobile/15E148 Safari/604.1"
64.20.192.34 - - [30/May/2018:12:18:55 +0000] "POST /?wc-ajax=get_refreshed_fragments HTTP/1.0" 200 588 "https://www.colonialairstream.com/airstreams-for-sale/pre-owned-inventory/" "Mozilla/5.0 (Windows NT 6.1; rv:60.0) Gecko/20100101 Firefox/60.0"
64.20.192.34 - - [30/May/2018:12:19:04 +0000] "GET /product/2016-airstream-international-serenity-23fb-queen/ HTTP/1.0" 200 29126 "https://www.colonialairstream.com/airstreams-for-sale/pre-owned-inventory/" "Mozilla/5.0 (Windows NT 6.1; rv:60.0) Gecko/20100101 Firefox/60.0"
70.123.137.59 - - [30/May/2018:12:19:09 +0000] "GET /product/2018-airstream-flying-cloud-23fbq-queen-2/ HTTP/1.0" 200 29320 "https://www.colonialairstream.com/airstreams-for-sale/new-inventory/?gclid=EAIaIQobChMIzuvb3LOt2wIVGLfICh1BCQ-GEAEYASAAEgJ6wfD_BwE" "Mozilla/5.0 (Windows NT 6.2; Win64; x64) AppleWebKit/537.36 (KHTML, like Gecko) Chrome/66.0.3359.181 Safari/537.36"
99.203.28.100 - - [30/May/2018:12:19:36 +0000] "POST /?wc-ajax=get_refreshed_fragments HTTP/1.0" 200 588 "https://www.colonialairstream.com/airstreams-for-sale/pre-owned-inventory/" "Mozilla/5.0 (Linux; Android 8.0.0; SM-G950U Build/R16NW) AppleWebKit/537.36 (KHTML, like Gecko) Chrome/66.0.3359.158 Mobile Safari/537.36"
99.203.28.100 - - [30/May/2018:12:19:42 +0000] "GET /airstreams-for-sale/pre-owned-inventory/?type=list&filter-by=used&sort-by=&status= HTTP/1.0" 200 23801 "https://www.colonialairstream.com/airstreams-for-sale/pre-owned-inventory/" "Mozilla/5.0 (Linux; Android 8.0.0; SM-G950U Build/R16NW) AppleWebKit/537.36 (KHTML, like Gecko) Chrome/66.0.3359.158 Mobile Safari/537.36"
99.203.28.100 - - [30/May/2018:12:20:13 +0000] "GET /airstreams-for-sale/pre-owned-inventory/?type=list&filter-by=used&sort-by=&status=instock HTTP/1.0" 200 23752 "https://www.colonialairstream.com/airstreams-for-sale/pre-owned-inventory/?type=list&filter-by=used&sort-by=&status=" "Mozilla/5.0 (Linux; Android 8.0.0; SM-G950U Build/R16NW) AppleWebKit/537.36 (KHTML, like Gecko) Chrome/66.0.3359.158 Mobile Safari/537.36"
104.196.249.209 - - [30/May/2018:12:20:14 +0000] "GET /inventory-cache/all_instock.html HTTP/1.0" 200 4248 "-" "-"
68.194.183.248 - - [30/May/2018:12:20:14 +0000] "GET /product/2014-airstream-sport-16j-bambi-4/ HTTP/1.0" 200 26222 "https://www.colonialairstream.com/airstreams-for-sale/pre-owned-inventory/" "Mozilla/5.0 (iPhone; CPU iPhone OS 11_3 like Mac OS X) AppleWebKit/605.1.15 (KHTML, like Gecko) Version/11.0 Mobile/15E148 Safari/604.1"
108.20.73.154 - - [30/May/2018:12:20:26 +0000] "GET / HTTP/1.0" 200 27809 "-" "Mozilla/5.0 (iPad; CPU OS 11_3 like Mac OS X) AppleWebKit/605.1.15 (KHTML, like Gecko) Version/11.0 Mobile/15E148 Safari/604.1"
99.203.28.100 - - [30/May/2018:12:21:09 +0000] "GET /airstreams-for-sale/pre-owned-inventory/ HTTP/1.0" 200 23788 "https://www.google.com/" "Mozilla/5.0 (Linux; Android 8.0.0; SM-G950U Build/R16NW) AppleWebKit/537.36 (KHTML, like Gecko) Chrome/66.0.3359.158 Mobile Safari/537.36"
104.196.249.209 - - [30/May/2018:12:21:10 +0000] "GET /inventory-cache/all_.html HTTP/1.0" 200 4248 "-" "-"
68.194.183.248 - - [30/May/2018:12:21:15 +0000] "GET /product/2014-airstream-sport-16j-bambi-2/ HTTP/1.0" 200 26749 "https://www.colonialairstream.com/airstreams-for-sale/pre-owned-inventory/" "Mozilla/5.0 (iPhone; CPU iPhone OS 11_3 like Mac OS X) AppleWebKit/605.1.15 (KHTML, like Gecko) Version/11.0 Mobile/15E148 Safari/604.1"
211.216.61.33 - - [30/May/2018:12:21:35 +0000] "GET /product/2017-airstream-sport-22fb-bambi-2/ HTTP/1.0" 200 24078 "https://www.colonialairstream.com/page/2/?s=bambi" "Mozilla/5.0 (Linux; Android 7.0; SAMSUNG SM-G935S Build/NRD90M) AppleWebKit/537.36 (KHTML, like Gecko) SamsungBrowser/6.4 Chrome/56.0.2924.87 Mobile Safari/537.36"
68.194.183.248 - - [30/May/2018:12:21:35 +0000] "GET /product/2008-airstream-international-signature-16j-bambi/ HTTP/1.0" 200 24941 "https://www.colonialairstream.com/airstreams-for-sale/pre-owned-inventory/" "Mozilla/5.0 (iPhone; CPU iPhone OS 11_3 like Mac OS X) AppleWebKit/605.1.15 (KHTML, like Gecko) Version/11.0 Mobile/15E148 Safari/604.1"
211.216.61.33 - - [30/May/2018:12:21:48 +0000] "GET /product/2016-airstream-sport-16j-bambi/ HTTP/1.0" 200 26596 "https://www.colonialairstream.com/page/2/?s=bambi" "Mozilla/5.0 (Linux; Android 7.0; SAMSUNG SM-G935S Build/NRD90M) AppleWebKit/537.36 (KHTML, like Gecko) SamsungBrowser/6.4 Chrome/56.0.2924.87 Mobile Safari/537.36"
204.79.180.19 - - [30/May/2018:12:21:57 +0000] "GET /airstreams-for-sale/international-serenity/ HTTP/1.0" 200 25109 "-" "Mozilla/5.0 (compatible; MSIE 9.0; Windows NT 6.1; Trident/5.0;  Trident/5.0)"
68.194.183.248 - - [30/May/2018:12:22:03 +0000] "GET /product/2015-airstream-flying-cloud-25a-twin/ HTTP/1.0" 200 25604 "https://www.colonialairstream.com/airstreams-for-sale/pre-owned-inventory/" "Mozilla/5.0 (iPhone; CPU iPhone OS 11_3 like Mac OS X) AppleWebKit/605.1.15 (KHTML, like Gecko) Version/11.0 Mobile/15E148 Safari/604.1"
54.36.149.41 - - [30/May/2018:12:22:26 +0000] "GET /product/2018-airstream-classic-30rbq-queen-5/ HTTP/1.0" 200 33209 "-" "Mozilla/5.0 (compatible; AhrefsBot/5.2; +http://ahrefs.com/robot/)"
104.178.56.97 - - [30/May/2018:12:22:38 +0000] "GET /airstreams-for-sale/new-inventory/ HTTP/1.0" 200 35460 "-" "Mozilla/5.0 (iPad; CPU OS 11_3 like Mac OS X) AppleWebKit/605.1.15 (KHTML, like Gecko) Mobile/15E302 [FBAN/FBIOS;FBAV/173.0.0.65.96;FBBV/109978100;FBDV/iPad6,11;FBMD/iPad;FBSN/iOS;FBSV/11.3.1;FBSS/2;FBCR/;FBID/tablet;FBLC/en_US;FBOP/5;FBRV/0]"
104.178.56.97 - - [30/May/2018:12:22:42 +0000] "POST /?wc-ajax=get_refreshed_fragments HTTP/1.0" 200 588 "https://www.colonialairstream.com/airstreams-for-sale/new-inventory/" "Mozilla/5.0 (iPad; CPU OS 11_3 like Mac OS X) AppleWebKit/605.1.15 (KHTML, like Gecko) Mobile/15E302 [FBAN/FBIOS;FBAV/173.0.0.65.96;FBBV/109978100;FBDV/iPad6,11;FBMD/iPad;FBSN/iOS;FBSV/11.3.1;FBSS/2;FBCR/;FBID/tablet;FBLC/en_US;FBOP/5;FBRV/0]"
211.216.61.33 - - [30/May/2018:12:22:44 +0000] "GET /product/2016-airstream-sport-22fb-bambi/ HTTP/1.0" 200 26552 "https://www.colonialairstream.com/page/2/?s=bambi" "Mozilla/5.0 (Linux; Android 7.0; SAMSUNG SM-G935S Build/NRD90M) AppleWebKit/537.36 (KHTML, like Gecko) SamsungBrowser/6.4 Chrome/56.0.2924.87 Mobile Safari/537.36"
207.46.13.184 - - [30/May/2018:12:22:46 +0000] "GET /product/2018-airstream-atlas-249/ HTTP/1.0" 200 22121 "-" "Mozilla/5.0 (compatible; bingbot/2.0; +http://www.bing.com/bingbot.htm)"
68.194.183.248 - - [30/May/2018:12:22:54 +0000] "GET /product/2016-airstream-international-serenity-23fb-queen/ HTTP/1.0" 200 28552 "https://www.colonialairstream.com/airstreams-for-sale/pre-owned-inventory/" "Mozilla/5.0 (iPhone; CPU iPhone OS 11_3 like Mac OS X) AppleWebKit/605.1.15 (KHTML, like Gecko) Version/11.0 Mobile/15E148 Safari/604.1"
